> Task :app:preBuild UP-TO-DATE
> Task :app:preDebugBuild UP-TO-DATE
> Task :app:mergeDebugNativeDebugMetadata NO-SOURCE
> Task :app:checkKotlinGradlePluginConfigurationErrors SKIPPED
> Task :jetoverlay:preBuild UP-TO-DATE
> Task :jetoverlay:preDebugBuild UP-TO-DATE
> Task :jetoverlay:writeDebugAarMetadata UP-TO-DATE
> Task :app:checkDebugAarMetadata UP-TO-DATE
> Task :app:generateDebugResValues UP-TO-DATE
> Task :jetoverlay:generateDebugResValues UP-TO-DATE
> Task :jetoverlay:generateDebugResources UP-TO-DATE
> Task :jetoverlay:packageDebugResources UP-TO-DATE
> Task :app:mapDebugSourceSetPaths UP-TO-DATE
> Task :app:generateDebugResources UP-TO-DATE
> Task :app:mergeDebugResources UP-TO-DATE
> Task :app:packageDebugResources UP-TO-DATE
> Task :app:parseDebugLocalResources UP-TO-DATE
> Task :app:createDebugCompatibleScreenManifests UP-TO-DATE
> Task :app:extractDeepLinksDebug UP-TO-DATE
> Task :jetoverlay:extractDeepLinksDebug UP-TO-DATE
> Task :jetoverlay:processDebugManifest UP-TO-DATE
> Task :app:processDebugMainManifest UP-TO-DATE
> Task :app:processDebugManifest UP-TO-DATE
> Task :app:processDebugManifestForPackage UP-TO-DATE
> Task :jetoverlay:compileDebugLibraryResources UP-TO-DATE
> Task :jetoverlay:parseDebugLocalResources UP-TO-DATE
> Task :jetoverlay:generateDebugRFile UP-TO-DATE
> Task :app:processDebugResources UP-TO-DATE
> Task :jetoverlay:checkKotlinGradlePluginConfigurationErrors SKIPPED
> Task :jetoverlay:compileDebugKotlin UP-TO-DATE
> Task :jetoverlay:javaPreCompileDebug UP-TO-DATE
> Task :jetoverlay:compileDebugJavaWithJavac NO-SOURCE
> Task :jetoverlay:bundleLibCompileToJarDebug UP-TO-DATE
> Task :app:javaPreCompileDebug UP-TO-DATE
> Task :app:mergeDebugShaders UP-TO-DATE
> Task :app:compileDebugShaders NO-SOURCE
> Task :app:generateDebugAssets UP-TO-DATE
> Task :jetoverlay:mergeDebugShaders UP-TO-DATE
> Task :jetoverlay:compileDebugShaders NO-SOURCE
> Task :jetoverlay:generateDebugAssets UP-TO-DATE
> Task :jetoverlay:mergeDebugAssets UP-TO-DATE
> Task :app:mergeDebugAssets UP-TO-DATE
> Task :app:compressDebugAssets UP-TO-DATE
> Task :jetoverlay:bundleLibRuntimeToJarDebug UP-TO-DATE
> Task :app:desugarDebugFileDependencies UP-TO-DATE
> Task :jetoverlay:processDebugJavaRes UP-TO-DATE
> Task :app:checkDebugDuplicateClasses UP-TO-DATE
> Task :app:mergeExtDexDebug UP-TO-DATE
> Task :jetoverlay:bundleLibRuntimeToDirDebug UP-TO-DATE
> Task :app:mergeDebugJniLibFolders UP-TO-DATE
> Task :jetoverlay:mergeDebugJniLibFolders UP-TO-DATE
> Task :jetoverlay:mergeDebugNativeLibs NO-SOURCE
> Task :app:mergeLibDexDebug UP-TO-DATE
> Task :jetoverlay:copyDebugJniLibsProjectOnly UP-TO-DATE
> Task :app:mergeDebugNativeLibs UP-TO-DATE
> Task :app:stripDebugDebugSymbols UP-TO-DATE
> Task :app:validateSigningDebug UP-TO-DATE
> Task :app:writeDebugAppMetadata UP-TO-DATE
> Task :app:writeDebugSigningConfigVersions UP-TO-DATE
> Task :jetoverlay:stripDebugDebugSymbols NO-SOURCE
> Task :jetoverlay:copyDebugJniLibsProjectAndLocalJars UP-TO-DATE
> Task :jetoverlay:extractDebugAnnotations UP-TO-DATE
> Task :jetoverlay:extractDeepLinksForAarDebug UP-TO-DATE
> Task :jetoverlay:mergeDebugGeneratedProguardFiles UP-TO-DATE
> Task :jetoverlay:mergeDebugConsumerProguardFiles UP-TO-DATE
> Task :jetoverlay:prepareDebugArtProfile UP-TO-DATE
> Task :jetoverlay:prepareLintJarForPublish UP-TO-DATE
> Task :jetoverlay:mergeDebugJavaResource UP-TO-DATE
> Task :jetoverlay:syncDebugLibJars UP-TO-DATE
> Task :jetoverlay:bundleDebugAar UP-TO-DATE
> Task :jetoverlay:assembleDebug UP-TO-DATE

> Task :app:kspDebugKotlin FAILED
.\gradlew.bat : e: file:///C
:/Users/mac/AndroidStudioPro
jects/ext/jetoverlay/app/src
/main/java/com/yazan/jetover
lay/ui/PermissionWizard.kt:7
33:2 Expecting '}'
At line:1 char:1
+ .\gradlew.bat 
assembleDebug > 
build_output.txt 2>&1
+ ~~~~~~~~~~~~~~~~~~~~~~~~~~
~~~~~~~~~~~~~~~~~~~~~~~~~
    + CategoryInfo          
    : NotSpecified: (e: fi  
  le:///C:/U...2 Expectin   
 g '}':String) [], Remot    
eException
    + FullyQualifiedErrorId 
    : NativeCommandError
 

FAILURE: Build failed with 
an exception.

* What went wrong:
Execution failed for task 
':app:kspDebugKotlin'.
> A failure occurred while 
executing org.jetbrains.kotl
in.compilerRunner.GradleComp
ilerRunnerWithWorkers$Gradle
KotlinCompilerWorkAction
   > Compilation error. See 
log for more details

* Try:
> Run with --stacktrace 
option to get the stack 
trace.
> Run with --info or 
--debug option to get more 
log output.
> Run with --scan to get 
full insights.
> Get more help at 
https://help.gradle.org.

BUILD FAILED in 3s
57 actionable tasks: 1 executed, 56 up-to-date
