01-11 03:49:47.792   941  4366 I Lyric   : image_logical_channel.cc:119: CSIS Core: ImgLoch_0 size: {width: 1920, height: 1300} auto_rec hblanking: 1792 auto_rec vblanking: 698000
01-11 03:49:47.792   941  4366 I Lyric   : zuma_csis_phy_link_context.cc:249: Zuma CsisPhyLinkContext_4 Camera ID(5) Initialized
01-11 03:49:47.793   941  4366 I Lyric   : zuma_csis_phy_link_context.cc:961: Zuma CsisPhyLinkContext_4 IspConfigCh0 with virtual channel: 0, parallel mode: 0, size: {width: 1920, height: 1300}, format: raw_10
01-11 03:49:47.793   941  4366 I Lyric   : zuma_csis_phy_link_context.cc:257: Zuma CsisPhyLinkContext_4 enabled
01-11 03:49:47.793   941  4366 I Lyric   : frame_override_helper.cc:17: [CAM5][ISPFE] FrameOverrideHelper is calculating setting_effective_frame_override with a margin of 0
01-11 03:49:47.793   941  4366 I Lyric   : fe_programming_async.cc:93: Creating FeProgrammingAsync with context_info.indices: {bayer_context_index = [4], pdaf_context_index = nullopt, image_loch_indices = [0], pdaf_loch_indices = [], vc_loch_index = nullopt, rdma_indices = []}, context_info.acquired: {csis_phy_link = true, lmp_bayer = true, lmp_pdaf = false, fc_bayer = true, fc_pdaf = false, csis_image_wdmas = [], csis_pd_wdmas = [], csis_vc_wdma = false, csis_rdmas = []}, sof drift correction: 0, sof timeout detection: 1
01-11 03:49:47.793  2380  2705 D BusinessScope: Enqueuing the block
01-11 03:49:47.793   941  4366 I Lyric   : zuma_fe_utils.cc:386: ISP-FE Bandwidth Formula V1.1
01-11 03:49:47.793   941  4366 I Lyric   : zuma_fe_utils.cc:409: ISP-FE Clock Formula V1.7
01-11 03:49:47.793   941  4366 I Lyric   : zuma_fe_driver.cc:1386: ISP-FE Qos Update: context(0), csi clock: 111000000, lmp clock: 44599680
01-11 03:49:47.793  2380  2705 D ImpulseStateSource: Notify clients: 1594
01-11 03:49:47.793  2380  2705 D BusinessScope: Finish running the #3191 block
01-11 03:49:47.793  2380  2705 D BusinessScope: Start running the #3192 block
01-11 03:49:47.794  2380  2670 D BusinessScope: Finish running the #3192 block
01-11 03:49:47.794   941  4366 I Lyric   : zuma_fe_driver.cc:1441: ISP-FE Qos Update: clock frequency: 111000000, write bandwidth: 226331760, read bandwidth: 0
01-11 03:49:47.794   941  4366 I Lyric   : secure_operation_controller.cc:24: SecureOperationController: Requested secure session for fe
01-11 03:49:47.794   941  4366 I Lyric   : zuma_front_end_controller.cc:201: [CAM5] Acquired driver context for exposure 0.
01-11 03:49:47.794   941  4366 I Lyric   : per_camera_barrier_impl.cc:47: Blocker for FeControllerBlockCam5ToStop#0 acquired
01-11 03:49:47.794   941  4366 E Lyric   : software_fence.cc:40: Resetting unsignaled fence unnamed
01-11 03:49:47.794   941  4366 I Lyric   : front_end_node.cc:2722: cam5_frontend HalPixelFormat for FrontEndNode RAW16_BAYER_SBWC 1920 x 1300
01-11 03:49:47.794   941  4366 I Lyric   : zuma_front_end_controller.cc:309: [CAM5] The first sensor frame number is changed from -1 to 1 for exposure index 0.
01-11 03:49:47.795   960   960 D usf_sensor_hal: accelerometer: ConfigDirectReport: start sampling, period = 5000000.
01-11 03:49:47.796   941  4366 I Lyric   : fe_programming_async.cc:574: [CAM5][ISPFE] Submitting config for sensor frame # 1 (abs 0)) to execute immediately
01-11 03:49:47.796   941  4366 I Lyric   : register_sets.cc:171: ISPFE RegisterUpdate Expression events: IspFe.fc_bayer.Context4FcRegUpdated 
01-11 03:49:47.796   941  4366 I Lyric   : fe_programming_async.cc:1044: [CAM5][ISPFE] Releasing sensor start blocker with status OK
01-11 03:49:47.796   941  4366 I Lyric   : per_camera_barrier_impl.cc:58: Blocker for FeControllerBlockCam5ToStartExp0#0 released with status: OK with lwis fence, which will be waited at sensor start transaction in kernel
01-11 03:49:47.796   941  4366 I Lyric   : fe_programming_async.cc:712: [CAM5][ISPFE] Submitted SensorStartBlocker transaction id 7389
01-11 03:49:47.796   941  4366 I Lyric   : fe_programming_async.cc:651: [CAM5][ISPFE] Submitted config for sensor frame # 1 (abs 0) with transaction id 7390
01-11 03:49:47.796   941  1974 I Lyric   : multisensor_controller.cc:847: camera FrontOuter start wait for barrier spend : 5.944214ms
01-11 03:49:47.796   941  1504 I Lyric   : fe_programming_async_event_handler.cc:113: [FEIRQ] Received event IspFe.fe_programming.Context0SubmitProgrammingSuccess. Count: 1. Timestamp: 21631050100536 ns.
01-11 03:49:47.796   941  1974 I Lyric   : sensor_generic_driver.cc:1291:  event thread started.
01-11 03:49:47.796   941  1974 I Lyric   : sensor_generic_driver.cc:1481: SVAROGOUTERFRONT stream on, size: {width: 1920, height: 1300}, frame rate range: [7.5, 60], sensor ispfe sync in kernel with ispfe-side completion fence request id: 0
01-11 03:49:47.796   941  1974 I Lyric   : per_camera_barrier_impl.cc:47: Blocker for MultiSensorController_Stop acquired
01-11 03:49:47.796   941  1504 I Lyric   : fe_programming_async_event_handler.cc:113: [FEIRQ] Received event IspFe.fe_programming.Context0SensorStartBlockerSuccess. Count: 1. Timestamp: 21631050364615 ns.
01-11 03:49:47.796   941  1504 I Lyric   : image_logical_channel.cc:264: CSIS Core: Setting loch_en for ImgLoch_0
01-11 03:49:47.797  1197  1197 D AOC     : A3:MSG: usf_sensor.cc, 1866: USF: Received start sampling request for ICM45631 Accelerometer 0 (active:5).
01-11 03:49:47.797   941  1451 I Lyric   : direct_channel_motion_sensor_data_streamer.cc:591: accelerometer resource acquired.
01-11 03:49:47.798     0     0 I trusty  : gxp_device_impl: 460: Loaded GXP library:
01-11 03:49:47.798     0     0 I trusty  : gxp_device_impl: 462:  - Name: tuscany_dsp_lib
01-11 03:49:47.798     0     0 I trusty  : gxp_device_impl: 463:  - Functions: ExtractThumbnailKernel,Yuv2RgbKernel
01-11 03:49:47.798     0     0 I trusty  : logging.cc: 79: ***: :100: Creating dsp pal.
01-11 03:49:47.800   941  1451 I Lyric   : binder_environment_sensor_reader.cc:79: Enabled BinderEnvironmentSensorReader, type: device_orientation
01-11 03:49:47.804  3269  3546 I twoshay.grippalm: Grip 0 ENTER  th-0.50 s 2.17 [ 1.76 1.00 5.00 5.00 0.54 3.38 ] c0,e1,E1 (15,8,21808,15675082417524)
01-11 03:49:47.805  1200  2186 I android.hardware.biometrics.face-service.pixel: Controller creation completed successfully.
01-11 03:49:47.805  1200  2186 W libc    : Access denied finding property ""
01-11 03:49:47.805  1200  2186 I android.hardware.biometrics.face-service.pixel: AwaitImage(0)
01-11 03:49:47.805  1200  2186 I android.hardware.biometrics.face-service.pixel: Evicting in use image
01-11 03:49:47.806  1197  1197 D AOC     : CHRE: DRAM vote count begins
01-11 03:49:47.806   942  1001 D CHRE    : @ 21634.139: Parsed nanoapp message from host: app ID 0x476f6f676c00103b endpoint 0x8005 msgType 1 payload size 7
01-11 03:49:47.806  1197  1197 D AOC     : CHRE: DRAM vote count ends: 0 ms
01-11 03:49:47.825   941  1448 I Lyric   : sensor_generic_driver.cc:607: SVAROGOUTERFRONT init success.
01-11 03:49:47.835   941 29391 I Lyric   : sensor_generic_driver.cc:1166: SVAROGOUTERFRONT stream on success. Transaction delay: 38.958781ms
01-11 03:49:47.835   941  1448 I Lyric   : sensor_generic_driver.cc:2762: SVAROGOUTERFRONT set mode success.
01-11 03:49:47.875   941  1505 I Lyric   : zuma_csis_phy_link_driver.cc:220: [FEIRQ] CsisPhyLink context 4 event 2305843009213699394 name: IspFe.csis_int1.Context4FrameStart count: 1 timestamp: 21631129493155
01-11 03:49:47.875   941  1505 I Lyric   : zuma_csis_phy_link_driver.cc:220: [FEIRQ] CsisPhyLink context 4 event 2305843009213699776 name: IspFe.csis_fs_int.Context4FrameStartCh0 count: 1 timestamp: 21631129523591
01-11 03:49:47.875   941  1505 I Lyric   : dpm_bandwidth_controller_v2.cc:949: Current CLOCK_FAMILY_TNR clock 111000
01-11 03:49:47.875   941 29391 I Lyric   : sensor_generic_driver.cc:1002: SVAROGOUTERFRONT 1st SOF arrived. Delay from stream on: 79.474813ms Delay from stream on transaction: 40.227905ms (Delay - exposure time): 6.76604ms
01-11 03:49:47.875   941  1505 I Lyric   : dpm_bandwidth_controller_v2.cc:949: Current CLOCK_FAMILY_INT clock 533000
01-11 03:49:47.876   941  1505 I Lyric   : dpm_bandwidth_controller_v2.cc:949: Current CLOCK_FAMILY_INTCAM clock 111000
01-11 03:49:47.876   941  1505 I Lyric   : dpm_bandwidth_controller_v2.cc:949: Current CLOCK_FAMILY_MIF clock 3744000
01-11 03:49:47.876   941  1505 I Lyric   : dpm_bandwidth_controller_v2.cc:949: Current CLOCK_FAMILY_CAM clock 111000
01-11 03:49:47.876   941  1505 I Lyric   : zuma_csis_core_driver.cc:261: [FEIRQ] CSIS Core context 0: event IspFe.csis_core_cmn_ctl.Loch0 #1, category: 8, count: 1, timestamp: 21631129627799
01-11 03:49:47.876   941  1504 I Lyric   : fe_programming_async_event_handler.cc:113: [FEIRQ] Received event IspFe.fe_programming.Context0SofSyncSuccess. Count: 1. Timestamp: 21631129600374 ns.
01-11 03:49:47.876   960  1800 I sensor-suez: Vendor atom [id = 100245] reported.
01-11 03:49:47.876  1200 29368 I android.hardware.biometrics.face-service.pixel: onCaptureStarted(frame_number=0,timestamp=21631097011820)
01-11 03:49:47.891   941  1505 I Lyric   : zuma_csis_core_driver.cc:261: [FEIRQ] CSIS Core context 0: event IspFe.csis_core_img_proc.LogicalChannel0Eof #1, category: 11, count: 1, timestamp: 21631144578279
01-11 03:49:47.891   941  1505 I Lyric   : zuma_csis_phy_link_driver.cc:220: [FEIRQ] CsisPhyLink context 4 event 2305843009213699393 name: IspFe.csis_int1.Context4FrameEnd count: 1 timestamp: 21631144633780
01-11 03:49:47.891   941  1505 I Lyric   : zuma_csis_phy_link_driver.cc:220: [FEIRQ] CsisPhyLink context 4 event 2305843009213700160 name: IspFe.csis_fe_int.Context4FrameEndCh0 count: 1 timestamp: 21631144651521
01-11 03:49:47.891   941  1505 I Lyric   : zuma_lmp_driver.cc:455: [FEIRQ] Lmp bayer context 4, event 2305843009213694849, name: IspFe.lmp_bayer.Context4Eof, count: 1, timestamp: 21631144753531
01-11 03:49:47.891   941  1981 I Lyric   : raw_to_yuv_node.cc:1300: HalImageFormat for YUV output: HalImageFormat{ pixel_format = YCBCR_420_888, stride_alignment = 16, num_buffers = 1 }
01-11 03:49:47.893  1200 29368 W android.hardware.biometrics.face-service.pixel: AWB vendor byte array invalid size: 1
01-11 03:49:47.893  1200 29368 I android.hardware.biometrics.face-service.pixel: OnLogicalCameraCaptureCompleted(timestamp=21631097011820)
01-11 03:49:47.893  1200  2186 I android.hardware.biometrics.face-service.pixel: Evicting in use image
01-11 03:49:47.899   941  1501 I Lyric   : zuma_be_core_event_handler_impl.cc:76: Received Hw event: BeCore.RgbpInt0.FrameEnd counter 1, timestamp: 21631152783194
01-11 03:49:47.899   941  1501 I Lyric   : zuma_be_core_event_handler_impl.cc:76: Received Hw event: BeCore.YuvpInt0.FrameEnd counter 1, timestamp: 21631152851635
01-11 03:49:47.899   941 29382 I GCH_AidlCameraDeviceSession: ProcessCaptureResult: First frame done
01-11 03:49:47.899   941 29382 I Lyric   : camera_latency_analyzer.cc:98: [CLA] Cam1-Open
01-11 03:49:47.899   941 29382 I Lyric   : camera_latency_analyzer.cc:100: [CLA] (Cam1-Open) Open latency: 7.58683
01-11 03:49:47.899   941 29382 I Lyric   : camera_latency_analyzer.cc:100: [CLA] (Cam1-Open) <-- IDLE --> latency: 16.2791
01-11 03:49:47.899   941 29382 I Lyric   : camera_latency_analyzer.cc:100: [CLA] (Cam1-Open) ConfigureStream latency: 7.39274
01-11 03:49:47.899   941 29382 I Lyric   : camera_latency_analyzer.cc:100: [CLA] (Cam1-Open) <-- IDLE --> latency: 6.48743
01-11 03:49:47.899   941 29382 I Lyric   : camera_latency_analyzer.cc:100: [CLA] (Cam1-Open) First frame latency: 113.159
01-11 03:49:47.899   941 29382 I Lyric   : camera_latency_analyzer.cc:100: [CLA] (Cam1-Open) Overall latency: 150.926
01-11 03:49:47.899   941 29382 I Lyric   : camera_latency_analyzer.cc:100: [CLA] (Cam1-Open) HAL Total latency: 128.13
01-11 03:49:47.899  1200 29381 I android.hardware.biometrics.face-service.pixel: [ThreadPool]OnImageAvailable(): Operation scheduled.
01-11 03:49:47.899  1200 29365 I android.hardware.biometrics.face-service.pixel: [ThreadPool]OnImageAvailable(): Operation started.
01-11 03:49:47.899  1200 29365 I android.hardware.biometrics.face-service.pixel: OnImageAvailable(image_type=1)
01-11 03:49:47.899  1200 29365 I android.hardware.biometrics.face-service.pixel: AddImage(type=1, timestamp=21631097011820)
01-11 03:49:47.899  1200 29365 I android.hardware.biometrics.face-service.pixel: [ThreadPool]OnImageAvailable(): Operation finished.
01-11 03:49:47.899  1200  2186 I android.hardware.biometrics.face-service.pixel: Evicting in use image
01-11 03:49:47.899  1200  2186 I android.hardware.biometrics.face-service.pixel: ----Printing capture queue----
01-11 03:49:47.899  1200  2186 I android.hardware.biometrics.face-service.pixel:  max buffer size = 3
01-11 03:49:47.899  1200  2186 I android.hardware.biometrics.face-service.pixel: YUV.size()=1
01-11 03:49:47.899  1200  2186 I android.hardware.biometrics.face-service.pixel: 
01-11 03:49:47.899  1200  2186 I android.hardware.biometrics.face-service.pixel:       Timestamp|         Frame#|  FrameMetadata|            YUV|
01-11 03:49:47.899  1200  2186 I android.hardware.biometrics.face-service.pixel:  21631097011820|              0|            Yes|          READY|
01-11 03:49:47.899  1200  2186 I android.hardware.biometrics.face-service.pixel:       Timestamp
01-11 03:49:47.899  1200  2186 I android.hardware.biometrics.face-service.pixel: ----End printing capture queue----
01-11 03:49:47.899  1200  2186 I android.hardware.biometrics.face-service.pixel:  GetOldestCapture() returning capture at timestamp=21631097011820
01-11 03:49:47.899  1200  2186 I android.hardware.biometrics.face-service.pixel: Await image complete
01-11 03:49:47.900  1200  2186 I android.hardware.biometrics.face-service.pixel: Requesting power boost.
01-11 03:49:47.901  1200  2186 I native  : I0000 00:00:1768099787.901683    2186 logging.cc:49] 15467114 : :172: Allocating dmabuf type: /dev/dma_heap/system, size: 4096
01-11 03:49:47.903     0     0 I trusty  : logging.cc: 79: ***: :239: Command Received: AuthenticationEvaluate
01-11 03:49:47.910  1200  2186 E native  : E0000 00:00:1768099787.910635    2186 logging.cc:57] 15467123 : :72: Bundle buffer empty.
01-11 03:49:47.910  1200  2186 I android.hardware.biometrics.face-service.pixel: Requesting power boost.
01-11 03:49:47.910  1200  2186 I android.hardware.biometrics.face-service.pixel: Soft error, FaceStatusCode: Stream is not long enough.
01-11 03:49:47.911  1200 29368 I android.hardware.biometrics.face-service.pixel: onCaptureStarted(frame_number=1,timestamp=21631130658995)
01-11 03:49:47.912  1200  2186 W libc    : Access denied finding property ""
01-11 03:49:47.912  1200  2186 I android.hardware.biometrics.face-service.pixel: AwaitImage(1)
01-11 03:49:47.912  1200  2186 I android.hardware.biometrics.face-service.pixel: Evicting in use image
01-11 03:49:47.912  1200  2186 I android.hardware.biometrics.face-service.pixel: EraseCapture(timestamp=21631097011820)
01-11 03:49:47.912  1200  2186 I android.hardware.biometrics.face-service.pixel: DeleteImage(type=1, timestamp=21631097011820)
01-11 03:49:47.912  2240  2261 D BiometricStatusRepositoryImpl: authenticationState updated: Acquired(biometricSourceType=FACE, requestReason=DeviceEntryAuthentication, acquiredInfo=1)
01-11 03:49:47.912  2240  3232 D BiometricStatusRepositoryImpl: authenticationState updated: Help(biometricSourceType=FACE, helpString=CanΓÇÖt create your face model. Try again., helpCode=1, requestReason=DeviceEntryAuthentication)
01-11 03:49:47.913  2240  2240 D FaceHelpMessageDebouncer: startNewFaceAuthSession at startTime=21629263
01-11 03:49:47.913  2240  2240 D FaceHelpMessageDebouncer: startNewFaceAuthSession at startTime=21629263
01-11 03:49:47.930  1200 29368 W android.hardware.biometrics.face-service.pixel: AWB vendor byte array invalid size: 1
01-11 03:49:47.930  1200 29368 I android.hardware.biometrics.face-service.pixel: OnLogicalCameraCaptureCompleted(timestamp=21631130658995)
01-11 03:49:47.930  1200  2186 I android.hardware.biometrics.face-service.pixel: Evicting in use image
01-11 03:49:47.935  1200 29381 I android.hardware.biometrics.face-service.pixel: [ThreadPool]OnImageAvailable(): Operation scheduled.
01-11 03:49:47.936  1200 29365 I android.hardware.biometrics.face-service.pixel: [ThreadPool]OnImageAvailable(): Operation started.
01-11 03:49:47.936  1200 29365 I android.hardware.biometrics.face-service.pixel: OnImageAvailable(image_type=1)
01-11 03:49:47.936  1200 29365 I android.hardware.biometrics.face-service.pixel: AddImage(type=1, timestamp=21631130658995)
01-11 03:49:47.936  1200 29365 I android.hardware.biometrics.face-service.pixel: [ThreadPool]OnImageAvailable(): Operation finished.
01-11 03:49:47.936  1200  2186 I android.hardware.biometrics.face-service.pixel: Evicting in use image
01-11 03:49:47.936  1200  2186 I android.hardware.biometrics.face-service.pixel: ----Printing capture queue----
01-11 03:49:47.936  1200  2186 I android.hardware.biometrics.face-service.pixel:  max buffer size = 3
01-11 03:49:47.936  1200  2186 I android.hardware.biometrics.face-service.pixel: YUV.size()=1
01-11 03:49:47.936  1200  2186 I android.hardware.biometrics.face-service.pixel: 
01-11 03:49:47.936  1200  2186 I android.hardware.biometrics.face-service.pixel:       Timestamp|         Frame#|  FrameMetadata|            YUV|
01-11 03:49:47.936  1200  2186 I android.hardware.biometrics.face-service.pixel:  21631130658995|              1|            Yes|          READY|
01-11 03:49:47.936  1200  2186 I android.hardware.biometrics.face-service.pixel:       Timestamp
01-11 03:49:47.936  1200  2186 I android.hardware.biometrics.face-service.pixel: ----End printing capture queue----
01-11 03:49:47.936  1200  2186 I android.hardware.biometrics.face-service.pixel:  GetOldestCapture() returning capture at timestamp=21631130658995
01-11 03:49:47.936  1200  2186 I android.hardware.biometrics.face-service.pixel: Await image complete
01-11 03:49:47.937  1200  2186 I native  : I0000 00:00:1768099787.936982    2186 logging.cc:49] 15467149 : :172: Allocating dmabuf type: /dev/dma_heap/system, size: 4096
01-11 03:49:47.938     0     0 I trusty  : logging.cc: 79: ***: :239: Command Received: AuthenticationEvaluate
01-11 03:49:47.947  1200 29368 I android.hardware.biometrics.face-service.pixel: onCaptureStarted(frame_number=2,timestamp=21631164283019)
01-11 03:49:47.964  1200 29368 W android.hardware.biometrics.face-service.pixel: AWB vendor byte array invalid size: 1
01-11 03:49:47.964  1200 29368 I android.hardware.biometrics.face-service.pixel: OnLogicalCameraCaptureCompleted(timestamp=21631164283019)
01-11 03:49:47.969  1200 29381 I android.hardware.biometrics.face-service.pixel: [ThreadPool]OnImageAvailable(): Operation scheduled.
01-11 03:49:47.969  1200 29365 I android.hardware.biometrics.face-service.pixel: [ThreadPool]OnImageAvailable(): Operation started.
01-11 03:49:47.969  1200 29365 I android.hardware.biometrics.face-service.pixel: OnImageAvailable(image_type=1)
01-11 03:49:47.969  1200 29365 I android.hardware.biometrics.face-service.pixel: AddImage(type=1, timestamp=21631164283019)
01-11 03:49:47.969  1200 29365 I android.hardware.biometrics.face-service.pixel: [ThreadPool]OnImageAvailable(): Operation finished.
01-11 03:49:47.971  1200  2186 E native  : E0000 00:00:1768099787.971464    2186 logging.cc:57] 15467184 : :72: Bundle buffer empty.
01-11 03:49:47.971  1200  2186 I android.hardware.biometrics.face-service.pixel: Requesting power boost.
01-11 03:49:47.974     0     0 I trusty  : logging.cc: 79: ***: :239: Command Received: AuthenticationEvaluate
01-11 03:49:47.972  1200  2186 W libc    : Access denied finding property ""
01-11 03:49:47.972  1200  2186 I android.hardware.biometrics.face-service.pixel: AwaitImage(2)
01-11 03:49:47.972  1200  2186 I android.hardware.biometrics.face-service.pixel: Evicting in use image
01-11 03:49:47.972  1200  2186 I android.hardware.biometrics.face-service.pixel: EraseCapture(timestamp=21631130658995)
01-11 03:49:47.972  1200  2186 I android.hardware.biometrics.face-service.pixel: DeleteImage(type=1, timestamp=21631130658995)
01-11 03:49:47.972  1200  2186 I android.hardware.biometrics.face-service.pixel: ----Printing capture queue----
01-11 03:49:47.972  1200  2186 I android.hardware.biometrics.face-service.pixel:  max buffer size = 3
01-11 03:49:47.972  1200  2186 I android.hardware.biometrics.face-service.pixel: YUV.size()=1
01-11 03:49:47.972  1200  2186 I android.hardware.biometrics.face-service.pixel: 
01-11 03:49:47.972  1200  2186 I android.hardware.biometrics.face-service.pixel:       Timestamp|         Frame#|  FrameMetadata|            YUV|
01-11 03:49:47.972  1200  2186 I android.hardware.biometrics.face-service.pixel:  21631164283019|              2|            Yes|          READY|
01-11 03:49:47.972  1200  2186 I android.hardware.biometrics.face-service.pixel:       Timestamp
01-11 03:49:47.972  1200  2186 I android.hardware.biometrics.face-service.pixel: ----End printing capture queue----
01-11 03:49:47.972  1200  2186 I android.hardware.biometrics.face-service.pixel:  GetOldestCapture() returning capture at timestamp=21631164283019
01-11 03:49:47.972  1200  2186 I android.hardware.biometrics.face-service.pixel: Await image complete
01-11 03:49:47.973  2240  2860 D BiometricStatusRepositoryImpl: authenticationState updated: Acquired(biometricSourceType=FACE, requestReason=DeviceEntryAuthentication, acquiredInfo=0)
01-11 03:49:47.979  1200 29368 I android.hardware.biometrics.face-service.pixel: onCaptureStarted(frame_number=3,timestamp=21631200732232)
01-11 03:49:47.997  1200 29368 W android.hardware.biometrics.face-service.pixel: AWB vendor byte array invalid size: 1
01-11 03:49:47.997  1200 29368 I android.hardware.biometrics.face-service.pixel: OnLogicalCameraCaptureCompleted(timestamp=21631200732232)
01-11 03:49:48.002  1200 29381 I android.hardware.biometrics.face-service.pixel: [ThreadPool]OnImageAvailable(): Operation scheduled.
01-11 03:49:48.002  1200 29365 I android.hardware.biometrics.face-service.pixel: [ThreadPool]OnImageAvailable(): Operation started.
01-11 03:49:48.002  1200 29365 I android.hardware.biometrics.face-service.pixel: OnImageAvailable(image_type=1)
01-11 03:49:48.002  1200 29365 I android.hardware.biometrics.face-service.pixel: AddImage(type=1, timestamp=21631200732232)
01-11 03:49:48.002  1200 29365 I android.hardware.biometrics.face-service.pixel: [ThreadPool]OnImageAvailable(): Operation finished.
01-11 03:49:48.005     0     0 I trusty  : logging.cc: 83: ***: :138: FixedPointWarpRescale source buffer is not mapped to DSP, expect slower runtime performance.
01-11 03:49:48.011     0     0 I trusty  : logging.cc: 83: ***: :138: FixedPointWarpRescale source buffer is not mapped to DSP, expect slower runtime performance.
01-11 03:49:48.011  1200 29368 I android.hardware.biometrics.face-service.pixel: onCaptureStarted(frame_number=4,timestamp=21631233731052)
01-11 03:49:48.012     0     0 I trusty  : logging.cc: 83: ***: :98: ExtractFaceThumbnail source buffer is not mapped to DSP, expect slower runtime performance.
01-11 03:49:48.013     0     0 I trusty  : logging.cc: 83: ***: :138: FixedPointWarpRescale source buffer is not mapped to DSP, expect slower runtime performance.
01-11 03:49:48.019     0     0 I trusty  : logging.cc: 83: ***: :138: FixedPointWarpRescale source buffer is not mapped to DSP, expect slower runtime performance.
01-11 03:49:48.020     0     0 I trusty  : logging.cc: 83: ***: :98: ExtractFaceThumbnail source buffer is not mapped to DSP, expect slower runtime performance.
01-11 03:49:48.020     0     0 I trusty  : logging.cc: 83: ***: :138: FixedPointWarpRescale source buffer is not mapped to DSP, expect slower runtime performance.
01-11 03:49:48.021     0     0 I trusty  : logging.cc: 83: ***: :138: FixedPointWarpRescale source buffer is not mapped to DSP, expect slower runtime performance.
01-11 03:49:48.021  1197  1197 D AOC     : A3:MSG: tmd3733_device.cc, 1021: USF: TMD3733: Switch lux calc 0->1 (0.94) d_lux:4.78 m_lux:7.90 R:5.72 C:7.11.
01-11 03:49:48.022     0     0 I trusty  : logging.cc: 83: ***: :138: FixedPointWarpRescale source buffer is not mapped to DSP, expect slower runtime performance.
01-11 03:49:48.022     0     0 I trusty  : logging.cc: 83: ***: :98: ExtractFaceThumbnail source buffer is not mapped to DSP, expect slower runtime performance.
01-11 03:49:48.026     0     0 I trusty  : logging.cc: 83: ***: :98: ExtractFaceThumbnail source buffer is not mapped to DSP, expect slower runtime performance.
01-11 03:49:48.026     0     0 I trusty  : logging.cc: 83: ***: :98: ExtractFaceThumbnail source buffer is not mapped to DSP, expect slower runtime performance.
01-11 03:49:48.030  1200 29368 I android.hardware.biometrics.face-service.pixel: OnLogicalCameraCaptureCompleted(timestamp=21631233731052)
01-11 03:49:48.035  1200  2186 E native  : E0000 00:00:1768099788.035255    2186 logging.cc:57] 15467248 : :72: Bundle buffer empty.
01-11 03:49:48.035  1200  2186 I android.hardware.biometrics.face-service.pixel: Requesting power boost.
01-11 03:49:48.035  1200 29381 I android.hardware.biometrics.face-service.pixel: [ThreadPool]OnImageAvailable(): Operation scheduled.
01-11 03:49:48.035  1200 29365 I android.hardware.biometrics.face-service.pixel: [ThreadPool]OnImageAvailable(): Operation started.
01-11 03:49:48.035  1200 29365 I android.hardware.biometrics.face-service.pixel: OnImageAvailable(image_type=1)
01-11 03:49:48.035  1200 29365 I android.hardware.biometrics.face-service.pixel: AddImage(type=1, timestamp=21631233731052)
01-11 03:49:48.035  1200 29365 I android.hardware.biometrics.face-service.pixel: [ThreadPool]OnImageAvailable(): Operation finished.
01-11 03:49:48.037     0     0 I trusty  : logging.cc: 79: ***: :239: Command Received: AuthenticationDecide
01-11 03:49:48.037     0     0 I trusty  : logging.cc: 79: ***: :397: Updating userdata, ver5.22
01-11 03:49:48.037     0     0 I trusty  : logging.cc: 79: ***: :163: Auth decision: authenticated
01-11 03:49:48.037  2240  2261 D BiometricStatusRepositoryImpl: authenticationState updated: Acquired(biometricSourceType=FACE, requestReason=DeviceEntryAuthentication, acquiredInfo=0)
01-11 03:49:48.042  1197  1197 D AOC     : A3:MSG: tmd3733_device.cc, 1021: USF: TMD3733: Switch lux calc 1->0 (1.00) d_lux:5.65 m_lux:9.11 R:5.47 C:7.23.
01-11 03:49:48.044  1200 29368 I android.hardware.biometrics.face-service.pixel: onCaptureStarted(frame_number=5,timestamp=21631266729831)
01-11 03:49:48.051  1200  2186 I android.hardware.biometrics.face-service.pixel: Identified an enrolled face for user: 0
01-11 03:49:48.054  1200  2186 I android.hardware.biometrics.face-service.pixel: CameraHelper::Close started: RgbCameraHelper
01-11 03:49:48.054  1200  2186 I android.hardware.biometrics.face-service.pixel: LockedCriticalSection::Stop()
01-11 03:49:48.054  1524  2177 D BiometricLogger: Authenticated! Modality: face, latency: 322
01-11 03:49:48.054  1524  2177 W AuthenticationClient: Allowing background authentication, this is allowed only for platform or test invocations
01-11 03:49:48.054  1524  2177 D BaseClientMonitor: marking operation as done: {[67] com.android.server.biometrics.sensors.face.aidl.FaceAuthenticationClient, proto=3, owner=com.android.systemui, cookie=0, requestId=7, userId=0}
01-11 03:49:48.055  1524  2177 D BiometricService: resetLockout from: 42, for: 1, userId: 0
01-11 03:49:48.055  1524  2175 D BiometricScheduler: [Added] {[68] com.android.server.biometrics.sensors.fingerprint.aidl.FingerprintResetLockoutClient, proto=12, owner=android, cookie=0, requestId=-1, userId=0}, new queue size: 1
01-11 03:49:48.055  1524  2175 D BiometricScheduler: [Cancelling Interruptable]: {[65] com.android.server.biometrics.sensors.fingerprint.aidl.FingerprintAuthenticationClient, proto=3, owner=com.android.systemui, cookie=0, requestId=22, userId=0}, State: 2
01-11 03:49:48.055   941  2080 I Lyric   : camera_device_session_hwl_impl.cc:1197: Flush entered, camera_id: 1
01-11 03:49:48.055  1524  2175 D BiometricSchedulerOperation: [Cancelling] Current client: {[65] com.android.server.biometrics.sensors.fingerprint.aidl.FingerprintAuthenticationClient, proto=3, owner=com.android.systemui, cookie=0, requestId=22, userId=0}
01-11 03:49:48.055   941  2080 I Lyric   : camera_powerhal_impl.cc:189: SetPowerBoost Trigger CAMERA_LAUNCH for 200ms
01-11 03:49:48.055   941  2080 I Lyric   : camera_device_session_manager_base.cc:1399: Attempting to flush graph:top_graph_for_camera_FrontMultiFov
01-11 03:49:48.056  1913  1913 D android.hardware.biometrics.fingerprint-service.fpc42_fw49: -->cancel: cancel
01-11 03:49:48.056  1913  1913 D android.hardware.biometrics.fingerprint-service.fpc42_fw49: onError(5), [Canceled]
01-11 03:49:48.056  2240  2860 D BiometricStatusRepositoryImpl: authenticationState updated: Stopped(biometricSourceType=FINGERPRINT, requestReason=NotRunning)
01-11 03:49:48.057   516  1643 I keystore2: system/security/keystore2/src/authorization.rs:116 - add_auth_token(challenge=0, userId=6673151841407801469, authId=1874637863759785001, authType=0x2, timestamp=21634367ms)
01-11 03:49:48.057  1913  1913 D fpc_fingerprint_hal: fpc_cancel
01-11 03:49:48.057  1524  2177 D AuthenticationClient: addAuthToken succeeded
01-11 03:49:48.057  1913  1913 D fpc_tac : fpc_tee_set_cancel
01-11 03:49:48.057  1913  1913 D fpc_fingerprint_hal: --> set_cancel_image_injection
01-11 03:49:48.057  1913  1913 D fpc_fingerprint_hal: fpc_worker_join_task
01-11 03:49:48.057  1913  2223 E fpc_tac : fpc_irq_wait {{29,10,0},{7,1,1}}
01-11 03:49:48.057  1913  2223 E fpc_tac : fpc_irq_wait error -7
01-11 03:49:48.057  1913  2223 E fpc_tac : fpc_tee_wait_finger_down_internal, irq wait error status: -7
01-11 03:49:48.057  1913  2223 D fpc_tac : fpc_tee_capture_image_internal, finger down 0
01-11 03:49:48.057  1913  2223 D fpc_tac : Waited more than 500 ms, reset qualification counter
01-11 03:49:48.058     0     0 I trusty  : [FPC LIB][D] --> fpc_ta_sensor_command_handler
01-11 03:49:48.058     0     0 I trusty  : [FPC LIB][D] fpc_ta_sensor_command_handler: command: 5
01-11 03:49:48.058     0     0 I trusty  : [FPC LIB][D] --> fpc_ta_deep_sleep
01-11 03:49:48.058  2240  3232 D BiometricStatusRepositoryImpl: authenticationState updated: Stopped(biometricSourceType=FACE, requestReason=NotRunning)
01-11 03:49:48.058  1524  2177 D BiometricSchedulerOperation: [Finished / destroy]: {[67] com.android.server.biometrics.sensors.face.aidl.FaceAuthenticationClient, proto=3, owner=com.android.systemui, cookie=0, requestId=7, userId=0}
01-11 03:49:48.058   960   960 D usf_sensor_hal: ambient light: Enter Batch. Period = 5000000, latency = 0.
01-11 03:49:48.058   960  1800 I sensor-suez: Vendor atom [id = 100243] reported.
01-11 03:49:48.059     0     0 I trusty  : [FPC LIB][D] <-- fpc_ta_deep_sleep
01-11 03:49:48.059     0     0 I trusty  : [FPC LIB][D] <-- fpc_ta_sensor_command_handler, return: 0
01-11 03:49:48.059  2240  2240 D BiometricStatusRepositoryImpl: fingerprintAuthenticationState updated: Stopped(biometricSourceType=FINGERPRINT, requestReason=NotRunning)
01-11 03:49:48.059  2240  2240 D BiometricStatusRepositoryImpl: fingerprintRunningState updated: Stopped(biometricSourceType=FINGERPRINT, requestReason=NotRunning)
01-11 03:49:48.059  2240  2240 D BiometricStatusRepositoryImpl: fingerprintAuthenticationReason updated: NotRunning
01-11 03:49:48.059  1524  2177 V ALSProbe: Disable ALS: 109008297
01-11 03:49:48.059  1524  2177 D BiometricScheduler: [Finishing] {[67] com.android.server.biometrics.sensors.face.aidl.FaceAuthenticationClient, proto=3, owner=com.android.systemui, cookie=0, requestId=7, userId=0}, success: true
01-11 03:49:48.059  1524  2177 D BiometricScheduler: No operations, returning to idle
01-11 03:49:48.059  2240  2261 D BiometricStatusRepositoryImpl: authenticationState updated: Succeeded(biometricSourceType=FACE, isStrongBiometric=true, requestReason=DeviceEntryAuthentication, userId=0)
01-11 03:49:48.060   941  2080 I Lyric   : multicam_node.cc:2051: Last tracked request frame number: 7, flush frame number: 7, produced_multicam_frame_number: 7, is_all_inflight_request_handled_by_flush_: 1
01-11 03:49:48.060  1913  2223 D fpc_tac : <-- fpc_tee_capture_image_internal, return: -7
01-11 03:49:48.060  1913  2223 D fpc_tac : <-- fpc_tee_capture_image, return: -7
01-11 03:49:48.060  1913  2223 E fpc_tac : fpc_tee_kpi_ctrl: ipc_size = 3848
01-11 03:49:48.060     0     0 I trusty  : [FPC LIB][D] --> fpc_kpi_command_handler
01-11 03:49:48.060     0     0 I trusty  : [FPC LIB][D] fpc_kpi_command_handler: kpi_ctrl.size: 3848, size_buffer: 3848, MAX_COMMAND_SIZE: 120
01-11 03:49:48.060     0     0 I trusty  : [FPC LIB][D] kpi_stop_internal: p_tkpi->size: 0,p_tkpi->offset: 0 
01-11 03:49:48.060     0     0 I trusty  : [FPC LIB][D] kpi_stop_internal: p_tkpi->size: 2
01-11 03:49:48.060     0     0 I trusty  : [FPC LIB][D] kpi_stop_internal: size_buffer: 3848
01-11 03:49:48.060     0     0 I trusty  : [FPC LIB][D] fpc_kpi_stop
01-11 03:49:48.060     0     0 I trusty  : [FPC LIB][D] fpc_kpi_command_handler: kpi_ctrl.size: 2, size_buffer: 3848
01-11 03:49:48.060  1913  2223 E fpc_tac : fpc_tee_kpi_ctrl: act_data_size: 2, remaining_size: 2, payload_size: 2
01-11 03:49:48.060  1913  2223 E fpc_tac : fpc_tee_kpi_ctrl: act_data_size: 2, remaining_size: 0, payload_size: 2
01-11 03:49:48.060  1913  2223 D fpc_tac : fpc_tee_kpi_ctrl ret=0
01-11 03:49:48.060  1913  2223 E fpc_tac : kpi_print_all_results: open error '/data/fpc/diag_logs/oddc_DEBUG_NA_20260110205509_zumapro_#google_ct3_sw49.0.6_240131#.csv'
01-11 03:49:48.060  1913  2223 E fpc_fingerprint_hal: do_authenticate failed FPC_ERROR_CANCELLED
01-11 03:49:48.060  1913  2223 D fpc_fingerprint_hal: prepare_status_report: coverage = 0, quality = 0, score = 0
01-11 03:49:48.060  1913  2223 D fpc_fingerprint_hal: prepare_status_report: auth_status: 2,acquired_code: -7, capture_latency_ms: 0, matcher_latency_ms: 0, auto_retry_count: 0
01-11 03:49:48.060  1913  2223 D fpc_fingerprint_hal: on_status_report: auth_status: 2,acquired_code: -7, capture_latency_ms: 0, matcher_latency_ms: 0, auto_retry_count: 0
01-11 03:49:48.061  1913  1913 D fpc_tac : fpc_tee_clear_cancel
01-11 03:49:48.061  1913  1913 D fpc_fingerprint_hal: --> clear_cancel_image_injection
01-11 03:49:48.061  1913  1913 D fpc_fingerprint_hal: <-- clear_cancel_image_injection
01-11 03:49:48.061  1913  1913 D fpc_fingerprint_hal: fpc_worker_join_task
01-11 03:49:48.061   941  1981 I Lyric   : retiming_node.cc:586: FrontOuter(hal id: 5), Reporting image frame drop to framework for stream id: 0, request id: 5
01-11 03:49:48.061  2841  2841 I ActiveUnlock: onDeviceUnlocked [CONTEXT service_id=327 ]
01-11 03:49:48.061   941  1982 I Lyric   : camera_device_session_manager_base.cc:1255: Reporting metadata frame drop for camera: FrontMultiFov, request id: 6, partial result count: 2
01-11 03:49:48.061   516  1643 I keystore2: system/security/keystore2/src/authorization.rs:130 - on_device_unlocked(AndroidUserId(0), password.is_some()=false)
01-11 03:49:48.061   941  1981 I Lyric   : retiming_node.cc:586: FrontOuter(hal id: 5), Reporting image frame drop to framework for stream id: 0, request id: 6
01-11 03:49:48.061   941  1982 I Lyric   : camera_device_session_manager_base.cc:1255: Reporting metadata frame drop for camera: FrontMultiFov, request id: 7, partial result count: 2
01-11 03:49:48.061   941  1981 I Lyric   : retiming_node.cc:586: FrontOuter(hal id: 5), Reporting image frame drop to framework for stream id: 0, request id: 7
01-11 03:49:48.061  1200  2217 D ACameraDeviceVendor: Device error received, code 3, frame number 6, request ID 0, subseq ID 0 physical camera ID 
01-11 03:49:48.062   941  1443 I GCH_CameraDeviceSession: NotifyErrorMessage: [sbc] Request 8 with stream (-1), return error code (2)
01-11 03:49:48.062   941  2080 I Lyric   : sensor_node.cc:1586: cam5_sensor flush called with flush_mark at request: 7
01-11 03:49:48.062   941 29382 I GCH_CameraDeviceSession: UpdatePendingRequest: [sbc] All inflight requests/streams cleared. Notified SBC for flushing.
01-11 03:49:48.062   941  1443 I GCH_CameraDeviceSession: NotifyBufferError: [sbc] Return Buffer Error Status for frame 8
01-11 03:49:48.062   941  2080 I Lyric   : front_end_node.cc:1036: cam5_frontend flush at flush_mark 7 output frame stats (ignores fence-signaled drops): {process_input_count = 0, dropped_all_outputs = 0, valid_ae = 0, valid_pre_lsc_ae = 0, valid_uae = 0, valid_awb = 0, valid_histogram = 0, valid_flicker = 0, valid_motion = 0, valid_cdaf = 0, valid_pdaf = 0, valid_align = 0, valid_alias_map = 0, valid_gaussian_pyramid = 0, valid_scaled_rgb_stats = 0, valid_scaled_yuv_stats = 0, valid_lsc = 0, valid_bilateral_grid = 0, valid_scaled_rgb = 0, valid_scaled_yuv = 0, valid_cam_data_dump = 0, valid_pixel_patch = 0}
01-11 03:49:48.062   941  2080 I Lyric   : zuma_front_end_controller.cc:412: [CAM5] Flushing at Normal mode
01-11 03:49:48.062   941  2080 I Lyric   : per_camera_barrier_impl.cc:47: Blocker for FeControllerBlockCam5ToStop#1ForFlush acquired
01-11 03:49:48.062   941  2080 I Lyric   : inflight_config_queue.cc:151: [CAM5][ISPFE] Flushing 1 pending configs. Queue: last completed: (sensor frame # 7 (abs 6), id: 7396) pending: (sensor frame # 8 (abs 7), id: 7397), 
01-11 03:49:48.062   941 29387 I GCH_CameraDeviceSession: operator(): [sbc] Flushed buf[0xb4000078be6a1590] bid[5] strm[0] frm[xx]
01-11 03:49:48.062   941  2080 I Lyric   : fe_programming_async.cc:387: [CAM5][ISPFE] Rewinding PDMA write pointer to end of sensor frame # 7 (abs 6) commands. Write pointer: 112
01-11 03:49:48.062   941  2080 I Lyric   : frame_images_queue_handler.cc:140: [CAM5] Bayer[0] Canceled sensor frames 8 Flushed [CAM5] Bayer[0] frame
01-11 03:49:48.062  1156 29376 I CameraService: Stop camera streaming for client.pid<1200> (PID 1200, UID 1000)
01-11 03:49:48.062   941  2080 I Lyric   : lmp_pipeline.cc:604: [Bayer4][CAM5] Removed obsolete lmp frame (not frame 7) 8
01-11 03:49:48.062   941  2080 I Lyric   : zuma_lmp_context.cc:123: Flushing Lmp context bayer
01-11 03:49:48.062   941  2080 I Lyric   : lmp_pipeline.cc:497: [Bayer4][CAM5] Drain(timeout=166.690075ms) entered. Number of frames in the queue is 1
01-11 03:49:48.062   941  2080 I Lyric   : lmp_pipeline.cc:513: [Bayer4][CAM5] Waiting for pipeline to drain. There are 1 pending transactions for frames: sensor frame numbers: [7], abs frame numbers: [6]
01-11 03:49:48.063  2240  2240 D AlternateBouncerInteractor: canShowAlternateBouncer changed to false
01-11 03:49:48.063  2240  2240 D StatusBarKeyguardViewManager: canShowAlternateBouncer turned false, maybe try hiding the alternate bouncer if it is already visible
01-11 03:49:48.063  2240  2240 D DeviceEntrySideFpsOverlayInteractor: showIndicatorForPrimaryBouncer updated: false
01-11 03:49:48.064  1524  2175 I AuthenticationPolicyService: AuthenticationStateListener#onAuthenticationError
01-11 03:49:48.064  1524  2175 D AcquisitionClient: onErrorInternal code: 5, finish: true
01-11 03:49:48.066  2240  2240 D KeyguardViewMediator: keyguardDone: 0
01-11 03:49:48.066  2240  2240 D KeyguardViewMediator: tryKeyguardDone: pendingForUser - NO_KEYGUARD_DONE_PENDING, animRan - false animRunning - false
01-11 03:49:48.066  2240  2240 D KeyguardViewMediator: OnHideAnimationFinished.run(0)
01-11 03:49:48.066  2240  2240 D KeyguardViewMediator: tryKeyguardDone: pendingForUser - NO_KEYGUARD_DONE_PENDING, animRan - true animRunning - false
01-11 03:49:48.067  1524  2175 D BiometricLogger: Error! Modality: fingerprint, latency: -1
01-11 03:49:48.067  1524  2175 W BiometricFrameworkStatsLogger: found a negative latency : -1
01-11 03:49:48.067  2240  2860 D BiometricStatusRepositoryImpl: authenticationState updated: Error(biometricSourceType=FINGERPRINT, errString=Fingerprint operation canceled, errCode=5, requestReason=DeviceEntryAuthentication)
01-11 03:49:48.067  1524  2175 D BiometricStateCallback: Client finished, state updated to 0, client {[65] com.android.server.biometrics.sensors.fingerprint.aidl.FingerprintAuthenticationClient, proto=3, owner=com.android.systemui, cookie=0, requestId=22, userId=0}
01-11 03:49:48.067  1524  2175 D SideFpsEventHandler: onStateChanged : 0
01-11 03:49:48.067  1524  2175 D SideFpsEventHandler: Dismissing dialog with reason: STATE_IDLE
01-11 03:49:48.068  1524  2175 D BiometricSchedulerOperation: [Finished / destroy]: {[65] com.android.server.biometrics.sensors.fingerprint.aidl.FingerprintAuthenticationClient, proto=3, owner=com.android.systemui, cookie=0, requestId=22, userId=0}
01-11 03:49:48.068  2240  2240 D FingerprintManager: Cancel fingerprint authentication requested for: 22
01-11 03:49:48.068  9468  9468 E CannedAnimCoordinator: Trying to play two animations together, m6.t@bb94ddc and null
01-11 03:49:48.068  2240  2285 D Bubbles : handleKeyguardOrDreamChange isUnlockedShade=false keyguardShowing=true dreamingOrInPreview=false
01-11 03:49:48.068  2240  2275 D Bubbles : BubbleController.onStatusBarStateChanged() isShade=false didChange=false mNotifEntryToExpandOnShadeUnlock=null
01-11 03:49:48.069  2240  2240 D KeyguardViewMediator: keyguardGoingAway requested for userId: 0
01-11 03:49:48.069   960   960 D usf_sensor_hal: ambient light: Enter Batch. Period = 5000000, latency = 0.
01-11 03:49:48.069  2240  2240 D DeviceEntrySideFpsOverlayInteractor: showIndicatorForPrimaryBouncer updated: false
01-11 03:49:48.069   960  1800 I sensor-suez: Vendor atom [id = 100243] reported.
01-11 03:49:48.069  9468  9468 D LauncherStateManager: StateManager.cancelAnimation: animation ongoing: false, partial trace:
01-11 03:49:48.069  9468  9468 D LauncherStateManager: 	at com.android.launcher3.statemanager.StateManager.setCurrentAnimation(go/retraceme d4e7a72db7b2ca5946084cb52ecbd6a506a7e98a65573c14c03dd71c325b7f9f:60)
01-11 03:49:48.069  9468  9468 D LauncherStateManager: 	at com.android.launcher3.statemanager.StateManager.setCurrentAnimation(go/retraceme d4e7a72db7b2ca5946084cb52ecbd6a506a7e98a65573c14c03dd71c325b7f9f:90)
01-11 03:49:48.069  9468  9468 D LauncherStateManager: 	at com.android.launcher3.util.CannedAnimationCoordinator.setAnimation(go/retraceme d4e7a72db7b2ca5946084cb52ecbd6a506a7e98a65573c14c03dd71c325b7f9f:146)
01-11 03:49:48.069  1524  5141 D WindowManager: Remove SleepToken: tag=keyguard, displayId=0
01-11 03:49:48.070  1524  5141 D ActivityTaskManager: Top Process State changed to PROCESS_STATE_TOP
01-11 03:49:48.070  2240  2275 V WindowManagerShell: Transition requested (#237): android.os.BinderProxy@30de7b6 TransitionRequestInfo { type = TO_BACK, triggerTask = null, pipChange = null, remoteTransitionInfo = null, displayChange = null, requestedLocation = null, userChange = null, windowingLayerChange = null, fullscreenRequestChange = null, flags = 260, debugId = 237 }
01-11 03:49:48.070  1524  5141 W TransitionChain: Combining sleepTokens into #237(TO_BACK|R|0x104) from kgGoAway
01-11 03:49:48.070  2240  2275 V ShellDesktopMode: DisplayDisconnectTransitionHandler: handleRequest: transition=android.os.BinderProxy@30de7b6, request=TransitionRequestInfo { type = TO_BACK, triggerTask = null, pipChange = null, remoteTransitionInfo = null, displayChange = null, requestedLocation = null, userChange = null, windowingLayerChange = null, fullscreenRequestChange = null, flags = 260, debugId = 237 }
01-11 03:49:48.070  2240  2275 W DisplayDisconnectTransitionHandler: No disconnect change found in the transition, not handling request.
01-11 03:49:48.070  2240  2275 V WindowManagerShell: Transition (#237): request handled by KeyguardTransitionHandler
01-11 03:49:48.070  2240  2240 I KeyguardTransitionRepository: STARTED transition: TransitionStep(from=LOCKSCREEN, to=GONE, value=0.0, transitionState=STARTED, ownerName=FromLockscreenTransitionInteractor(keyguard interactor says keyguard is going away))
01-11 03:49:48.071  2240  2240 D BiometricStatusRepositoryImpl: fingerprintAuthenticationState updated: Error(biometricSourceType=FINGERPRINT, errString=Fingerprint operation canceled, errCode=5, requestReason=DeviceEntryAuthentication)
01-11 03:49:48.073   526  2958 I libbinder.BpBinder: onLastStrongRef automatically unlinking death recipients for binder (0xb400007942cedc10) with descriptor: '(not cached)'
01-11 03:49:48.074  1524  2187 D BackgroundInstallControlService: Package event received: 0
01-11 03:49:48.075  1524  2187 D BackgroundInstallControlService: Package event received: 0
01-11 03:49:48.077     0     0 I trusty  : WARN: system/keymint/ta/src/lib.rs:1281 failing DeviceBegin request with error Hal(KeyUserNotAuthenticated, "system/keymint/ta/src/operation.rs:703: now Timestamp { milliseconds: 21634408 } is later than auth token time Timestamp { milliseconds: 21196672 }
01-11 03:49:48.077     0     0 I trusty  :  + 15 seconds")
01-11 03:49:48.077   522 24918 W keymint-hal-trusty: kmr_hal: HAL: command DeviceBegin failed: -26
01-11 03:49:48.079  9468  9468 D BaseActivity: Launcher flags updated: [state_started] +[state_started]
01-11 03:49:48.079  9468  9468 D BaseActivity: Launcher flags updated: [state_started|state_resumed|state_user_active] +[state_resumed|state_user_active]
01-11 03:49:48.079  9468  9468 D BaseActivity: Launcher flags updated: [state_started|state_resumed|state_user_active] +[]
01-11 03:49:48.079  1524  2942 V WindowManager: deferTransitionReady deferReadyDepth=1 stack=com.android.server.wm.WindowOrganizerController.applyTransaction:665 com.android.server.wm.WindowOrganizerController.startTransition:428 com.android.server.wm.WindowOrganizerController.startTransition:334 android.window.IWindowOrganizerController$Stub.onTransact:259 com.android.server.wm.WindowOrganizerController.onTransact:235 
01-11 03:49:48.079  9468  9468 D BaseActivity: Launcher flags updated: [state_started|state_resumed|state_deferred_resumed|state_user_active] +[state_deferred_resumed]
01-11 03:49:48.079  9468  9468 D StatsLog: LAUNCHER_ONRESUME
01-11 03:49:48.079  1524  2942 E WindowOrganizerController: Attempt to remove invalid task: Task{9468efd #38120 type=dream A=10235:android:com.android.systemui/dream}
01-11 03:49:48.079  1524  2942 V WindowManager: continueTransitionReady deferReadyDepth=0 stack=com.android.server.wm.WindowOrganizerController.applyTransaction:806 com.android.server.wm.WindowOrganizerController.startTransition:428 com.android.server.wm.WindowOrganizerController.startTransition:334 android.window.IWindowOrganizerController$Stub.onTransact:259 com.android.server.wm.WindowOrganizerController.onTransact:235 
01-11 03:49:48.079  1524  2175 V ALSProbe: Disable ALS: 232869167
01-11 03:49:48.079  2240  2275 D WindowManagerShell: setLauncherKeepClearAreaHeight: visible=true, height=439
01-11 03:49:48.079  2240  3232 D BiometricStatusRepositoryImpl: authenticationState updated: Stopped(biometricSourceType=FINGERPRINT, requestReason=NotRunning)
01-11 03:49:48.080  2240  2240 D BiometricStatusRepositoryImpl: fingerprintAuthenticationState updated: Stopped(biometricSourceType=FINGERPRINT, requestReason=NotRunning)
01-11 03:49:48.080  2240  2240 D BiometricStatusRepositoryImpl: fingerprintRunningState updated: Stopped(biometricSourceType=FINGERPRINT, requestReason=NotRunning)
01-11 03:49:48.080  2240  2240 D BiometricStatusRepositoryImpl: fingerprintAuthenticationReason updated: NotRunning
01-11 03:49:48.080   516  1643 I keystore2: system/security/keystore2/src/super_key.rs:1060 - Successfully unlocked AndroidUserId(0) with biometric SecureUserId(1874637863759785001)
01-11 03:49:48.080  1524  2175 D BiometricScheduler: [Finishing] {[65] com.android.server.biometrics.sensors.fingerprint.aidl.FingerprintAuthenticationClient, proto=3, owner=com.android.systemui, cookie=0, requestId=22, userId=0}, success: false
01-11 03:49:48.080  1524  2175 D GestureAvailabilityTracker: Notifying gesture availability, active=true
01-11 03:49:48.080  1524  2175 D BiometricScheduler: [Polled] {[68] com.android.server.biometrics.sensors.fingerprint.aidl.FingerprintResetLockoutClient, proto=12, owner=android, cookie=0, requestId=-1, userId=0}, State: 0
01-11 03:49:48.080  1524  2175 D BiometricScheduler: [Started] {[68] com.android.server.biometrics.sensors.fingerprint.aidl.FingerprintResetLockoutClient, proto=12, owner=android, cookie=0, requestId=-1, userId=0}
01-11 03:49:48.081  9468  9505 D QuickstepModelDelegate: notifyAppTargetEvent action=1 launchLocation=workspace/0/[-1,-1]/[1,1]
01-11 03:49:48.082     0     0 I trusty  : [FPC LIB][D] fpc_ta_hw_auth_handler command 8
01-11 03:49:48.082     0     0 I trusty  : [FPC LIB][D] fpc_fs_write Writing file failed_count in  trusty
01-11 03:49:48.082  9468  9468 D NexusLauncherModelDelegate: notifySmartspaceEvent: SmartspaceTargetEvent{mSmartspaceTarget=null, mSmartspaceActionId='null', mEventType=6}
01-11 03:49:48.082  1913  1913 I android.hardware.biometrics.fingerprint-service.fpc42_fw49: resetLockout
01-11 03:49:48.082  1913  2027 D android.hardware.biometrics.fingerprint-service.fpc42_fw49: fpc auth token size 69, HardwareAuthToken: 64
01-11 03:49:48.082  1913  2027 D fpc_fingerprint_hal: -->fpc_resetlockout_cleared
01-11 03:49:48.082  1913  2027 D fpc_tac : fpc_tee_authorize_lockout
01-11 03:49:48.084     0     0 I trusty  : [FPC LIB][I] fpc_wrap_crypto: begin
01-11 03:49:48.084     0     0 I trusty  : [FPC LIB][E] fpc_wrap_crypto: end
01-11 03:49:48.084     0     0 I trusty  : [FPC LIB][D] fpc_fs_write: storage_write for failed_count size: 4
01-11 03:49:48.084  2453  2453 D NfcService: applyScreenState: screenState = ON_UNLOCKED
01-11 03:49:48.084  2453  2453 D NfcService: applyScreenState: screenState != mScreenState=4
01-11 03:49:48.084  2453  2453 D NfcService: handleMessage: MSG_APPLY_SCREEN_STATE ON_UNLOCKED
