01-11 03:49:46.136  1200 29298 I android.hardware.biometrics.face-service.pixel: onCaptureStarted(frame_number=5,timestamp=21629354965025)
01-11 03:49:46.155  1200 29298 W android.hardware.biometrics.face-service.pixel: AWB vendor byte array invalid size: 1
01-11 03:49:46.155  1200 29298 I android.hardware.biometrics.face-service.pixel: OnLogicalCameraCaptureCompleted(timestamp=21629354965025)
01-11 03:49:46.155  1200  2186 I android.hardware.biometrics.face-service.pixel: Evicting in use image
01-11 03:49:46.159  1200 29326 I android.hardware.biometrics.face-service.pixel: [ThreadPool]OnImageAvailable(): Operation scheduled.
01-11 03:49:46.160  1200 29297 I android.hardware.biometrics.face-service.pixel: [ThreadPool]OnImageAvailable(): Operation started.
01-11 03:49:46.160  1200 29297 I android.hardware.biometrics.face-service.pixel: OnImageAvailable(image_type=1)
01-11 03:49:46.160  1200 29297 I android.hardware.biometrics.face-service.pixel: AddImage(type=1, timestamp=21629354965025)
01-11 03:49:46.160  1200 29297 I android.hardware.biometrics.face-service.pixel: [ThreadPool]OnImageAvailable(): Operation finished.
01-11 03:49:46.160  1200  2186 I android.hardware.biometrics.face-service.pixel: Evicting in use image
01-11 03:49:46.160  1200  2186 I android.hardware.biometrics.face-service.pixel: ----Printing capture queue----
01-11 03:49:46.160  1200  2186 I android.hardware.biometrics.face-service.pixel:  max buffer size = 3
01-11 03:49:46.160  1200  2186 I android.hardware.biometrics.face-service.pixel: YUV.size()=1
01-11 03:49:46.160  1200  2186 I android.hardware.biometrics.face-service.pixel: 
01-11 03:49:46.160  1200  2186 I android.hardware.biometrics.face-service.pixel:       Timestamp|         Frame#|  FrameMetadata|            YUV|
01-11 03:49:46.160  1200  2186 I android.hardware.biometrics.face-service.pixel:  21629354965025|              5|            Yes|          READY|
01-11 03:49:46.160  1200  2186 I android.hardware.biometrics.face-service.pixel:       Timestamp
01-11 03:49:46.160  1200  2186 I android.hardware.biometrics.face-service.pixel: ----End printing capture queue----
01-11 03:49:46.160  1200  2186 I android.hardware.biometrics.face-service.pixel:  GetOldestCapture() returning capture at timestamp=21629354965025
01-11 03:49:46.160  1200  2186 I android.hardware.biometrics.face-service.pixel: Await image complete
01-11 03:49:46.165     0     0 I trusty  : logging.cc: 79: ***: :239: Command Received: AuthenticationEvaluate
01-11 03:49:46.168  1200  2186 E native  : E0000 00:00:1768099786.168173    2186 logging.cc:57] 15465381 : :72: Bundle buffer empty.
01-11 03:49:46.168  1200  2186 I android.hardware.biometrics.face-service.pixel: Soft error, FaceStatusCode: No presence detected.
01-11 03:49:46.169  1200 29298 I android.hardware.biometrics.face-service.pixel: onCaptureStarted(frame_number=6,timestamp=21629388589089)
01-11 03:49:46.169  1200  2186 W libc    : Access denied finding property ""
01-11 03:49:46.170  1200  2186 I android.hardware.biometrics.face-service.pixel: AwaitImage(6)
01-11 03:49:46.170  1200  2186 I android.hardware.biometrics.face-service.pixel: Evicting in use image
01-11 03:49:46.170  1200  2186 I android.hardware.biometrics.face-service.pixel: EraseCapture(timestamp=21629354965025)
01-11 03:49:46.170  1200  2186 I android.hardware.biometrics.face-service.pixel: DeleteImage(type=1, timestamp=21629354965025)
01-11 03:49:46.171  2240  3233 D BiometricStatusRepositoryImpl: authenticationState updated: Acquired(biometricSourceType=FACE, requestReason=DeviceEntryAuthentication, acquiredInfo=11)
01-11 03:49:46.171  2240  3233 D BiometricStatusRepositoryImpl: authenticationState updated: Help(biometricSourceType=FACE, helpString=CanΓÇÖt see your face. Hold your phone at eye level., helpCode=11, requestReason=DeviceEntryAuthentication)
01-11 03:49:46.166  1200  1200 W binder:1200_2: type=1400 audit(0.0:10792): avc:  denied  { read } for  name="u:object_r:default_prop:s0" dev="tmpfs" ino=182 scontext=u:r:hal_face_default:s0 tcontext=u:object_r:default_prop:s0 tclass=file permissive=0
01-11 03:49:46.188  1200 29298 W android.hardware.biometrics.face-service.pixel: AWB vendor byte array invalid size: 1
01-11 03:49:46.188  1200 29298 I android.hardware.biometrics.face-service.pixel: OnLogicalCameraCaptureCompleted(timestamp=21629388589089)
01-11 03:49:46.188  1200  2186 I android.hardware.biometrics.face-service.pixel: Evicting in use image
01-11 03:49:46.193  1200 29326 I android.hardware.biometrics.face-service.pixel: [ThreadPool]OnImageAvailable(): Operation scheduled.
01-11 03:49:46.193  1200 29297 I android.hardware.biometrics.face-service.pixel: [ThreadPool]OnImageAvailable(): Operation started.
01-11 03:49:46.193  1200 29297 I android.hardware.biometrics.face-service.pixel: OnImageAvailable(image_type=1)
01-11 03:49:46.193  1200 29297 I android.hardware.biometrics.face-service.pixel: AddImage(type=1, timestamp=21629388589089)
01-11 03:49:46.193  1200 29297 I android.hardware.biometrics.face-service.pixel: [ThreadPool]OnImageAvailable(): Operation finished.
01-11 03:49:46.193  1200  2186 I android.hardware.biometrics.face-service.pixel: Evicting in use image
01-11 03:49:46.193  1200  2186 I android.hardware.biometrics.face-service.pixel: ----Printing capture queue----
01-11 03:49:46.193  1200  2186 I android.hardware.biometrics.face-service.pixel:  max buffer size = 3
01-11 03:49:46.193  1200  2186 I android.hardware.biometrics.face-service.pixel: YUV.size()=1
01-11 03:49:46.193  1200  2186 I android.hardware.biometrics.face-service.pixel: 
01-11 03:49:46.193  1200  2186 I android.hardware.biometrics.face-service.pixel:       Timestamp|         Frame#|  FrameMetadata|            YUV|
01-11 03:49:46.193  1200  2186 I android.hardware.biometrics.face-service.pixel:  21629388589089|              6|            Yes|          READY|
01-11 03:49:46.193  1200  2186 I android.hardware.biometrics.face-service.pixel:       Timestamp
01-11 03:49:46.193  1200  2186 I android.hardware.biometrics.face-service.pixel: ----End printing capture queue----
01-11 03:49:46.193  1200  2186 I android.hardware.biometrics.face-service.pixel:  GetOldestCapture() returning capture at timestamp=21629388589089
01-11 03:49:46.194  1200  2186 I android.hardware.biometrics.face-service.pixel: Await image complete
01-11 03:49:46.196     0     0 I trusty  : logging.cc: 79: ***: :239: Command Received: AuthenticationEvaluate
01-11 03:49:46.199  1200  2186 E native  : E0000 00:00:1768099786.199277    2186 logging.cc:57] 15465412 : :72: Bundle buffer empty.
01-11 03:49:46.199  1200  2186 I android.hardware.biometrics.face-service.pixel: Soft error, FaceStatusCode: No presence detected.
01-11 03:49:46.200  1200  2186 W libc    : Access denied finding property ""
01-11 03:49:46.200  1200  2186 I android.hardware.biometrics.face-service.pixel: AwaitImage(7)
01-11 03:49:46.200  1200  2186 I android.hardware.biometrics.face-service.pixel: Evicting in use image
01-11 03:49:46.200  1200  2186 I android.hardware.biometrics.face-service.pixel: EraseCapture(timestamp=21629388589089)
01-11 03:49:46.200  1200  2186 I android.hardware.biometrics.face-service.pixel: DeleteImage(type=1, timestamp=21629388589089)
01-11 03:49:46.194  1200  1200 W binder:1200_2: type=1400 audit(0.0:10793): avc:  denied  { read } for  name="u:object_r:default_prop:s0" dev="tmpfs" ino=182 scontext=u:r:hal_face_default:s0 tcontext=u:object_r:default_prop:s0 tclass=file permissive=0
01-11 03:49:46.201  2240  2860 D BiometricStatusRepositoryImpl: authenticationState updated: Acquired(biometricSourceType=FACE, requestReason=DeviceEntryAuthentication, acquiredInfo=11)
01-11 03:49:46.202  1200 29298 I android.hardware.biometrics.face-service.pixel: onCaptureStarted(frame_number=7,timestamp=21629422213112)
01-11 03:49:46.202  2240  3232 D BiometricStatusRepositoryImpl: authenticationState updated: Help(biometricSourceType=FACE, helpString=CanΓÇÖt see your face. Hold your phone at eye level., helpCode=11, requestReason=DeviceEntryAuthentication)
01-11 03:49:46.222  1200 29298 W android.hardware.biometrics.face-service.pixel: AWB vendor byte array invalid size: 1
01-11 03:49:46.222  1200 29298 I android.hardware.biometrics.face-service.pixel: OnLogicalCameraCaptureCompleted(timestamp=21629422213112)
01-11 03:49:46.222  1200  2186 I android.hardware.biometrics.face-service.pixel: Evicting in use image
01-11 03:49:46.227  1200 29326 I android.hardware.biometrics.face-service.pixel: [ThreadPool]OnImageAvailable(): Operation scheduled.
01-11 03:49:46.227  1200 29297 I android.hardware.biometrics.face-service.pixel: [ThreadPool]OnImageAvailable(): Operation started.
01-11 03:49:46.227  1200 29297 I android.hardware.biometrics.face-service.pixel: OnImageAvailable(image_type=1)
01-11 03:49:46.228  1200 29297 I android.hardware.biometrics.face-service.pixel: AddImage(type=1, timestamp=21629422213112)
01-11 03:49:46.228  1200 29297 I android.hardware.biometrics.face-service.pixel: [ThreadPool]OnImageAvailable(): Operation finished.
01-11 03:49:46.228  1200  2186 I android.hardware.biometrics.face-service.pixel: Evicting in use image
01-11 03:49:46.228  1200  2186 I android.hardware.biometrics.face-service.pixel: ----Printing capture queue----
01-11 03:49:46.228  1200  2186 I android.hardware.biometrics.face-service.pixel:  max buffer size = 3
01-11 03:49:46.228  1200  2186 I android.hardware.biometrics.face-service.pixel: YUV.size()=1
01-11 03:49:46.228  1200  2186 I android.hardware.biometrics.face-service.pixel: 
01-11 03:49:46.228  1200  2186 I android.hardware.biometrics.face-service.pixel:       Timestamp|         Frame#|  FrameMetadata|            YUV|
01-11 03:49:46.228  1200  2186 I android.hardware.biometrics.face-service.pixel:  21629422213112|              7|            Yes|          READY|
01-11 03:49:46.228  1200  2186 I android.hardware.biometrics.face-service.pixel:       Timestamp
01-11 03:49:46.228  1200  2186 I android.hardware.biometrics.face-service.pixel: ----End printing capture queue----
01-11 03:49:46.228  1200  2186 I android.hardware.biometrics.face-service.pixel:  GetOldestCapture() returning capture at timestamp=21629422213112
01-11 03:49:46.228  1200  2186 I android.hardware.biometrics.face-service.pixel: Await image complete
01-11 03:49:46.231     0     0 I trusty  : logging.cc: 79: ***: :239: Command Received: AuthenticationEvaluate
01-11 03:49:46.234  1200  1200 W binder:1200_2: type=1400 audit(0.0:10794): avc:  denied  { read } for  name="u:object_r:default_prop:s0" dev="tmpfs" ino=182 scontext=u:r:hal_face_default:s0 tcontext=u:object_r:default_prop:s0 tclass=file permissive=0
01-11 03:49:46.238  1200  2186 E native  : E0000 00:00:1768099786.238320    2186 logging.cc:57] 15465451 : :72: Bundle buffer empty.
01-11 03:49:46.238  1200  2186 I android.hardware.biometrics.face-service.pixel: Soft error, FaceStatusCode: No presence detected.
01-11 03:49:46.239  1200  2186 W libc    : Access denied finding property ""
01-11 03:49:46.239  1200 29298 I android.hardware.biometrics.face-service.pixel: onCaptureStarted(frame_number=8,timestamp=21629455837136)
01-11 03:49:46.239  1200  2186 I android.hardware.biometrics.face-service.pixel: AwaitImage(8)
01-11 03:49:46.239  1200  2186 I android.hardware.biometrics.face-service.pixel: Evicting in use image
01-11 03:49:46.239  1200  2186 I android.hardware.biometrics.face-service.pixel: EraseCapture(timestamp=21629422213112)
01-11 03:49:46.239  1200  2186 I android.hardware.biometrics.face-service.pixel: DeleteImage(type=1, timestamp=21629422213112)
01-11 03:49:46.239  2240  3226 D BiometricStatusRepositoryImpl: authenticationState updated: Acquired(biometricSourceType=FACE, requestReason=DeviceEntryAuthentication, acquiredInfo=11)
01-11 03:49:46.240  2240  3226 D BiometricStatusRepositoryImpl: authenticationState updated: Help(biometricSourceType=FACE, helpString=CanΓÇÖt see your face. Hold your phone at eye level., helpCode=11, requestReason=DeviceEntryAuthentication)
01-11 03:49:46.248 21914 30709 W libbinder.Binder: Binder transaction to android.accounts.IAccountAuthenticator code 3 took 1502ms. Data bytes: 492 Reply bytes: 0 Flags: 17
01-11 03:49:46.255  1200 29298 W android.hardware.biometrics.face-service.pixel: AWB vendor byte array invalid size: 1
01-11 03:49:46.255  1200 29298 I android.hardware.biometrics.face-service.pixel: OnLogicalCameraCaptureCompleted(timestamp=21629455837136)
01-11 03:49:46.255  1200  2186 I android.hardware.biometrics.face-service.pixel: Evicting in use image
01-11 03:49:46.256  1524  2187 D BackgroundInstallControlService: Package event received: 0
01-11 03:49:46.261  1200 29326 I android.hardware.biometrics.face-service.pixel: [ThreadPool]OnImageAvailable(): Operation scheduled.
01-11 03:49:46.261  1200 29297 I android.hardware.biometrics.face-service.pixel: [ThreadPool]OnImageAvailable(): Operation started.
01-11 03:49:46.261  1200 29297 I android.hardware.biometrics.face-service.pixel: OnImageAvailable(image_type=1)
01-11 03:49:46.261  1200 29297 I android.hardware.biometrics.face-service.pixel: AddImage(type=1, timestamp=21629455837136)
01-11 03:49:46.261  1200  2186 I android.hardware.biometrics.face-service.pixel: Evicting in use image
01-11 03:49:46.261  1200  2186 I android.hardware.biometrics.face-service.pixel: ----Printing capture queue----
01-11 03:49:46.261  1200  2186 I android.hardware.biometrics.face-service.pixel:  max buffer size = 3
01-11 03:49:46.261  1200  2186 I android.hardware.biometrics.face-service.pixel: YUV.size()=1
01-11 03:49:46.261  1200  2186 I android.hardware.biometrics.face-service.pixel: 
01-11 03:49:46.261  1200  2186 I android.hardware.biometrics.face-service.pixel:       Timestamp|         Frame#|  FrameMetadata|            YUV|
01-11 03:49:46.261  1200  2186 I android.hardware.biometrics.face-service.pixel:  21629455837136|              8|            Yes|          READY|
01-11 03:49:46.261  1200  2186 I android.hardware.biometrics.face-service.pixel:       Timestamp
01-11 03:49:46.261  1200  2186 I android.hardware.biometrics.face-service.pixel: ----End printing capture queue----
01-11 03:49:46.261  1200  2186 I android.hardware.biometrics.face-service.pixel:  GetOldestCapture() returning capture at timestamp=21629455837136
01-11 03:49:46.261  1200  2186 I android.hardware.biometrics.face-service.pixel: Await image complete
01-11 03:49:46.262  1200 29297 I android.hardware.biometrics.face-service.pixel: [ThreadPool]OnImageAvailable(): Operation finished.
01-11 03:49:46.262     0     0 I trusty  : logging.cc: 79: ***: :239: Command Received: AuthenticationEvaluate
01-11 03:49:46.267  1200  2186 E native  : E0000 00:00:1768099786.267571    2186 logging.cc:57] 15465480 : :72: Bundle buffer empty.
01-11 03:49:46.267  1200  2186 I android.hardware.biometrics.face-service.pixel: Soft error, FaceStatusCode: No presence detected.
01-11 03:49:46.268  1200  2186 W libc    : Access denied finding property ""
01-11 03:49:46.269  1200  2186 I android.hardware.biometrics.face-service.pixel: AwaitImage(9)
01-11 03:49:46.269  1200  2186 I android.hardware.biometrics.face-service.pixel: Evicting in use image
01-11 03:49:46.269  1200  2186 I android.hardware.biometrics.face-service.pixel: EraseCapture(timestamp=21629455837136)
01-11 03:49:46.269  1200  2186 I android.hardware.biometrics.face-service.pixel: DeleteImage(type=1, timestamp=21629455837136)
01-11 03:49:46.269  1200 29298 I android.hardware.biometrics.face-service.pixel: onCaptureStarted(frame_number=9,timestamp=21629489461160)
01-11 03:49:46.271  2240  3232 D BiometricStatusRepositoryImpl: authenticationState updated: Acquired(biometricSourceType=FACE, requestReason=DeviceEntryAuthentication, acquiredInfo=11)
01-11 03:49:46.271  2240  3232 D BiometricStatusRepositoryImpl: authenticationState updated: Help(biometricSourceType=FACE, helpString=CanΓÇÖt see your face. Hold your phone at eye level., helpCode=11, requestReason=DeviceEntryAuthentication)
01-11 03:49:46.289  1200 29298 W android.hardware.biometrics.face-service.pixel: AWB vendor byte array invalid size: 1
01-11 03:49:46.289  1200 29298 I android.hardware.biometrics.face-service.pixel: OnLogicalCameraCaptureCompleted(timestamp=21629489461160)
01-11 03:49:46.289  1200  2186 I android.hardware.biometrics.face-service.pixel: Evicting in use image
01-11 03:49:46.294  1200 29326 I android.hardware.biometrics.face-service.pixel: [ThreadPool]OnImageAvailable(): Operation scheduled.
01-11 03:49:46.294  1200 29297 I android.hardware.biometrics.face-service.pixel: [ThreadPool]OnImageAvailable(): Operation started.
01-11 03:49:46.294  1200 29297 I android.hardware.biometrics.face-service.pixel: OnImageAvailable(image_type=1)
01-11 03:49:46.295  1200 29297 I android.hardware.biometrics.face-service.pixel: AddImage(type=1, timestamp=21629489461160)
01-11 03:49:46.295  1200 29297 I android.hardware.biometrics.face-service.pixel: [ThreadPool]OnImageAvailable(): Operation finished.
01-11 03:49:46.295  1200  2186 I android.hardware.biometrics.face-service.pixel: Evicting in use image
01-11 03:49:46.295  1200  2186 I android.hardware.biometrics.face-service.pixel: ----Printing capture queue----
01-11 03:49:46.295  1200  2186 I android.hardware.biometrics.face-service.pixel:  max buffer size = 3
01-11 03:49:46.295  1200  2186 I android.hardware.biometrics.face-service.pixel: YUV.size()=1
01-11 03:49:46.295  1200  2186 I android.hardware.biometrics.face-service.pixel: 
01-11 03:49:46.295  1200  2186 I android.hardware.biometrics.face-service.pixel:       Timestamp|         Frame#|  FrameMetadata|            YUV|
01-11 03:49:46.295  1200  2186 I android.hardware.biometrics.face-service.pixel:  21629489461160|              9|            Yes|          READY|
01-11 03:49:46.295  1200  2186 I android.hardware.biometrics.face-service.pixel:       Timestamp
01-11 03:49:46.295  1200  2186 I android.hardware.biometrics.face-service.pixel: ----End printing capture queue----
01-11 03:49:46.295  1200  2186 I android.hardware.biometrics.face-service.pixel:  GetOldestCapture() returning capture at timestamp=21629489461160
01-11 03:49:46.295  1200  2186 I android.hardware.biometrics.face-service.pixel: Await image complete
01-11 03:49:46.301     0     0 I trusty  : logging.cc: 79: ***: :239: Command Received: AuthenticationEvaluate
01-11 03:49:46.303  1200 29298 I android.hardware.biometrics.face-service.pixel: onCaptureStarted(frame_number=10,timestamp=21629523085224)
01-11 03:49:46.303  1200  2186 E native  : E0000 00:00:1768099786.303857    2186 logging.cc:57] 15465516 : :72: Bundle buffer empty.
01-11 03:49:46.304  1200  2186 I android.hardware.biometrics.face-service.pixel: Soft error, FaceStatusCode: No presence detected.
01-11 03:49:46.304  1200  2186 W libc    : Access denied finding property ""
01-11 03:49:46.304  1200  2186 I android.hardware.biometrics.face-service.pixel: AwaitImage(10)
01-11 03:49:46.304  1200  2186 I android.hardware.biometrics.face-service.pixel: Evicting in use image
01-11 03:49:46.304  1200  2186 I android.hardware.biometrics.face-service.pixel: EraseCapture(timestamp=21629489461160)
01-11 03:49:46.304  1200  2186 I android.hardware.biometrics.face-service.pixel: DeleteImage(type=1, timestamp=21629489461160)
01-11 03:49:46.305  2240  3232 D BiometricStatusRepositoryImpl: authenticationState updated: Acquired(biometricSourceType=FACE, requestReason=DeviceEntryAuthentication, acquiredInfo=11)
01-11 03:49:46.305  2240  3232 D BiometricStatusRepositoryImpl: authenticationState updated: Help(biometricSourceType=FACE, helpString=CanΓÇÖt see your face. Hold your phone at eye level., helpCode=11, requestReason=DeviceEntryAuthentication)
01-11 03:49:46.323  1200 29298 W android.hardware.biometrics.face-service.pixel: AWB vendor byte array invalid size: 1
01-11 03:49:46.323  1200 29298 I android.hardware.biometrics.face-service.pixel: OnLogicalCameraCaptureCompleted(timestamp=21629523085224)
01-11 03:49:46.323  1200  2186 I android.hardware.biometrics.face-service.pixel: Evicting in use image
01-11 03:49:46.328  1200 29326 I android.hardware.biometrics.face-service.pixel: [ThreadPool]OnImageAvailable(): Operation scheduled.
01-11 03:49:46.328  1200 29297 I android.hardware.biometrics.face-service.pixel: [ThreadPool]OnImageAvailable(): Operation started.
01-11 03:49:46.328  1200 29297 I android.hardware.biometrics.face-service.pixel: OnImageAvailable(image_type=1)
01-11 03:49:46.328  1200 29297 I android.hardware.biometrics.face-service.pixel: AddImage(type=1, timestamp=21629523085224)
01-11 03:49:46.328  1200 29297 I android.hardware.biometrics.face-service.pixel: [ThreadPool]OnImageAvailable(): Operation finished.
01-11 03:49:46.328  1200  2186 I android.hardware.biometrics.face-service.pixel: Evicting in use image
01-11 03:49:46.328  1200  2186 I android.hardware.biometrics.face-service.pixel: ----Printing capture queue----
01-11 03:49:46.328  1200  2186 I android.hardware.biometrics.face-service.pixel:  max buffer size = 3
01-11 03:49:46.328  1200  2186 I android.hardware.biometrics.face-service.pixel: YUV.size()=1
01-11 03:49:46.328  1200  2186 I android.hardware.biometrics.face-service.pixel: 
01-11 03:49:46.328  1200  2186 I android.hardware.biometrics.face-service.pixel:       Timestamp|         Frame#|  FrameMetadata|            YUV|
01-11 03:49:46.328  1200  2186 I android.hardware.biometrics.face-service.pixel:  21629523085224|             10|            Yes|          READY|
01-11 03:49:46.328  1200  2186 I android.hardware.biometrics.face-service.pixel:       Timestamp
01-11 03:49:46.328  1200  2186 I android.hardware.biometrics.face-service.pixel: ----End printing capture queue----
01-11 03:49:46.328  1200  2186 I android.hardware.biometrics.face-service.pixel:  GetOldestCapture() returning capture at timestamp=21629523085224
01-11 03:49:46.328  1200  2186 I android.hardware.biometrics.face-service.pixel: Await image complete
01-11 03:49:46.330     0     0 I trusty  : logging.cc: 79: ***: :239: Command Received: AuthenticationEvaluate
01-11 03:49:46.334  1200  2186 E native  : E0000 00:00:1768099786.334877    2186 logging.cc:57] 15465547 : :72: Bundle buffer empty.
01-11 03:49:46.335  1200  2186 I android.hardware.biometrics.face-service.pixel: Soft error, FaceStatusCode: No presence detected.
01-11 03:49:46.337  1200 29298 I android.hardware.biometrics.face-service.pixel: onCaptureStarted(frame_number=11,timestamp=21629556709287)
01-11 03:49:46.339  1200  2186 W libc    : Access denied finding property ""
01-11 03:49:46.339  1200  2186 I android.hardware.biometrics.face-service.pixel: AwaitImage(11)
01-11 03:49:46.339  1200  2186 I android.hardware.biometrics.face-service.pixel: Evicting in use image
01-11 03:49:46.339  1200  2186 I android.hardware.biometrics.face-service.pixel: EraseCapture(timestamp=21629523085224)
01-11 03:49:46.339  1200  2186 I android.hardware.biometrics.face-service.pixel: DeleteImage(type=1, timestamp=21629523085224)
01-11 03:49:46.340  2240  3226 D BiometricStatusRepositoryImpl: authenticationState updated: Acquired(biometricSourceType=FACE, requestReason=DeviceEntryAuthentication, acquiredInfo=11)
01-11 03:49:46.340  2240  3226 D BiometricStatusRepositoryImpl: authenticationState updated: Help(biometricSourceType=FACE, helpString=CanΓÇÖt see your face. Hold your phone at eye level., helpCode=11, requestReason=DeviceEntryAuthentication)
01-11 03:49:46.355  1200 29298 W android.hardware.biometrics.face-service.pixel: AWB vendor byte array invalid size: 1
01-11 03:49:46.355  1200 29298 I android.hardware.biometrics.face-service.pixel: OnLogicalCameraCaptureCompleted(timestamp=21629556709287)
01-11 03:49:46.355  1200  2186 I android.hardware.biometrics.face-service.pixel: Evicting in use image
01-11 03:49:46.360  1200 29326 I android.hardware.biometrics.face-service.pixel: [ThreadPool]OnImageAvailable(): Operation scheduled.
01-11 03:49:46.361  1200 29297 I android.hardware.biometrics.face-service.pixel: [ThreadPool]OnImageAvailable(): Operation started.
01-11 03:49:46.361  1200 29297 I android.hardware.biometrics.face-service.pixel: OnImageAvailable(image_type=1)
01-11 03:49:46.361  1200 29297 I android.hardware.biometrics.face-service.pixel: AddImage(type=1, timestamp=21629556709287)
01-11 03:49:46.361  1200 29297 I android.hardware.biometrics.face-service.pixel: [ThreadPool]OnImageAvailable(): Operation finished.
01-11 03:49:46.361  1200  2186 I android.hardware.biometrics.face-service.pixel: Evicting in use image
01-11 03:49:46.361  1200  2186 I android.hardware.biometrics.face-service.pixel: ----Printing capture queue----
01-11 03:49:46.361  1200  2186 I android.hardware.biometrics.face-service.pixel:  max buffer size = 3
01-11 03:49:46.361  1200  2186 I android.hardware.biometrics.face-service.pixel: YUV.size()=1
01-11 03:49:46.361  1200  2186 I android.hardware.biometrics.face-service.pixel: 
01-11 03:49:46.361  1200  2186 I android.hardware.biometrics.face-service.pixel:       Timestamp|         Frame#|  FrameMetadata|            YUV|
01-11 03:49:46.361  1200  2186 I android.hardware.biometrics.face-service.pixel:  21629556709287|             11|            Yes|          READY|
01-11 03:49:46.361  1200  2186 I android.hardware.biometrics.face-service.pixel:       Timestamp
01-11 03:49:46.361  1200  2186 I android.hardware.biometrics.face-service.pixel: ----End printing capture queue----
01-11 03:49:46.361  1200  2186 I android.hardware.biometrics.face-service.pixel:  GetOldestCapture() returning capture at timestamp=21629556709287
01-11 03:49:46.361  1200  2186 I android.hardware.biometrics.face-service.pixel: Await image complete
01-11 03:49:46.364     0     0 I trusty  : logging.cc: 79: ***: :239: Command Received: AuthenticationEvaluate
01-11 03:49:46.370  1200  2186 E native  : E0000 00:00:1768099786.370381    2186 logging.cc:57] 15465583 : :72: Bundle buffer empty.
01-11 03:49:46.370  1200 29298 I android.hardware.biometrics.face-service.pixel: onCaptureStarted(frame_number=12,timestamp=21629593158460)
01-11 03:49:46.370  1200  2186 I android.hardware.biometrics.face-service.pixel: Soft error, FaceStatusCode: No face detected.
01-11 03:49:46.371  1200  2186 W libc    : Access denied finding property ""
01-11 03:49:46.371  1200  2186 I android.hardware.biometrics.face-service.pixel: AwaitImage(12)
01-11 03:49:46.371  1200  2186 I android.hardware.biometrics.face-service.pixel: Evicting in use image
01-11 03:49:46.371  1200  2186 I android.hardware.biometrics.face-service.pixel: EraseCapture(timestamp=21629556709287)
01-11 03:49:46.371  1200  2186 I android.hardware.biometrics.face-service.pixel: DeleteImage(type=1, timestamp=21629556709287)
01-11 03:49:46.372  2240  3226 D BiometricStatusRepositoryImpl: authenticationState updated: Acquired(biometricSourceType=FACE, requestReason=DeviceEntryAuthentication, acquiredInfo=11)
01-11 03:49:46.372  2240  3226 D BiometricStatusRepositoryImpl: authenticationState updated: Help(biometricSourceType=FACE, helpString=CanΓÇÖt see your face. Hold your phone at eye level., helpCode=11, requestReason=DeviceEntryAuthentication)
01-11 03:49:46.391  1200 29298 W android.hardware.biometrics.face-service.pixel: AWB vendor byte array invalid size: 1
01-11 03:49:46.391  1200 29298 I android.hardware.biometrics.face-service.pixel: OnLogicalCameraCaptureCompleted(timestamp=21629593158460)
01-11 03:49:46.391  1200  2186 I android.hardware.biometrics.face-service.pixel: Evicting in use image
01-11 03:49:46.396  1200 29326 I android.hardware.biometrics.face-service.pixel: [ThreadPool]OnImageAvailable(): Operation scheduled.
01-11 03:49:46.396  1200 29297 I android.hardware.biometrics.face-service.pixel: [ThreadPool]OnImageAvailable(): Operation started.
01-11 03:49:46.396  1200 29297 I android.hardware.biometrics.face-service.pixel: OnImageAvailable(image_type=1)
01-11 03:49:46.396  1200 29297 I android.hardware.biometrics.face-service.pixel: AddImage(type=1, timestamp=21629593158460)
01-11 03:49:46.396  1200 29297 I android.hardware.biometrics.face-service.pixel: [ThreadPool]OnImageAvailable(): Operation finished.
01-11 03:49:46.396  1200  2186 I android.hardware.biometrics.face-service.pixel: Evicting in use image
01-11 03:49:46.396  1200  2186 I android.hardware.biometrics.face-service.pixel: ----Printing capture queue----
01-11 03:49:46.396  1200  2186 I android.hardware.biometrics.face-service.pixel:  max buffer size = 3
01-11 03:49:46.396  1200  2186 I android.hardware.biometrics.face-service.pixel: YUV.size()=1
01-11 03:49:46.396  1200  2186 I android.hardware.biometrics.face-service.pixel: 
01-11 03:49:46.396  1200  2186 I android.hardware.biometrics.face-service.pixel:       Timestamp|         Frame#|  FrameMetadata|            YUV|
01-11 03:49:46.396  1200  2186 I android.hardware.biometrics.face-service.pixel:  21629593158460|             12|            Yes|          READY|
01-11 03:49:46.396  1200  2186 I android.hardware.biometrics.face-service.pixel:       Timestamp
01-11 03:49:46.396  1200  2186 I android.hardware.biometrics.face-service.pixel: ----End printing capture queue----
01-11 03:49:46.396  1200  2186 I android.hardware.biometrics.face-service.pixel:  GetOldestCapture() returning capture at timestamp=21629593158460
01-11 03:49:46.396  1200  2186 I android.hardware.biometrics.face-service.pixel: Await image complete
01-11 03:49:46.399     0     0 I trusty  : logging.cc: 79: ***: :239: Command Received: AuthenticationEvaluate
01-11 03:49:46.404  1200 29298 I android.hardware.biometrics.face-service.pixel: onCaptureStarted(frame_number=13,timestamp=21629626157280)
01-11 03:49:46.405  1200  2186 E native  : E0000 00:00:1768099786.405529    2186 logging.cc:57] 15465618 : :72: Bundle buffer empty.
01-11 03:49:46.405  1200  2186 I android.hardware.biometrics.face-service.pixel: Soft error, FaceStatusCode: No face detected.
01-11 03:49:46.406  1200  2186 W libc    : Access denied finding property ""
01-11 03:49:46.406  1200  2186 I android.hardware.biometrics.face-service.pixel: AwaitImage(13)
01-11 03:49:46.406  1200  2186 I android.hardware.biometrics.face-service.pixel: Evicting in use image
01-11 03:49:46.406  1200  2186 I android.hardware.biometrics.face-service.pixel: EraseCapture(timestamp=21629593158460)
01-11 03:49:46.406  1200  2186 I android.hardware.biometrics.face-service.pixel: DeleteImage(type=1, timestamp=21629593158460)
01-11 03:49:46.406  2240  3226 D BiometricStatusRepositoryImpl: authenticationState updated: Acquired(biometricSourceType=FACE, requestReason=DeviceEntryAuthentication, acquiredInfo=11)
01-11 03:49:46.407  2240  3226 D BiometricStatusRepositoryImpl: authenticationState updated: Help(biometricSourceType=FACE, helpString=CanΓÇÖt see your face. Hold your phone at eye level., helpCode=11, requestReason=DeviceEntryAuthentication)
01-11 03:49:46.422  1200 29298 W android.hardware.biometrics.face-service.pixel: AWB vendor byte array invalid size: 1
01-11 03:49:46.422  1200 29298 I android.hardware.biometrics.face-service.pixel: OnLogicalCameraCaptureCompleted(timestamp=21629626157280)
01-11 03:49:46.422  1200  2186 I android.hardware.biometrics.face-service.pixel: Evicting in use image
01-11 03:49:46.427  1200 29326 I android.hardware.biometrics.face-service.pixel: [ThreadPool]OnImageAvailable(): Operation scheduled.
01-11 03:49:46.427  1200 29297 I android.hardware.biometrics.face-service.pixel: [ThreadPool]OnImageAvailable(): Operation started.
01-11 03:49:46.427  1200 29297 I android.hardware.biometrics.face-service.pixel: OnImageAvailable(image_type=1)
01-11 03:49:46.427  1200 29297 I android.hardware.biometrics.face-service.pixel: AddImage(type=1, timestamp=21629626157280)
01-11 03:49:46.427  1200 29297 I android.hardware.biometrics.face-service.pixel: [ThreadPool]OnImageAvailable(): Operation finished.
01-11 03:49:46.427  1200  2186 I android.hardware.biometrics.face-service.pixel: Evicting in use image
01-11 03:49:46.427  1200  2186 I android.hardware.biometrics.face-service.pixel: ----Printing capture queue----
01-11 03:49:46.427  1200  2186 I android.hardware.biometrics.face-service.pixel:  max buffer size = 3
01-11 03:49:46.427  1200  2186 I android.hardware.biometrics.face-service.pixel: YUV.size()=1
01-11 03:49:46.427  1200  2186 I android.hardware.biometrics.face-service.pixel: 
01-11 03:49:46.427  1200  2186 I android.hardware.biometrics.face-service.pixel:       Timestamp|         Frame#|  FrameMetadata|            YUV|
01-11 03:49:46.427  1200  2186 I android.hardware.biometrics.face-service.pixel:  21629626157280|             13|            Yes|          READY|
01-11 03:49:46.427  1200  2186 I android.hardware.biometrics.face-service.pixel:       Timestamp
01-11 03:49:46.427  1200  2186 I android.hardware.biometrics.face-service.pixel: ----End printing capture queue----
01-11 03:49:46.427  1200  2186 I android.hardware.biometrics.face-service.pixel:  GetOldestCapture() returning capture at timestamp=21629626157280
01-11 03:49:46.427  1200  2186 I android.hardware.biometrics.face-service.pixel: Await image complete
01-11 03:49:46.429     0     0 I trusty  : logging.cc: 79: ***: :239: Command Received: AuthenticationEvaluate
01-11 03:49:46.433  1200  2186 E native  : E0000 00:00:1768099786.433460    2186 logging.cc:57] 15465646 : :72: Bundle buffer empty.
01-11 03:49:46.433  1200  2186 I android.hardware.biometrics.face-service.pixel: Soft error, FaceStatusCode: No face detected.
01-11 03:49:46.434  1200  2186 W libc    : Access denied finding property ""
01-11 03:49:46.434  1200  2186 I android.hardware.biometrics.face-service.pixel: AwaitImage(14)
01-11 03:49:46.434  1200  2186 I android.hardware.biometrics.face-service.pixel: Evicting in use image
01-11 03:49:46.434  1200  2186 I android.hardware.biometrics.face-service.pixel: EraseCapture(timestamp=21629626157280)
01-11 03:49:46.434  1200  2186 I android.hardware.biometrics.face-service.pixel: DeleteImage(type=1, timestamp=21629626157280)
01-11 03:49:46.435  2240  3226 D BiometricStatusRepositoryImpl: authenticationState updated: Acquired(biometricSourceType=FACE, requestReason=DeviceEntryAuthentication, acquiredInfo=11)
01-11 03:49:46.436  2240  2317 D BiometricStatusRepositoryImpl: authenticationState updated: Help(biometricSourceType=FACE, helpString=CanΓÇÖt see your face. Hold your phone at eye level., helpCode=11, requestReason=DeviceEntryAuthentication)
01-11 03:49:46.436  1200 29298 I android.hardware.biometrics.face-service.pixel: onCaptureStarted(frame_number=14,timestamp=21629659156059)
01-11 03:49:46.455  1200 29298 W android.hardware.biometrics.face-service.pixel: AWB vendor byte array invalid size: 1
01-11 03:49:46.455  1200 29298 I android.hardware.biometrics.face-service.pixel: OnLogicalCameraCaptureCompleted(timestamp=21629659156059)
01-11 03:49:46.455  1200  2186 I android.hardware.biometrics.face-service.pixel: Evicting in use image
01-11 03:49:46.460  1200 29326 I android.hardware.biometrics.face-service.pixel: [ThreadPool]OnImageAvailable(): Operation scheduled.
01-11 03:49:46.460  1200 29297 I android.hardware.biometrics.face-service.pixel: [ThreadPool]OnImageAvailable(): Operation started.
01-11 03:49:46.460  1200 29297 I android.hardware.biometrics.face-service.pixel: OnImageAvailable(image_type=1)
01-11 03:49:46.460  1200 29297 I android.hardware.biometrics.face-service.pixel: AddImage(type=1, timestamp=21629659156059)
01-11 03:49:46.460  1200 29297 I android.hardware.biometrics.face-service.pixel: [ThreadPool]OnImageAvailable(): Operation finished.
01-11 03:49:46.460  1200  2186 I android.hardware.biometrics.face-service.pixel: Evicting in use image
01-11 03:49:46.460  1200  2186 I android.hardware.biometrics.face-service.pixel: ----Printing capture queue----
01-11 03:49:46.460  1200  2186 I android.hardware.biometrics.face-service.pixel:  max buffer size = 3
01-11 03:49:46.460  1200  2186 I android.hardware.biometrics.face-service.pixel: YUV.size()=1
01-11 03:49:46.460  1200  2186 I android.hardware.biometrics.face-service.pixel: 
01-11 03:49:46.460  1200  2186 I android.hardware.biometrics.face-service.pixel:       Timestamp|         Frame#|  FrameMetadata|            YUV|
01-11 03:49:46.460  1200  2186 I android.hardware.biometrics.face-service.pixel:  21629659156059|             14|            Yes|          READY|
01-11 03:49:46.460  1200  2186 I android.hardware.biometrics.face-service.pixel:       Timestamp
01-11 03:49:46.460  1200  2186 I android.hardware.biometrics.face-service.pixel: ----End printing capture queue----
01-11 03:49:46.460  1200  2186 I android.hardware.biometrics.face-service.pixel:  GetOldestCapture() returning capture at timestamp=21629659156059
01-11 03:49:46.460  1200  2186 I android.hardware.biometrics.face-service.pixel: Await image complete
01-11 03:49:46.462     0     0 I trusty  : logging.cc: 79: ***: :239: Command Received: AuthenticationEvaluate
01-11 03:49:46.469  1200  2186 E native  : E0000 00:00:1768099786.469023    2186 logging.cc:57] 15465681 : :72: Bundle buffer empty.
01-11 03:49:46.469  1200  2186 I android.hardware.biometrics.face-service.pixel: Requesting power boost.
01-11 03:49:46.469  1200  2186 I android.hardware.biometrics.face-service.pixel: Soft error, FaceStatusCode: Stream is not long enough.
01-11 03:49:46.469  1200 29298 I android.hardware.biometrics.face-service.pixel: onCaptureStarted(frame_number=15,timestamp=21629692154839)
01-11 03:49:46.469  1200  2186 W libc    : Access denied finding property ""
01-11 03:49:46.469  1200  2186 I android.hardware.biometrics.face-service.pixel: AwaitImage(15)
01-11 03:49:46.469  1200  2186 I android.hardware.biometrics.face-service.pixel: Evicting in use image
01-11 03:49:46.469  1200  2186 I android.hardware.biometrics.face-service.pixel: EraseCapture(timestamp=21629659156059)
01-11 03:49:46.469  1200  2186 I android.hardware.biometrics.face-service.pixel: DeleteImage(type=1, timestamp=21629659156059)
01-11 03:49:46.470  2240  2317 D BiometricStatusRepositoryImpl: authenticationState updated: Acquired(biometricSourceType=FACE, requestReason=DeviceEntryAuthentication, acquiredInfo=1)
01-11 03:49:46.470  2240  2317 D BiometricStatusRepositoryImpl: authenticationState updated: Help(biometricSourceType=FACE, helpString=CanΓÇÖt create your face model. Try again., helpCode=1, requestReason=DeviceEntryAuthentication)
01-11 03:49:46.488  1200 29298 W android.hardware.biometrics.face-service.pixel: AWB vendor byte array invalid size: 1
01-11 03:49:46.488  1200 29298 I android.hardware.biometrics.face-service.pixel: OnLogicalCameraCaptureCompleted(timestamp=21629692154839)
01-11 03:49:46.488  1200  2186 I android.hardware.biometrics.face-service.pixel: Evicting in use image
01-11 03:49:46.493  1200 29326 I android.hardware.biometrics.face-service.pixel: [ThreadPool]OnImageAvailable(): Operation scheduled.
01-11 03:49:46.493  1200 29297 I android.hardware.biometrics.face-service.pixel: [ThreadPool]OnImageAvailable(): Operation started.
01-11 03:49:46.493  1200 29297 I android.hardware.biometrics.face-service.pixel: OnImageAvailable(image_type=1)
01-11 03:49:46.493  1200 29297 I android.hardware.biometrics.face-service.pixel: AddImage(type=1, timestamp=21629692154839)
01-11 03:49:46.493  1200 29297 I android.hardware.biometrics.face-service.pixel: [ThreadPool]OnImageAvailable(): Operation finished.
01-11 03:49:46.493  1200  2186 I android.hardware.biometrics.face-service.pixel: Evicting in use image
01-11 03:49:46.493  1200  2186 I android.hardware.biometrics.face-service.pixel: ----Printing capture queue----
01-11 03:49:46.493  1200  2186 I android.hardware.biometrics.face-service.pixel:  max buffer size = 3
01-11 03:49:46.493  1200  2186 I android.hardware.biometrics.face-service.pixel: YUV.size()=1
01-11 03:49:46.493  1200  2186 I android.hardware.biometrics.face-service.pixel: 
01-11 03:49:46.493  1200  2186 I android.hardware.biometrics.face-service.pixel:       Timestamp|         Frame#|  FrameMetadata|            YUV|
01-11 03:49:46.493  1200  2186 I android.hardware.biometrics.face-service.pixel:  21629692154839|             15|            Yes|          READY|
01-11 03:49:46.493  1200  2186 I android.hardware.biometrics.face-service.pixel:       Timestamp
01-11 03:49:46.493  1200  2186 I android.hardware.biometrics.face-service.pixel: ----End printing capture queue----
01-11 03:49:46.493  1200  2186 I android.hardware.biometrics.face-service.pixel:  GetOldestCapture() returning capture at timestamp=21629692154839
01-11 03:49:46.493  1200  2186 I android.hardware.biometrics.face-service.pixel: Await image complete
01-11 03:49:46.495     0     0 I trusty  : logging.cc: 79: ***: :239: Command Received: AuthenticationEvaluate
01-11 03:49:46.502  1200 29298 I android.hardware.biometrics.face-service.pixel: onCaptureStarted(frame_number=16,timestamp=21629725153618)
01-11 03:49:46.510  1200  2186 E native  : E0000 00:00:1768099786.510547    2186 logging.cc:57] 15465723 : :72: Bundle buffer empty.
01-11 03:49:46.510  1200  2186 I android.hardware.biometrics.face-service.pixel: Requesting power boost.
01-11 03:49:46.510  1200  2186 I android.hardware.biometrics.face-service.pixel: Soft error, FaceStatusCode: Image too blurry or too noisy.
01-11 03:49:46.511  1200  2186 W libc    : Access denied finding property ""
01-11 03:49:46.511  1200  2186 I android.hardware.biometrics.face-service.pixel: AwaitImage(16)
01-11 03:49:46.511  1200  2186 I android.hardware.biometrics.face-service.pixel: Evicting in use image
01-11 03:49:46.511  1200  2186 I android.hardware.biometrics.face-service.pixel: EraseCapture(timestamp=21629692154839)
01-11 03:49:46.511  1200  2186 I android.hardware.biometrics.face-service.pixel: DeleteImage(type=1, timestamp=21629692154839)
01-11 03:49:46.512  2240  3232 D BiometricStatusRepositoryImpl: authenticationState updated: Acquired(biometricSourceType=FACE, requestReason=DeviceEntryAuthentication, acquiredInfo=3)
01-11 03:49:46.512  2240  3232 D BiometricStatusRepositoryImpl: authenticationState updated: Help(biometricSourceType=FACE, helpString=Not enough light, helpCode=3, requestReason=DeviceEntryAuthentication)
01-11 03:49:46.520  1200 29298 W android.hardware.biometrics.face-service.pixel: AWB vendor byte array invalid size: 1
01-11 03:49:46.520  1200 29298 I android.hardware.biometrics.face-service.pixel: OnLogicalCameraCaptureCompleted(timestamp=21629725153618)
01-11 03:49:46.521  1200  2186 I android.hardware.biometrics.face-service.pixel: Evicting in use image
01-11 03:49:46.526  1200 29326 I android.hardware.biometrics.face-service.pixel: [ThreadPool]OnImageAvailable(): Operation scheduled.
01-11 03:49:46.526  1200 29297 I android.hardware.biometrics.face-service.pixel: [ThreadPool]OnImageAvailable(): Operation started.
01-11 03:49:46.526  1200 29297 I android.hardware.biometrics.face-service.pixel: OnImageAvailable(image_type=1)
01-11 03:49:46.526  1200 29297 I android.hardware.biometrics.face-service.pixel: AddImage(type=1, timestamp=21629725153618)
01-11 03:49:46.526  1200 29297 I android.hardware.biometrics.face-service.pixel: [ThreadPool]OnImageAvailable(): Operation finished.
01-11 03:49:46.526  1200  2186 I android.hardware.biometrics.face-service.pixel: Evicting in use image
01-11 03:49:46.526  1200  2186 I android.hardware.biometrics.face-service.pixel: ----Printing capture queue----
01-11 03:49:46.526  1200  2186 I android.hardware.biometrics.face-service.pixel:  max buffer size = 3
01-11 03:49:46.526  1200  2186 I android.hardware.biometrics.face-service.pixel: YUV.size()=1
01-11 03:49:46.526  1200  2186 I android.hardware.biometrics.face-service.pixel: 
01-11 03:49:46.526  1200  2186 I android.hardware.biometrics.face-service.pixel:       Timestamp|         Frame#|  FrameMetadata|            YUV|
01-11 03:49:46.526  1200  2186 I android.hardware.biometrics.face-service.pixel:  21629725153618|             16|            Yes|          READY|
01-11 03:49:46.526  1200  2186 I android.hardware.biometrics.face-service.pixel:       Timestamp
01-11 03:49:46.526  1200  2186 I android.hardware.biometrics.face-service.pixel: ----End printing capture queue----
01-11 03:49:46.526  1200  2186 I android.hardware.biometrics.face-service.pixel:  GetOldestCapture() returning capture at timestamp=21629725153618
01-11 03:49:46.526  1200  2186 I android.hardware.biometrics.face-service.pixel: Await image complete
01-11 03:49:46.529     0     0 I trusty  : logging.cc: 79: ***: :239: Command Received: AuthenticationEvaluate
01-11 03:49:46.532  1200  2186 E native  : E0000 00:00:1768099786.531959    2186 logging.cc:57] 15465744 : :72: Bundle buffer empty.
01-11 03:49:46.532  1200  2186 I android.hardware.biometrics.face-service.pixel: Soft error, FaceStatusCode: No face detected.
01-11 03:49:46.532  1200  2186 W libc    : Access denied finding property ""
01-11 03:49:46.532  1200  2186 I android.hardware.biometrics.face-service.pixel: AwaitImage(17)
01-11 03:49:46.532  1200  2186 I android.hardware.biometrics.face-service.pixel: Evicting in use image
01-11 03:49:46.532  1200  2186 I android.hardware.biometrics.face-service.pixel: EraseCapture(timestamp=21629725153618)
01-11 03:49:46.532  1200  2186 I android.hardware.biometrics.face-service.pixel: DeleteImage(type=1, timestamp=21629725153618)
01-11 03:49:46.534  2240  2317 D BiometricStatusRepositoryImpl: authenticationState updated: Acquired(biometricSourceType=FACE, requestReason=DeviceEntryAuthentication, acquiredInfo=11)
01-11 03:49:46.535  1200 29298 I android.hardware.biometrics.face-service.pixel: onCaptureStarted(frame_number=17,timestamp=21629758152438)
01-11 03:49:46.535  2240  3232 D BiometricStatusRepositoryImpl: authenticationState updated: Help(biometricSourceType=FACE, helpString=CanΓÇÖt see your face. Hold your phone at eye level., helpCode=11, requestReason=DeviceEntryAuthentication)
01-11 03:49:46.552  1200 29298 I android.hardware.biometrics.face-service.pixel: OnLogicalCameraCaptureCompleted(timestamp=21629758152438)
01-11 03:49:46.553  1200  2186 I android.hardware.biometrics.face-service.pixel: Evicting in use image
01-11 03:49:46.558  1200 29326 I android.hardware.biometrics.face-service.pixel: [ThreadPool]OnImageAvailable(): Operation scheduled.
01-11 03:49:46.558  1200 29297 I android.hardware.biometrics.face-service.pixel: [ThreadPool]OnImageAvailable(): Operation started.
01-11 03:49:46.558  1200 29297 I android.hardware.biometrics.face-service.pixel: OnImageAvailable(image_type=1)
01-11 03:49:46.558  1200 29297 I android.hardware.biometrics.face-service.pixel: AddImage(type=1, timestamp=21629758152438)
01-11 03:49:46.558  1200 29297 I android.hardware.biometrics.face-service.pixel: [ThreadPool]OnImageAvailable(): Operation finished.
01-11 03:49:46.558  1200  2186 I android.hardware.biometrics.face-service.pixel: Evicting in use image
01-11 03:49:46.558  1200  2186 I android.hardware.biometrics.face-service.pixel: ----Printing capture queue----
01-11 03:49:46.558  1200  2186 I android.hardware.biometrics.face-service.pixel:  max buffer size = 3
01-11 03:49:46.558  1200  2186 I android.hardware.biometrics.face-service.pixel: YUV.size()=1
01-11 03:49:46.558  1200  2186 I android.hardware.biometrics.face-service.pixel: 
01-11 03:49:46.558  1200  2186 I android.hardware.biometrics.face-service.pixel:       Timestamp|         Frame#|  FrameMetadata|            YUV|
01-11 03:49:46.558  1200  2186 I android.hardware.biometrics.face-service.pixel:  21629758152438|             17|            Yes|          READY|
01-11 03:49:46.558  1200  2186 I android.hardware.biometrics.face-service.pixel:       Timestamp
01-11 03:49:46.558  1200  2186 I android.hardware.biometrics.face-service.pixel: ----End printing capture queue----
01-11 03:49:46.558  1200  2186 I android.hardware.biometrics.face-service.pixel:  GetOldestCapture() returning capture at timestamp=21629758152438
01-11 03:49:46.558  1200  2186 I android.hardware.biometrics.face-service.pixel: Await image complete
01-11 03:49:46.560     0     0 I trusty  : logging.cc: 79: ***: :239: Command Received: AuthenticationEvaluate
01-11 03:49:46.565  1200  2186 E native  : E0000 00:00:1768099786.565337    2186 logging.cc:57] 15465778 : :72: Bundle buffer empty.
01-11 03:49:46.565  1200  2186 I android.hardware.biometrics.face-service.pixel: Soft error, FaceStatusCode: No face detected.
01-11 03:49:46.566  1200  2186 W libc    : Access denied finding property ""
01-11 03:49:46.567  2240  2317 D BiometricStatusRepositoryImpl: authenticationState updated: Acquired(biometricSourceType=FACE, requestReason=DeviceEntryAuthentication, acquiredInfo=11)
01-11 03:49:46.567  2240  2317 D BiometricStatusRepositoryImpl: authenticationState updated: Help(biometricSourceType=FACE, helpString=CanΓÇÖt see your face. Hold your phone at eye level., helpCode=11, requestReason=DeviceEntryAuthentication)
01-11 03:49:46.566  1200  2186 I android.hardware.biometrics.face-service.pixel: AwaitImage(18)
01-11 03:49:46.567  1200  2186 I android.hardware.biometrics.face-service.pixel: Evicting in use image
01-11 03:49:46.567  1200  2186 I android.hardware.biometrics.face-service.pixel: EraseCapture(timestamp=21629758152438)
01-11 03:49:46.567  1200  2186 I android.hardware.biometrics.face-service.pixel: DeleteImage(type=1, timestamp=21629758152438)
01-11 03:49:46.569  1200 29298 I android.hardware.biometrics.face-service.pixel: onCaptureStarted(frame_number=18,timestamp=21629791151218)
01-11 03:49:46.587  1200 29298 I android.hardware.biometrics.face-service.pixel: OnLogicalCameraCaptureCompleted(timestamp=21629791151218)
01-11 03:49:46.587  1200  2186 I android.hardware.biometrics.face-service.pixel: Evicting in use image
01-11 03:49:46.590  1200 29326 I android.hardware.biometrics.face-service.pixel: [ThreadPool]OnImageAvailable(): Operation scheduled.
01-11 03:49:46.591  1200 29297 I android.hardware.biometrics.face-service.pixel: [ThreadPool]OnImageAvailable(): Operation started.
