01-11 03:49:47.386  1200  2186 I android.hardware.biometrics.face-service.pixel:  max buffer size = 3
01-11 03:49:47.386  1200  2186 I android.hardware.biometrics.face-service.pixel: YUV.size()=1
01-11 03:49:47.386  1200  2186 I android.hardware.biometrics.face-service.pixel: 
01-11 03:49:47.386  1200  2186 I android.hardware.biometrics.face-service.pixel:       Timestamp|         Frame#|  FrameMetadata|            YUV|
01-11 03:49:47.386  1200  2186 I android.hardware.biometrics.face-service.pixel:  21630584998142|             42|            Yes|          READY|
01-11 03:49:47.386  1200  2186 I android.hardware.biometrics.face-service.pixel:       Timestamp
01-11 03:49:47.386  1200  2186 I android.hardware.biometrics.face-service.pixel: ----End printing capture queue----
01-11 03:49:47.386  1200  2186 I android.hardware.biometrics.face-service.pixel:  GetOldestCapture() returning capture at timestamp=21630584998142
01-11 03:49:47.386  1200  2186 I android.hardware.biometrics.face-service.pixel: Await image complete
01-11 03:49:47.389     0     0 I trusty  : logging.cc: 79: ***: :239: Command Received: AuthenticationEvaluate
01-11 03:49:47.394  1200 29298 I android.hardware.biometrics.face-service.pixel: onCaptureStarted(frame_number=43,timestamp=21630617996921)
01-11 03:49:47.394  1200  2186 E native  : E0000 00:00:1768099787.394649    2186 logging.cc:57] 15466607 : :72: Bundle buffer empty.
01-11 03:49:47.394  1200  2186 I android.hardware.biometrics.face-service.pixel: Soft error, FaceStatusCode: No face detected.
01-11 03:49:47.395  1200  2186 W libc    : Access denied finding property ""
01-11 03:49:47.395  1200  2186 I android.hardware.biometrics.face-service.pixel: AwaitImage(43)
01-11 03:49:47.395  1200  2186 I android.hardware.biometrics.face-service.pixel: Evicting in use image
01-11 03:49:47.395  1200  2186 I android.hardware.biometrics.face-service.pixel: EraseCapture(timestamp=21630584998142)
01-11 03:49:47.395  1200  2186 I android.hardware.biometrics.face-service.pixel: DeleteImage(type=1, timestamp=21630584998142)
01-11 03:49:47.395  2240  2261 D BiometricStatusRepositoryImpl: authenticationState updated: Acquired(biometricSourceType=FACE, requestReason=DeviceEntryAuthentication, acquiredInfo=3)
01-11 03:49:47.396  2240  2860 D BiometricStatusRepositoryImpl: authenticationState updated: Help(biometricSourceType=FACE, helpString=Not enough light, helpCode=3, requestReason=DeviceEntryAuthentication)
01-11 03:49:47.414  1200 29298 W android.hardware.biometrics.face-service.pixel: AWB vendor byte array invalid size: 1
01-11 03:49:47.414  1200 29298 I android.hardware.biometrics.face-service.pixel: OnLogicalCameraCaptureCompleted(timestamp=21630617996921)
01-11 03:49:47.415  1200  2186 I android.hardware.biometrics.face-service.pixel: Evicting in use image
01-11 03:49:47.419  1200 29326 I android.hardware.biometrics.face-service.pixel: [ThreadPool]OnImageAvailable(): Operation scheduled.
01-11 03:49:47.419  1200 29297 I android.hardware.biometrics.face-service.pixel: [ThreadPool]OnImageAvailable(): Operation started.
01-11 03:49:47.420  1200 29297 I android.hardware.biometrics.face-service.pixel: OnImageAvailable(image_type=1)
01-11 03:49:47.420  1200 29297 I android.hardware.biometrics.face-service.pixel: AddImage(type=1, timestamp=21630617996921)
01-11 03:49:47.420  1200 29297 I android.hardware.biometrics.face-service.pixel: [ThreadPool]OnImageAvailable(): Operation finished.
01-11 03:49:47.420  1200  2186 I android.hardware.biometrics.face-service.pixel: Evicting in use image
01-11 03:49:47.420  1200  2186 I android.hardware.biometrics.face-service.pixel: ----Printing capture queue----
01-11 03:49:47.420  1200  2186 I android.hardware.biometrics.face-service.pixel:  max buffer size = 3
01-11 03:49:47.420  1200  2186 I android.hardware.biometrics.face-service.pixel: YUV.size()=1
01-11 03:49:47.420  1200  2186 I android.hardware.biometrics.face-service.pixel: 
01-11 03:49:47.420  1200  2186 I android.hardware.biometrics.face-service.pixel:       Timestamp|         Frame#|  FrameMetadata|            YUV|
01-11 03:49:47.420  1200  2186 I android.hardware.biometrics.face-service.pixel:  21630617996921|             43|            Yes|          READY|
01-11 03:49:47.420  1200  2186 I android.hardware.biometrics.face-service.pixel:       Timestamp
01-11 03:49:47.420  1200  2186 I android.hardware.biometrics.face-service.pixel: ----End printing capture queue----
01-11 03:49:47.420  1200  2186 I android.hardware.biometrics.face-service.pixel:  GetOldestCapture() returning capture at timestamp=21630617996921
01-11 03:49:47.420  1200  2186 I android.hardware.biometrics.face-service.pixel: Await image complete
01-11 03:49:47.422     0     0 I trusty  : logging.cc: 79: ***: :239: Command Received: AuthenticationEvaluate
01-11 03:49:47.429  1200 29298 I android.hardware.biometrics.face-service.pixel: onCaptureStarted(frame_number=44,timestamp=21630650995741)
01-11 03:49:47.442  1200  2186 E native  : E0000 00:00:1768099787.442179    2186 logging.cc:57] 15466655 : :72: Bundle buffer empty.
01-11 03:49:47.442  1200  2186 I android.hardware.biometrics.face-service.pixel: Requesting power boost.
01-11 03:49:47.442  1200  2186 I android.hardware.biometrics.face-service.pixel: Soft error, FaceStatusCode: Face is clipped on the left.
01-11 03:49:47.443  2240  2261 D BiometricStatusRepositoryImpl: authenticationState updated: Acquired(biometricSourceType=FACE, requestReason=DeviceEntryAuthentication, acquiredInfo=9)
01-11 03:49:47.444  1200  2186 W libc    : Access denied finding property ""
01-11 03:49:47.444  1200  2186 I android.hardware.biometrics.face-service.pixel: AwaitImage(44)
01-11 03:49:47.444  1200  2186 I android.hardware.biometrics.face-service.pixel: Evicting in use image
01-11 03:49:47.444  1200  2186 I android.hardware.biometrics.face-service.pixel: EraseCapture(timestamp=21630617996921)
01-11 03:49:47.444  1200  2186 I android.hardware.biometrics.face-service.pixel: DeleteImage(type=1, timestamp=21630617996921)
01-11 03:49:47.444  2240  2261 D BiometricStatusRepositoryImpl: authenticationState updated: Help(biometricSourceType=FACE, helpString=Move phone to your left, helpCode=9, requestReason=DeviceEntryAuthentication)
01-11 03:49:47.446  1200 29298 W android.hardware.biometrics.face-service.pixel: AWB vendor byte array invalid size: 1
01-11 03:49:47.446  1200 29298 I android.hardware.biometrics.face-service.pixel: OnLogicalCameraCaptureCompleted(timestamp=21630650995741)
01-11 03:49:47.446  1200  2186 I android.hardware.biometrics.face-service.pixel: Evicting in use image
01-11 03:49:47.452  1200 29326 I android.hardware.biometrics.face-service.pixel: [ThreadPool]OnImageAvailable(): Operation scheduled.
01-11 03:49:47.452  1200 29297 I android.hardware.biometrics.face-service.pixel: [ThreadPool]OnImageAvailable(): Operation started.
01-11 03:49:47.452  1200 29297 I android.hardware.biometrics.face-service.pixel: OnImageAvailable(image_type=1)
01-11 03:49:47.452  1200 29297 I android.hardware.biometrics.face-service.pixel: AddImage(type=1, timestamp=21630650995741)
01-11 03:49:47.452  1200 29297 I android.hardware.biometrics.face-service.pixel: [ThreadPool]OnImageAvailable(): Operation finished.
01-11 03:49:47.452  1200  2186 I android.hardware.biometrics.face-service.pixel: Evicting in use image
01-11 03:49:47.452  1200  2186 I android.hardware.biometrics.face-service.pixel: ----Printing capture queue----
01-11 03:49:47.452  1200  2186 I android.hardware.biometrics.face-service.pixel:  max buffer size = 3
01-11 03:49:47.452  1200  2186 I android.hardware.biometrics.face-service.pixel: YUV.size()=1
01-11 03:49:47.452  1200  2186 I android.hardware.biometrics.face-service.pixel: 
01-11 03:49:47.452  1200  2186 I android.hardware.biometrics.face-service.pixel:       Timestamp|         Frame#|  FrameMetadata|            YUV|
01-11 03:49:47.452  1200  2186 I android.hardware.biometrics.face-service.pixel:  21630650995741|             44|            Yes|          READY|
01-11 03:49:47.452  1200  2186 I android.hardware.biometrics.face-service.pixel:       Timestamp
01-11 03:49:47.452  1200  2186 I android.hardware.biometrics.face-service.pixel: ----End printing capture queue----
01-11 03:49:47.452  1200  2186 I android.hardware.biometrics.face-service.pixel:  GetOldestCapture() returning capture at timestamp=21630650995741
01-11 03:49:47.452  1200  2186 I android.hardware.biometrics.face-service.pixel: Await image complete
01-11 03:49:47.454     0     0 I trusty  : logging.cc: 79: ***: :239: Command Received: AuthenticationEvaluate
01-11 03:49:47.460  1200 29298 I android.hardware.biometrics.face-service.pixel: onCaptureStarted(frame_number=45,timestamp=21630683994520)
01-11 03:49:47.469  1200  2186 E native  : E0000 00:00:1768099787.469452    2186 logging.cc:57] 15466682 : :72: Bundle buffer empty.
01-11 03:49:47.469  1200  2186 I android.hardware.biometrics.face-service.pixel: Requesting power boost.
01-11 03:49:47.469  1200  2186 I android.hardware.biometrics.face-service.pixel: Soft error, FaceStatusCode: Face is clipped on the left.
01-11 03:49:47.470  1200  2186 W libc    : Access denied finding property ""
01-11 03:49:47.470  1200  2186 I android.hardware.biometrics.face-service.pixel: AwaitImage(45)
01-11 03:49:47.470  1200  2186 I android.hardware.biometrics.face-service.pixel: Evicting in use image
01-11 03:49:47.470  1200  2186 I android.hardware.biometrics.face-service.pixel: EraseCapture(timestamp=21630650995741)
01-11 03:49:47.470  1200  2186 I android.hardware.biometrics.face-service.pixel: DeleteImage(type=1, timestamp=21630650995741)
01-11 03:49:47.470  2240  2261 D BiometricStatusRepositoryImpl: authenticationState updated: Acquired(biometricSourceType=FACE, requestReason=DeviceEntryAuthentication, acquiredInfo=9)
01-11 03:49:47.470  2240  3232 D BiometricStatusRepositoryImpl: authenticationState updated: Help(biometricSourceType=FACE, helpString=Move phone to your left, helpCode=9, requestReason=DeviceEntryAuthentication)
01-11 03:49:47.480  1200 29298 W android.hardware.biometrics.face-service.pixel: AWB vendor byte array invalid size: 1
01-11 03:49:47.480  1200 29298 I android.hardware.biometrics.face-service.pixel: OnLogicalCameraCaptureCompleted(timestamp=21630683994520)
01-11 03:49:47.480  1200  2186 I android.hardware.biometrics.face-service.pixel: Evicting in use image
01-11 03:49:47.485  1200 29326 I android.hardware.biometrics.face-service.pixel: [ThreadPool]OnImageAvailable(): Operation scheduled.
01-11 03:49:47.486  1200 29297 I android.hardware.biometrics.face-service.pixel: [ThreadPool]OnImageAvailable(): Operation started.
01-11 03:49:47.486  1200 29297 I android.hardware.biometrics.face-service.pixel: OnImageAvailable(image_type=1)
01-11 03:49:47.486  1200 29297 I android.hardware.biometrics.face-service.pixel: AddImage(type=1, timestamp=21630683994520)
01-11 03:49:47.486  1200 29297 I android.hardware.biometrics.face-service.pixel: [ThreadPool]OnImageAvailable(): Operation finished.
01-11 03:49:47.486  1200  2186 I android.hardware.biometrics.face-service.pixel: Evicting in use image
01-11 03:49:47.486  1200  2186 I android.hardware.biometrics.face-service.pixel: ----Printing capture queue----
01-11 03:49:47.486  1200  2186 I android.hardware.biometrics.face-service.pixel:  max buffer size = 3
01-11 03:49:47.486  1200  2186 I android.hardware.biometrics.face-service.pixel: YUV.size()=1
01-11 03:49:47.486  1200  2186 I android.hardware.biometrics.face-service.pixel: 
01-11 03:49:47.486  1200  2186 I android.hardware.biometrics.face-service.pixel:       Timestamp|         Frame#|  FrameMetadata|            YUV|
01-11 03:49:47.486  1200  2186 I android.hardware.biometrics.face-service.pixel:  21630683994520|             45|            Yes|          READY|
01-11 03:49:47.486  1200  2186 I android.hardware.biometrics.face-service.pixel:       Timestamp
01-11 03:49:47.486  1200  2186 I android.hardware.biometrics.face-service.pixel: ----End printing capture queue----
01-11 03:49:47.486  1200  2186 I android.hardware.biometrics.face-service.pixel:  GetOldestCapture() returning capture at timestamp=21630683994520
01-11 03:49:47.486  1200  2186 I android.hardware.biometrics.face-service.pixel: Await image complete
01-11 03:49:47.486  1200  2186 I native  : I0000 00:00:1768099787.486896    2186 logging.cc:49] 15466699 : :172: Allocating dmabuf type: /dev/dma_heap/system, size: 4096
01-11 03:49:47.488     0     0 I trusty  : logging.cc: 79: ***: :239: Command Received: AuthenticationEvaluate
01-11 03:49:47.495  1200 29298 I android.hardware.biometrics.face-service.pixel: onCaptureStarted(frame_number=46,timestamp=21630714168150)
01-11 03:49:47.504  1200  2186 E native  : E0000 00:00:1768099787.504411    2186 logging.cc:57] 15466717 : :72: Bundle buffer empty.
01-11 03:49:47.504  1200  2186 I android.hardware.biometrics.face-service.pixel: Requesting power boost.
01-11 03:49:47.504  1200  2186 I android.hardware.biometrics.face-service.pixel: Soft error, FaceStatusCode: Face is clipped on the left.
01-11 03:49:47.505  1200  2186 W libc    : Access denied finding property ""
01-11 03:49:47.505  1200  2186 I android.hardware.biometrics.face-service.pixel: AwaitImage(46)
01-11 03:49:47.505  1200  2186 I android.hardware.biometrics.face-service.pixel: Evicting in use image
01-11 03:49:47.505  1200  2186 I android.hardware.biometrics.face-service.pixel: EraseCapture(timestamp=21630683994520)
01-11 03:49:47.505  1200  2186 I android.hardware.biometrics.face-service.pixel: DeleteImage(type=1, timestamp=21630683994520)
01-11 03:49:47.505  2240  2261 D BiometricStatusRepositoryImpl: authenticationState updated: Acquired(biometricSourceType=FACE, requestReason=DeviceEntryAuthentication, acquiredInfo=9)
01-11 03:49:47.505  2240  2261 D BiometricStatusRepositoryImpl: authenticationState updated: Help(biometricSourceType=FACE, helpString=Move phone to your left, helpCode=9, requestReason=DeviceEntryAuthentication)
01-11 03:49:47.514  1200 29298 I android.hardware.biometrics.face-service.pixel: OnLogicalCameraCaptureCompleted(timestamp=21630714168150)
01-11 03:49:47.514  1200  2186 I android.hardware.biometrics.face-service.pixel: Evicting in use image
01-11 03:49:47.519  1200 29326 I android.hardware.biometrics.face-service.pixel: [ThreadPool]OnImageAvailable(): Operation scheduled.
01-11 03:49:47.519  1200 29297 I android.hardware.biometrics.face-service.pixel: [ThreadPool]OnImageAvailable(): Operation started.
01-11 03:49:47.519  1200 29297 I android.hardware.biometrics.face-service.pixel: OnImageAvailable(image_type=1)
01-11 03:49:47.519  1200 29297 I android.hardware.biometrics.face-service.pixel: AddImage(type=1, timestamp=21630714168150)
01-11 03:49:47.519  1200 29297 I android.hardware.biometrics.face-service.pixel: [ThreadPool]OnImageAvailable(): Operation finished.
01-11 03:49:47.519  1200  2186 I android.hardware.biometrics.face-service.pixel: Evicting in use image
01-11 03:49:47.519  1200  2186 I android.hardware.biometrics.face-service.pixel: ----Printing capture queue----
01-11 03:49:47.519  1200  2186 I android.hardware.biometrics.face-service.pixel:  max buffer size = 3
01-11 03:49:47.519  1200  2186 I android.hardware.biometrics.face-service.pixel: YUV.size()=1
01-11 03:49:47.519  1200  2186 I android.hardware.biometrics.face-service.pixel: 
01-11 03:49:47.519  1200  2186 I android.hardware.biometrics.face-service.pixel:       Timestamp|         Frame#|  FrameMetadata|            YUV|
01-11 03:49:47.519  1200  2186 I android.hardware.biometrics.face-service.pixel:  21630714168150|             46|            Yes|          READY|
01-11 03:49:47.519  1200  2186 I android.hardware.biometrics.face-service.pixel:       Timestamp
01-11 03:49:47.519  1200  2186 I android.hardware.biometrics.face-service.pixel: ----End printing capture queue----
01-11 03:49:47.519  1200  2186 I android.hardware.biometrics.face-service.pixel:  GetOldestCapture() returning capture at timestamp=21630714168150
01-11 03:49:47.519  1200  2186 I android.hardware.biometrics.face-service.pixel: Await image complete
01-11 03:49:47.521     0     0 I trusty  : logging.cc: 79: ***: :239: Command Received: AuthenticationEvaluate
01-11 03:49:47.528  1200 29298 I android.hardware.biometrics.face-service.pixel: onCaptureStarted(frame_number=47,timestamp=21630747792174)
01-11 03:49:47.532  2380  2673 D TemperatureStateSource: sequence=1541 actualDelay=10001
01-11 03:49:47.532  2380  2673 D TemperatureStateSource: Reading temperature: sequence=1542
01-11 03:49:47.540 22657 22657 I pixel-thermal: VIRTUAL-SKIN:32.5642 raw data: CLOSE_WEIGHT:1 OPEN_WEIGHT:1.97865e-19 VIRTUAL-SKIN:32564.2 VIRTUAL-SKIN-CLOSE:32564.2 VIRTUAL-SKIN-CLOSE-SUB-1:32564.2 VIRTUAL-SKIN-CLOSE-SUB-2:32108.7 VIRTUAL-SKIN-CLOSE-SUB-3:31191.4 VIRTUAL-SKIN-CLOSE-SUB-4:29807.8 VIRTUAL-SKIN-LEGACY:32564.2 VIRTUAL-SKIN-OPEN:33461.9 VIRTUAL-SKIN-OPEN-SUB-1:31339.2 VIRTUAL-SKIN-OPEN-SUB-2:33461.9 charger_therm:35512 display_therm:29836 gnss_tcxo_therm:32930 inner_brightness:0 inner_display_therm:31794 maxfg_base:29000 maxfg_secondary:27700 modem_therm:33063 rffe_therm:32640 soc_therm:34176 usb_conn_therm:31060 
01-11 03:49:47.541  2380  2673 D TemperatureStateSource: getDeviceTemperatures: sequence=1542 deviceTemperatureType=3 temperatureSource=0 temperatures=[32.564213]
01-11 03:49:47.541  2380  2673 D BusinessScope: Enqueuing the block
01-11 03:49:47.541  2380  2673 D TemperatureStateSource: sequence=1542 waitTime=10000
01-11 03:49:47.541  2380  3709 D BusinessScope: Start running the #3187 block
01-11 03:49:47.542 22657 22657 I pixel-thermal: VIRTUAL-SKIN:32.5642 raw data: VIRTUAL-SKIN:32564.2 
01-11 03:49:47.543  2380  3709 I TemperatureStateSource: temperature was set
01-11 03:49:47.544  2380  3709 D BusinessScope: Enqueuing the block
01-11 03:49:47.544  2380  3709 D ImpulseStateSource: Notify clients: 1592
01-11 03:49:47.544  2380  3709 D BusinessScope: Finish running the #3187 block
01-11 03:49:47.544  2380  3709 D BusinessScope: Start running the #3188 block
01-11 03:49:47.545  2380  2705 D BusinessScope: Finish running the #3188 block
01-11 03:49:47.546  1200 29298 I android.hardware.biometrics.face-service.pixel: OnLogicalCameraCaptureCompleted(timestamp=21630747792174)
01-11 03:49:47.550  1200  2186 E native  : E0000 00:00:1768099787.550519    2186 logging.cc:57] 15466763 : :72: Bundle buffer empty.
01-11 03:49:47.551  1200  2186 I android.hardware.biometrics.face-service.pixel: Requesting power boost.
01-11 03:49:47.551  1200  2186 W libc    : Access denied finding property ""
01-11 03:49:47.552  1200  2186 I android.hardware.biometrics.face-service.pixel: AwaitImage(47)
01-11 03:49:47.552  1200  2186 I android.hardware.biometrics.face-service.pixel: Evicting in use image
01-11 03:49:47.552  1200  2186 I android.hardware.biometrics.face-service.pixel: EraseCapture(timestamp=21630714168150)
01-11 03:49:47.552  1200  2186 I android.hardware.biometrics.face-service.pixel: DeleteImage(type=1, timestamp=21630714168150)
01-11 03:49:47.552  1200 29326 I android.hardware.biometrics.face-service.pixel: [ThreadPool]OnImageAvailable(): Operation scheduled.
01-11 03:49:47.552  1200 29297 I android.hardware.biometrics.face-service.pixel: [ThreadPool]OnImageAvailable(): Operation started.
01-11 03:49:47.552  1200 29297 I android.hardware.biometrics.face-service.pixel: OnImageAvailable(image_type=1)
01-11 03:49:47.552  1200 29297 I android.hardware.biometrics.face-service.pixel: AddImage(type=1, timestamp=21630747792174)
01-11 03:49:47.552  1200 29297 I android.hardware.biometrics.face-service.pixel: [ThreadPool]OnImageAvailable(): Operation finished.
01-11 03:49:47.552  1200  2186 I android.hardware.biometrics.face-service.pixel: Evicting in use image
01-11 03:49:47.552  1200  2186 I android.hardware.biometrics.face-service.pixel: ----Printing capture queue----
01-11 03:49:47.552  1200  2186 I android.hardware.biometrics.face-service.pixel:  max buffer size = 3
01-11 03:49:47.552  1200  2186 I android.hardware.biometrics.face-service.pixel: YUV.size()=1
01-11 03:49:47.552  1200  2186 I android.hardware.biometrics.face-service.pixel: 
01-11 03:49:47.552  1200  2186 I android.hardware.biometrics.face-service.pixel:       Timestamp|         Frame#|  FrameMetadata|            YUV|
01-11 03:49:47.552  1200  2186 I android.hardware.biometrics.face-service.pixel:  21630747792174|             47|            Yes|          READY|
01-11 03:49:47.552  1200  2186 I android.hardware.biometrics.face-service.pixel:       Timestamp
01-11 03:49:47.552  1200  2186 I android.hardware.biometrics.face-service.pixel: ----End printing capture queue----
01-11 03:49:47.552  1200  2186 I android.hardware.biometrics.face-service.pixel:  GetOldestCapture() returning capture at timestamp=21630747792174
01-11 03:49:47.552  1200  2186 I android.hardware.biometrics.face-service.pixel: Await image complete
01-11 03:49:47.554  2240  2724 D BiometricStatusRepositoryImpl: authenticationState updated: Acquired(biometricSourceType=FACE, requestReason=DeviceEntryAuthentication, acquiredInfo=0)
01-11 03:49:47.554     0     0 I trusty  : logging.cc: 79: ***: :239: Command Received: AuthenticationEvaluate
01-11 03:49:47.562  1200 29298 I android.hardware.biometrics.face-service.pixel: onCaptureStarted(frame_number=48,timestamp=21630781416238)
01-11 03:49:47.583  1200 29298 I android.hardware.biometrics.face-service.pixel: OnLogicalCameraCaptureCompleted(timestamp=21630781416238)
01-11 03:49:47.585     0     0 I trusty  : logging.cc: 83: ***: :138: FixedPointWarpRescale source buffer is not mapped to DSP, expect slower runtime performance.
01-11 03:49:47.587  1200 29326 I android.hardware.biometrics.face-service.pixel: [ThreadPool]OnImageAvailable(): Operation scheduled.
01-11 03:49:47.587  1200 29297 I android.hardware.biometrics.face-service.pixel: [ThreadPool]OnImageAvailable(): Operation started.
01-11 03:49:47.587  1200 29297 I android.hardware.biometrics.face-service.pixel: OnImageAvailable(image_type=1)
01-11 03:49:47.587  1200 29297 I android.hardware.biometrics.face-service.pixel: AddImage(type=1, timestamp=21630781416238)
01-11 03:49:47.587  1200 29297 I android.hardware.biometrics.face-service.pixel: [ThreadPool]OnImageAvailable(): Operation finished.
01-11 03:49:47.589     0     0 I trusty  : logging.cc: 83: ***: :138: FixedPointWarpRescale source buffer is not mapped to DSP, expect slower runtime performance.
01-11 03:49:47.590     0     0 I trusty  : logging.cc: 83: ***: :98: ExtractFaceThumbnail source buffer is not mapped to DSP, expect slower runtime performance.
01-11 03:49:47.591     0     0 I trusty  : logging.cc: 83: ***: :138: FixedPointWarpRescale source buffer is not mapped to DSP, expect slower runtime performance.
01-11 03:49:47.595  1200 29298 I android.hardware.biometrics.face-service.pixel: onCaptureStarted(frame_number=49,timestamp=21630815040262)
01-11 03:49:47.595     0     0 I trusty  : logging.cc: 83: ***: :138: FixedPointWarpRescale source buffer is not mapped to DSP, expect slower runtime performance.
01-11 03:49:47.596     0     0 I trusty  : logging.cc: 83: ***: :98: ExtractFaceThumbnail source buffer is not mapped to DSP, expect slower runtime performance.
01-11 03:49:47.597     0     0 I trusty  : logging.cc: 83: ***: :138: FixedPointWarpRescale source buffer is not mapped to DSP, expect slower runtime performance.
01-11 03:49:47.598     0     0 I trusty  : logging.cc: 83: ***: :138: FixedPointWarpRescale source buffer is not mapped to DSP, expect slower runtime performance.
01-11 03:49:47.600     0     0 I trusty  : logging.cc: 83: ***: :138: FixedPointWarpRescale source buffer is not mapped to DSP, expect slower runtime performance.
01-11 03:49:47.601     0     0 I trusty  : logging.cc: 83: ***: :138: FixedPointWarpRescale source buffer is not mapped to DSP, expect slower runtime performance.
01-11 03:49:47.602     0     0 I trusty  : logging.cc: 83: ***: :138: FixedPointWarpRescale source buffer is not mapped to DSP, expect slower runtime performance.
01-11 03:49:47.602     0     0 I trusty  : logging.cc: 83: ***: :98: ExtractFaceThumbnail source buffer is not mapped to DSP, expect slower runtime performance.
01-11 03:49:47.603     0     0 I trusty  : logging.cc: 83: ***: :98: ExtractFaceThumbnail source buffer is not mapped to DSP, expect slower runtime performance.
01-11 03:49:47.604     0     0 I trusty  : logging.cc: 83: ***: :98: ExtractFaceThumbnail source buffer is not mapped to DSP, expect slower runtime performance.
01-11 03:49:47.604     0     0 I trusty  : logging.cc: 83: ***: :98: ExtractFaceThumbnail source buffer is not mapped to DSP, expect slower runtime performance.
01-11 03:49:47.606     0     0 I trusty  : logging.cc: 83: ***: :98: ExtractFaceThumbnail source buffer is not mapped to DSP, expect slower runtime performance.
01-11 03:49:47.608  1197  1197 D AOC     : A3:MSG: usf_vsc_log.cc, 69: VSC: [Lift_to_Wake_Algo] Lift detected :0x401503a0.
01-11 03:49:47.608  1197  1197 D AOC     : A3:MSG: usf_vsc_log.cc, 69: VSC: [Lift_to_Wake_Algo] Lift : -5.599, -.725, 8.022 -> -.558, 4.163, 8.864, 5
01-11 03:49:47.609  1197  1197 D AOC     : A3:MSG: usf_sensor.cc, 1881: USF: Received stop sampling request for ICM45631 Stationary Detect 0 (active:2).
01-11 03:49:47.610  1197  1197 D AOC     : A3:MSG: usf_sensor.cc, 1866: USF: Received start sampling request for Virtual Proximity (active:1).
01-11 03:49:47.611  1197  1197 D AOC     : A3:MSG: virtual_alsp_sensor.cc, 664: USF: VALSP: Start sampling: period = 10000000, latency = 0.
01-11 03:49:47.614  1200 29298 I android.hardware.biometrics.face-service.pixel: OnLogicalCameraCaptureCompleted(timestamp=21630815040262)
01-11 03:49:47.614  1197  1197 D AOC     : A3:MSG: usf_sensor.cc, 1866: USF: Received start sampling request for TMD3733 Proximity (active:1).
01-11 03:49:47.614  1197  1197 D AOC     : A3:MSG: tmd3733_hw.cc, 106: USF: TMD3733: vcsel_ma: 10.000000
01-11 03:49:47.616  1197  1197 D AOC     : A3:MSG: tmd3733_device.cc, 3186: USF: TMD3733: vsync_delay_usec: 3100
01-11 03:49:47.617  1200  2186 E native  : E0000 00:00:1768099787.616599    2186 logging.cc:57] 15466829 : :72: Bundle buffer empty.
01-11 03:49:47.617  1200  2186 I android.hardware.biometrics.face-service.pixel: Requesting power boost.
01-11 03:49:47.617  1197  1197 D AOC     : A3:MSG: tmd3733_device.cc, 3761: USF: TMD3733: VAMB Data: 8
01-11 03:49:47.618  1197  1197 D AOC     : A3:MSG: tmd3733_device.cc, 788: USF: TMD3733: Device appears to be covered, cancel baseline calibration.
01-11 03:49:47.618  1200  2186 E android.hardware.biometrics.face-service.pixel: Identified a non-enrolled face for user: 0
01-11 03:49:47.619  1197  1197 D AOC     : A3:MSG: tmd3733_sensor.cc, 286: USF: TMD3733: Report new active state:1
01-11 03:49:47.619  1200  2186 I android.hardware.biometrics.face-service.pixel: CameraHelper::Close started: RgbCameraHelper
01-11 03:49:47.619  1200  2186 I android.hardware.biometrics.face-service.pixel: LockedCriticalSection::Stop()
01-11 03:49:47.619  1197  1197 D AOC     : A3:MSG: tmd3733_device.cc, 243: USF: TMD3733: StartSampling(type:0 err:0): client_count P/A+fakeA/F:1/1+1/0
01-11 03:49:47.619  1200 29326 I android.hardware.biometrics.face-service.pixel: Ignoring OnImageAvailable() as critical section is finished
01-11 03:49:47.620   960  1040 I usf_sensor_hal: Received REPORT_SENSOR_ACTIVE_STATE_CHANGES event from 'TMD3733 Proximity' with state:kActive and desired fps:0!
01-11 03:49:47.620   529   641 D hwc-display: setMinIdleRefreshRate requester 0, fps 30
01-11 03:49:47.620   941   941 I Lyric   : camera_device_session_hwl_impl.cc:1197: Flush entered, camera_id: 1
01-11 03:49:47.620   941   941 I Lyric   : camera_powerhal_impl.cc:189: SetPowerBoost Trigger CAMERA_LAUNCH for 200ms
01-11 03:49:47.620   941   941 I Lyric   : camera_device_session_manager_base.cc:1399: Attempting to flush graph:top_graph_for_camera_FrontMultiFov
01-11 03:49:47.620   529   641 I hwc-display: ExynosPrimaryDisplay::setMinIdleRefreshRate() writes min_vrefresh(30) to the sysfs node
01-11 03:49:47.620   941   941 I Lyric   : multicam_node.cc:2051: Last tracked request frame number: 52, flush frame number: 52, produced_multicam_frame_number: 52, is_all_inflight_request_handled_by_flush_: 1
01-11 03:49:47.620   529   641 I hwc-display: setRefreshRateThrottleNanos() requester(0) set delay to 1000000000ns
01-11 03:49:47.620   529   641 I hwc-display: setDisplayIdleDelayNanos() writes idle_delay_ms(1000) to the sysfs node (0x0)
01-11 03:49:47.621  2240  2261 D BiometricStatusRepositoryImpl: authenticationState updated: Acquired(biometricSourceType=FACE, requestReason=DeviceEntryAuthentication, acquiredInfo=0)
01-11 03:49:47.621   941  4365 I Lyric   : retiming_node.cc:586: FrontOuter(hal id: 5), Reporting image frame drop to framework for stream id: 0, request id: 50
01-11 03:49:47.622  1524  2177 D BiometricLogger: Authenticated! Modality: face, latency: 1989
01-11 03:49:47.622   941  4365 I Lyric   : retiming_node.cc:586: FrontOuter(hal id: 5), Reporting image frame drop to framework for stream id: 0, request id: 51
01-11 03:49:47.622  1524  2177 W AuthenticationClient: Allowing background authentication, this is allowed only for platform or test invocations
01-11 03:49:47.622  1524  2177 D BiometricSchedulerOperation: [Finished / destroy]: {[66] com.android.server.biometrics.sensors.face.aidl.FaceAuthenticationClient, proto=3, owner=com.android.systemui, cookie=0, requestId=6, userId=0}
01-11 03:49:47.623   941   941 I Lyric   : sensor_node.cc:1586: cam5_sensor flush called with flush_mark at request: 52
01-11 03:49:47.623   941   941 I Lyric   : front_end_node.cc:1036: cam5_frontend flush at flush_mark 52 output frame stats (ignores fence-signaled drops): {process_input_count = 0, dropped_all_outputs = 0, valid_ae = 0, valid_pre_lsc_ae = 0, valid_uae = 0, valid_awb = 0, valid_histogram = 0, valid_flicker = 0, valid_motion = 0, valid_cdaf = 0, valid_pdaf = 0, valid_align = 0, valid_alias_map = 0, valid_gaussian_pyramid = 0, valid_scaled_rgb_stats = 0, valid_scaled_yuv_stats = 0, valid_lsc = 0, valid_bilateral_grid = 0, valid_scaled_rgb = 0, valid_scaled_yuv = 0, valid_cam_data_dump = 0, valid_pixel_patch = 0}
01-11 03:49:47.623   941   941 I Lyric   : zuma_front_end_controller.cc:412: [CAM5] Flushing at Normal mode
01-11 03:49:47.623   941   941 I Lyric   : per_camera_barrier_impl.cc:47: Blocker for FeControllerBlockCam5ToStop#1ForFlush acquired
01-11 03:49:47.623   941   941 I Lyric   : inflight_config_queue.cc:151: [CAM5][ISPFE] Flushing 1 pending configs. Queue: last completed: (sensor frame # 51 (abs 50), id: 7384) pending: (sensor frame # 52 (abs 51), id: 7385), 
01-11 03:49:47.623   941  4366 W Lyric   : sensor_node.cc:859: cam5_sensor SensorNode producing drops due to frame request drop on frame 52 request: 52
01-11 03:49:47.623   960   960 D usf_sensor_hal: ambient light: Enter Batch. Period = 5000000, latency = 0.
01-11 03:49:47.623   941  1981 I Lyric   : camera_device_session_manager_base.cc:1255: Reporting metadata frame drop for camera: FrontMultiFov, request id: 50, partial result count: 2
01-11 03:49:47.623   941  1981 I Lyric   : camera_device_session_manager_base.cc:1255: Reporting metadata frame drop for camera: FrontMultiFov, request id: 51, partial result count: 2
01-11 03:49:47.623  1524  2177 V ALSProbe: Disable ALS: 182978429
01-11 03:49:47.623   941  1979 W Lyric   : tuning_node.cc:595: 4 calls in 1741 sec(s): TuningNode producing frame drop because request frame is drop
01-11 03:49:47.623   960  1800 I sensor-suez: Vendor atom [id = 100243] reported.
01-11 03:49:47.623   941   941 I Lyric   : fe_programming_async.cc:387: [CAM5][ISPFE] Rewinding PDMA write pointer to end of sensor frame # 51 (abs 50) commands. Write pointer: 816
01-11 03:49:47.623     0     0 I trusty  : logging.cc: 79: ***: :239: Command Received: AuthenticationDecide
01-11 03:49:47.623     0     0 I trusty  : logging.cc: 79: ***: :163: Auth decision: rejected
01-11 03:49:47.623   941   941 I Lyric   : frame_images_queue_handler.cc:140: [CAM5] Bayer[0] Canceled sensor frames 52 Flushed [CAM5] Bayer[0] frame
01-11 03:49:47.623  1524  2177 I AuthenticationPolicyService: AuthenticationStateListener#onAuthenticationFailed
01-11 03:49:47.624  2240  2860 D BiometricStatusRepositoryImpl: authenticationState updated: Stopped(biometricSourceType=FACE, requestReason=NotRunning)
01-11 03:49:47.624  1524  1524 I AuthenticationPolicyService: reportAuthAttempt: numFailedAttempts=1, userId=0
01-11 03:49:47.624  2240  2860 D BiometricStatusRepositoryImpl: authenticationState updated: Failed(biometricSourceType=FACE, requestReason=DeviceEntryAuthentication, userId=0)
01-11 03:49:47.624  1524  2177 D BiometricScheduler: [Finishing] {[66] com.android.server.biometrics.sensors.face.aidl.FaceAuthenticationClient, proto=3, owner=com.android.systemui, cookie=0, requestId=6, userId=0}, success: true
01-11 03:49:47.624  1524  2177 D BiometricScheduler: No operations, returning to idle
01-11 03:49:47.624  1524  1524 D AuthenticationPolicyService: Not locking the device because the device is already locked.
01-11 03:49:47.624   941   941 I Lyric   : lmp_pipeline.cc:604: [Bayer4][CAM5] Removed obsolete lmp frame (not frame 51) 52
01-11 03:49:47.624   941   941 I Lyric   : zuma_lmp_context.cc:123: Flushing Lmp context bayer
01-11 03:49:47.624   941   941 I Lyric   : lmp_pipeline.cc:497: [Bayer4][CAM5] Drain(timeout=167.977528ms) entered. Number of frames in the queue is 1
01-11 03:49:47.624   941   941 I Lyric   : lmp_pipeline.cc:513: [Bayer4][CAM5] Waiting for pipeline to drain. There are 1 pending transactions for frames: sensor frame numbers: [51], abs frame numbers: [50]
01-11 03:49:47.626   941  1979 I Lyric   : camera_device_session_manager_base.cc:1255: Reporting metadata frame drop for camera: FrontMultiFov, request id: 52, partial result count: 1
01-11 03:49:47.627  2240  2240 D BouncerMessageAuditLogger: bouncerMessage: BouncerMessageModel(message=Message(message=null, messageResId=2131953302, colorState=null, formatterArgs=null, animate=false), secondaryMessage=Message(message=null, messageResId=2131952304, colorState=null, formatterArgs=null, animate=false))
01-11 03:49:47.626  1200  4379 D ACameraDeviceVendor: Device error received, code 3, frame number 50, request ID 0, subseq ID 0 physical camera ID 
01-11 03:49:47.627  2240  2240 D DeviceEntrySideFpsOverlayInteractor: showIndicatorForPrimaryBouncer updated: false
01-11 03:49:47.627  2841  2841 I ActiveUnlock: (REDACTED) onUserRequestedUnlock: dismissKeyguard %s
01-11 03:49:47.631  1197  1197 D AOC     : A3:MSG: tmd3733_device.cc, 3372: USF: TMD3733: Prox State: FAR
01-11 03:49:47.633  2841 29347 I ActiveUnlock: (REDACTED) Encountered silent failure %s, finishing silently without unlocking.
01-11 03:49:47.634  1197  1197 D AOC     : A3:MSG: usf_vsc_log.cc, 69: VSC: [Lift_to_Wake] Prox event: near ? 0
01-11 03:49:47.634  1197  1197 D AOC     : A3:MSG: usf_vsc_log.cc, 69: VSC: [Lift_to_Wake] Sending event, ID: 0
01-11 03:49:47.634  1197  1197 D AOC     : A3:MSG: usf_sensor.cc, 1866: USF: Received start sampling request for ICM45631 Motion Detect 0 (active:1).
01-11 03:49:47.634   960  1800 I sensor-suez: Vendor atom [id = 100245] reported.
01-11 03:49:47.636  1197  1197 D AOC     : A3:MSG: icm456xy_device.cc, 443: USF: Device: type: 3, p/l: 640000000 ns/ 0 ns, O/WM/I: 200/1/200
01-11 03:49:47.636  2240  2240 D DeviceEntrySideFpsOverlayInteractor: showIndicatorForPrimaryBouncer updated: false
01-11 03:49:47.637  1524  2177 D BiometricScheduler: [Added] {[67] com.android.server.biometrics.sensors.face.aidl.FaceAuthenticationClient, proto=3, owner=com.android.systemui, cookie=0, requestId=7, userId=0}, new queue size: 1
01-11 03:49:47.637  1524  2177 D BiometricScheduler: [Polled] {[67] com.android.server.biometrics.sensors.face.aidl.FaceAuthenticationClient, proto=3, owner=com.android.systemui, cookie=0, requestId=7, userId=0}, State: 0
01-11 03:49:47.637  2841  2841 I ActiveUnlock: onUserMayRequestUnlock [CONTEXT service_id=327 ]
01-11 03:49:47.637  2841  2841 I ActiveUnlock: prepareUnlockResult [CONTEXT service_id=327 ]
01-11 03:49:47.638   960   960 D usf_sensor_hal: device pickup: Enter Batch. Period = 1000000, latency = 0.
01-11 03:49:47.638   960  1800 I sensor-suez: Vendor atom [id = 100243] reported.
01-11 03:49:47.638  1197  1197 D AOC     : A3:MSG: usf_sensor.cc, 1881: USF: Received stop sampling request for Virtual Proximity (active:0).
01-11 03:49:47.638   960   960 D usf_sensor_hal: device pickup: Enter Activate. Enable = 1.
01-11 03:49:47.639  1197  1197 D AOC     : A3:MSG: usf_sensor.cc, 1881: USF: Received stop sampling request for TMD3733 Proximity (active:0).
01-11 03:49:47.641  1197  1197 D AOC     : A3:MSG: vsc_sensor.cc, 68: VSC: [Lift to Wake Sensor] disable.
01-11 03:49:47.642  1197  1197 D AOC     : A3:MSG: tmd3733_sensor.cc, 286: USF: TMD3733: Report new active state:0
01-11 03:49:47.642  1197  1197 D AOC     : A3:MSG: usf_vsc_log.cc, 69: VSC: [Lift_to_Wake] Enable Lift to Wake gesture : 0
01-11 03:49:47.642   960  1040 I usf_sensor_hal: Received REPORT_SENSOR_ACTIVE_STATE_CHANGES event from 'TMD3733 Proximity' with state:kInactive and desired fps:0!
01-11 03:49:47.642   529  4390 D hwc-display: setMinIdleRefreshRate requester 0, fps 0
01-11 03:49:47.642  1197  1197 D AOC     : A3:MSG: tmd3733_device.cc, 350: USF: TMD3733: StopSampling(type:0 err:0): client_count P/A+fakeA/F:0/1+1/0
01-11 03:49:47.642   529  4390 I hwc-display: ExynosPrimaryDisplay::setMinIdleRefreshRate() writes min_vrefresh(0) to the sysfs node
01-11 03:49:47.642   529  4390 I hwc-display: setRefreshRateThrottleNanos() requester(0) set delay to 0ns
01-11 03:49:47.643   529  4390 I hwc-display: setDisplayIdleDelayNanos() writes idle_delay_ms(0) to the sysfs node (0x0)
01-11 03:49:47.643   941   941 I Lyric   : lmp_pipeline.cc:528: [Bayer4][CAM5] Pipeline drained.
01-11 03:49:47.643   941   941 I Lyric   : zuma_lmp_context.cc:126: Done flushing Lmp context bayer
01-11 03:49:47.643   941   941 I Lyric   : zuma_csis_core_context.cc:957: [CAM5] Waiting for 0 bayer[0] images: none for 33ms
01-11 03:49:47.643   941   941 I Lyric   : zuma_csis_core_context.cc:966: [CAM5] Flush is done
01-11 03:49:47.643   941   941 I Lyric   : zuma_front_end_controller.cc:553: [CAM5] Sensor isn't waiting on the barrier, skip re-acquiring the blocker
01-11 03:49:47.643   941   941 I Lyric   : zuma_front_end_controller.cc:474: [CAM5] Flushed.
01-11 03:49:47.643   941   941 I Lyric   : per_camera_barrier_impl.cc:58: Blocker for FeControllerBlockCam5ToStop#1ForFlush released with status: OK without lwis fence.
01-11 03:49:47.643   941   941 I Lyric   : zuma_front_end_controller.cc:510: [CAM5] Sensor isn't waiting on the barrier, skip re-acquiring the blocker
01-11 03:49:47.643   941  4366 I Lyric   : front_end_node.cc:2778: cam5_frontend received incomplete request at frame number: 52, request dropped: 1, sensor_image dropped: 1, sensor_properties dropped: 1, tuning point dropped: 0
01-11 03:49:47.643   941  4366 I Lyric   : front_end_node.cc:1627: cam5_frontend Finished processing an incomplete_request at frame 52 when flush_mark is at frame 52 power mode is Normal
01-11 03:49:47.643   941   941 I Lyric   : zuma_backend_pipeline_context.cc:1886: Flushing backend pipeline Pipeline (ID: (instance_id: 35836), IPs: [ RawToYuv ], Max Outputs: 1, IPConnections: [ ], Usecase: Realtime) took 15 us, with flush HW = false
01-11 03:49:47.643   941  4365 I Lyric   : sensor_node.cc:682: cam5_sensor Missing sensor results for frame 52
01-11 03:49:47.643   941   941 I Lyric   : auto_exposure_node.cc:1128: {type: Node, name: top_graph_for_camera_FrontMultiFov.cam5_ae, class_name: AutoExposureNode}: AE input statistics: {process_input_count = 53, dropped_requests = 0, stats_not_ready_count = 0, motion_stats_not_ready_count = 0, segmentation_mask_not_ready_count = 0, stage_detection_result_not_ready_count = 0, saliency_data_not_ready_count = 0, valid_flash_state = 0, valid_exposure_timestamp = 50, valid_sensor_properties = 50, valid_motion_stats = 0, valid_wb_config = 52, valid_color_correction = 52}
01-11 03:49:47.643   941  4365 I Lyric   : retiming_node.cc:586: FrontOuter(hal id: 5), Reporting image frame drop to framework for stream id: 0, request id: 52
01-11 03:49:47.643   941  1979 I Lyric   : camera_device_session_manager_base.cc:1255: Reporting metadata frame drop for camera: FrontMultiFov, request id: 52, partial result count: 2
01-11 03:49:47.643   941   941 I Lyric   : retiming_node.cc:1714: FrontOuter(hal id: 5), Over the past 1.653825847s there were 52 responses sent and 49 of them had no error. FPS: 31.4422 Non-error FPS: 29.6283
01-11 03:49:47.643   941 29330 I GCH_CameraDeviceSession: UpdatePendingRequest: [sbc] All inflight requests/streams cleared. Notified SBC for flushing.
01-11 03:49:47.644  1197  1197 D AOC     : A3:MSG: usf_sensor.cc, 1881: USF: Received stop sampling request for ICM45631 Motion Detect 0 (active:0).
01-11 03:49:47.644   941   941 I Lyric   : camera_device_session_manager_base.cc:1455: Finished flushing graph:top_graph_for_camera_FrontMultiFov
01-11 03:49:47.644   941 29333 I GCH_CameraDeviceSession: operator(): [sbc] Flushed buf[0xb4000078be671a70] bid[4] strm[0] frm[xx]
01-11 03:49:47.644  1156 29317 I CameraService: Stop camera streaming for client.pid<1200> (PID 1200, UID 1000)
01-11 03:49:47.644  1200  2186 I android.hardware.biometrics.face-service.pixel: CameraHelper::AImageReader_delete started: RgbCameraHelper
01-11 03:49:47.644  1200  4379 D ACameraDeviceVendor: Device error received, code 3, frame number 51, request ID 0, subseq ID 0 physical camera ID 
01-11 03:49:47.644  1200  4379 D ACameraDeviceVendor: Device error received, code 3, frame number 52, request ID 0, subseq ID 0 physical camera ID 
01-11 03:49:47.644  1200  4379 E ACameraDeviceVendor: onDeviceIdle sending state cb
01-11 03:49:47.644  1197  1197 D AOC     : A3:MSG: icm456xy_device.cc, 443: USF: Device: type: 3, p/l: 0 ns/ 9223372036854775807 ns, O/WM/I: 200/1/200
01-11 03:49:47.644  1200 29298 I android.hardware.biometrics.face-service.pixel: SetRecoverableError : kCameraCaptureCallbackErrorGeneric
01-11 03:49:47.645  1200 29298 I android.hardware.biometrics.face-service.pixel: OnLogicalCameraCaptureFailed(50)
01-11 03:49:47.645  1200  2186 I android.hardware.biometrics.face-service.pixel: CameraHelper::AImageReader_delete ended: RgbCameraHelper
01-11 03:49:47.645  1200  2186 I android.hardware.biometrics.face-service.pixel: CameraHelper::ACameraDevice_close started: RgbCameraHelper
01-11 03:49:47.645  1200  2186 D ACameraDeviceVendor: disconnectLocked: binder disconnect reached
01-11 03:49:47.645  1200 29298 I android.hardware.biometrics.face-service.pixel: SetRecoverableError : kCameraCaptureCallbackErrorGeneric
01-11 03:49:47.645  1200 29298 I android.hardware.biometrics.face-service.pixel: OnLogicalCameraCaptureFailed(51)
01-11 03:49:47.645  1200 29298 I android.hardware.biometrics.face-service.pixel: SetRecoverableError : kCameraCaptureCallbackErrorGeneric
01-11 03:49:47.645  1200 29298 I android.hardware.biometrics.face-service.pixel: OnLogicalCameraCaptureFailed(52)
01-11 03:49:47.645  1197  1197 D AOC     : A3:MSG: vsc_controller.cc, 834: VSC: [Lift to Wake Sensor] unsubscribeContextEvent: unsubscribe from event: 1
01-11 03:49:47.645  1156  9695 D Camera2ClientBase: Camera 1: Shutting down
01-11 03:49:47.646  1197  1197 D AOC     : A3:MSG: usf_event_server.cc, 122: USF: Unsubscribing: ev(1) -> h(0x7802a1c9)
01-11 03:49:47.648  1197  1197 D AOC     : A3:MSG: usf_sensor.cc, 1866: USF: Received start sampling request for Lift to Wake Sensor (active:1).
01-11 03:49:47.648  1197  1197 D AOC     : A3:MSG: vsc_sensor.cc, 37: VSC: [Lift to Wake Sensor] enable: period 1, latency = 0
01-11 03:49:47.649  1197  1197 D AOC     : A3:MSG: vsc_controller.cc, 826: VSC: [Lift to Wake Sensor] subscribeContextEvent: subscribe to event: 1
01-11 03:49:47.650  1197  1197 D AOC     : A3:MSG: usf_event_server.cc, 111: USF: Subscribing: ev(1) -> h(0x7802a1c9)
01-11 03:49:47.651  1197  1197 D AOC     : A3:MSG: usf_sensor.cc, 1866: USF: Received start sampling request for Virtual Proximity (active:1).
01-11 03:49:47.651  1197  1197 D AOC     : A3:MSG: virtual_alsp_sensor.cc, 664: USF: VALSP: Start sampling: period = 10000000, latency = 0.
01-11 03:49:47.653  1197  1197 D AOC     : A3:MSG: usf_sensor.cc, 1866: USF: Received start sampling request for TMD3733 Proximity (active:1).
01-11 03:49:47.654  1197  1197 D AOC     : A3:MSG: tmd3733_hw.cc, 106: USF: TMD3733: vcsel_ma: 10.000000
01-11 03:49:47.654   941   941 I Lyric   : camera_device_session_hwl_impl.cc:1197: Flush entered, camera_id: 1
01-11 03:49:47.654  1156  9695 I CameraLatencyHistogram: ProcessCaptureRequest latency histogram (53) samples:
01-11 03:49:47.654  1156  9695 I CameraLatencyHistogram:        40     80    120    160    200    240    280    320    360    inf (max ms)
01-11 03:49:47.654  1156  9695 I CameraLatencyHistogram:      96.23   1.89   1.89   0.00   0.00   0.00   0.00   0.00   0.00   0.00 (%)
01-11 03:49:47.654 22657 22657 I pixel-thermal: a callback has been unregistered to ThermalHAL, isFilter: 0 Type: UNKNOWN
01-11 03:49:47.655   941   941 I Lyric   : camera_device_session_hwl_impl.cc:1037: DestroyPipelines entered, camera_id: 1
01-11 03:49:47.655   941   941 I Lyric   : camera_powerhal_impl.cc:304: CAMERA_STREAMING_STANDARD mode unset
01-11 03:49:47.655   941   941 I Lyric   : camera_powerhal_impl.cc:304: CAMERA_GPU_STANDARD mode unset
01-11 03:49:47.655   941   941 I Lyric   : malloc_tracker.cc:52: Total allocation count: 0; Active allocation count: 0; recorded allocations: 0; unique allocation sizes: 0
01-11 03:49:47.655   941   941 I Lyric   : camera_device_session_manager_base.cc:1104: Attempting to stop graph:top_graph_for_camera_FrontMultiFov
01-11 03:49:47.655  1197  1197 D AOC     : A3:MSG: tmd3733_device.cc, 3186: USF: TMD3733: vsync_delay_usec: 3100
01-11 03:49:47.655   941  1450 I Lyric   : page_release_controller.cc:151: Reenabling page releasing.
01-11 03:49:47.655   941   941 I Lyric   : sensor_node.cc:1586: cam5_sensor flush called with flush_mark at request: 0
01-11 03:49:47.655   941   941 I Lyric   : front_end_node.cc:1036: cam5_frontend flush at flush_mark 9223372036854774807 output frame stats (ignores fence-signaled drops): {process_input_count = 0, dropped_all_outputs = 0, valid_ae = 0, valid_pre_lsc_ae = 0, valid_uae = 0, valid_awb = 0, valid_histogram = 0, valid_flicker = 0, valid_motion = 0, valid_cdaf = 0, valid_pdaf = 0, valid_align = 0, valid_alias_map = 0, valid_gaussian_pyramid = 0, valid_scaled_rgb_stats = 0, valid_scaled_yuv_stats = 0, valid_lsc = 0, valid_bilateral_grid = 0, valid_scaled_rgb = 0, valid_scaled_yuv = 0, valid_cam_data_dump = 0, valid_pixel_patch = 0}
01-11 03:49:47.655   941   941 I Lyric   : zuma_front_end_controller.cc:412: [CAM5] Flushing at Normal mode
01-11 03:49:47.655   941   941 I Lyric   : per_camera_barrier_impl.cc:47: Blocker for FeControllerBlockCam5ToStop#2ForFlush acquired
01-11 03:49:47.655   941   941 I Lyric   : fe_programming_async.cc:365: [CAM5][ISPFE] No inflight frame configs to flush
01-11 03:49:47.655   941   941 I Lyric   : frame_images_queue_handler.cc:140: [CAM5] Bayer[0] Flushed [CAM5] Bayer[0] frame
01-11 03:49:47.655   941   941 I Lyric   : lmp_pipeline.cc:604: [Bayer4][CAM5] Removed obsolete lmp frame
01-11 03:49:47.655   941   941 I Lyric   : zuma_lmp_context.cc:123: Flushing Lmp context bayer
01-11 03:49:47.655   941   941 I Lyric   : lmp_pipeline.cc:497: [Bayer4][CAM5] Drain(timeout=100ms) entered. Number of frames in the queue is 0
01-11 03:49:47.655   941   941 I Lyric   : lmp_pipeline.cc:501: [Bayer4][CAM5] Pipeline drained.
01-11 03:49:47.655   941   941 I Lyric   : zuma_lmp_context.cc:126: Done flushing Lmp context bayer
01-11 03:49:47.655   941   941 I Lyric   : zuma_csis_core_context.cc:957: [CAM5] Waiting for 0 bayer[0] images: none for 33ms
01-11 03:49:47.655   941   941 I Lyric   : zuma_csis_core_context.cc:966: [CAM5] Flush is done
01-11 03:49:47.655   941   941 I Lyric   : zuma_front_end_controller.cc:553: [CAM5] Sensor isn't waiting on the barrier, skip re-acquiring the blocker
01-11 03:49:47.655   941   941 I Lyric   : zuma_front_end_controller.cc:474: [CAM5] Flushed.
01-11 03:49:47.655   941   941 I Lyric   : per_camera_barrier_impl.cc:58: Blocker for FeControllerBlockCam5ToStop#2ForFlush released with status: OK without lwis fence.
01-11 03:49:47.655   941   941 I Lyric   : zuma_front_end_controller.cc:510: [CAM5] Sensor isn't waiting on the barrier, skip re-acquiring the blocker
01-11 03:49:47.655   941   941 I Lyric   : zuma_backend_pipeline_context.cc:1886: Flushing backend pipeline Pipeline (ID: (instance_id: 35836), IPs: [ RawToYuv ], Max Outputs: 1, IPConnections: [ ], Usecase: Realtime) took 11 us, with flush HW = false
01-11 03:49:47.656  1197  1197 D AOC     : A3:MSG: tmd3733_device.cc, 788: USF: TMD3733: Device appears to be covered, cancel baseline calibration.
01-11 03:49:47.656   941   941 I Lyric   : processing_graph.cc:575: top_graph_for_camera_FrontMultiFov starting OutputPort production audit...
01-11 03:49:47.656   941   941 I Lyric   : processing_graph.cc:639: OutputPort production audit passed, no anomalies detected :)
01-11 03:49:47.656   941  1451 I Lyric   : multisensor_controller.cc:967: FrontOuter StopStreaming, waiting on barrier, request: 4294967295
01-11 03:49:47.656  1197  1197 D AOC     : A3:MSG: tmd3733_sensor.cc, 286: USF: TMD3733: Report new active state:1
01-11 03:49:47.656   941  1450 I Lyric   : zuma_front_end_controller.cc:742: [CAM5] Updating power mode from Normal to Standby with incomplete_request on frame -1, and stream_off_fence: 0
01-11 03:49:47.656   941  1450 I Lyric   : zuma_lmp_context.cc:109: Lmp context bayer go to standby mode at hw frame 52
