01-11 03:49:47.754  2392  2617 D LyricConfigProviderService: 	at java.util.concurrent.ThreadPoolExecutor.runWorker(ThreadPoolExecutor.java:1154)
01-11 03:49:47.754  2392  2617 D LyricConfigProviderService: 	at java.util.concurrent.ThreadPoolExecutor$Worker.run(ThreadPoolExecutor.java:652)
01-11 03:49:47.754  2392  2617 D LyricConfigProviderService: 	at java.lang.Thread.run(Thread.java:1563)
01-11 03:49:47.755  2395  2395 D GRIL-S  : [2155]> UPDATE_DEVICE_STATE DeviceState: Usb:1, Wifi: 1, Wifi AP: 0, Earpiece: 0, Bluetooth: 1, Wireless charging: 0, Screen: 1, Camera: 0, 1, -, -, Motion: 1, Bluetooth tethering: 0, Voice: 0, Wifi 2.4G: 1, Radio: 1, Bluetooth connected: 1, Bluetooth media: 1, Wifi Band: 1, Wifi AP Band: 0, Wifi call: 0, mmWave: 0, mCellBackhaul: 0, mHallSensor: 0, mDozeStatus: 1, mAppClassInfo: 0, mWifiCapSensorStatus: 2, mCellCapSensorStatus: 2, mBesideHeadHandStatus: 0, mSpeakerStatus: 0, mProtectiveCaseStatus: 2, mWifiSettingStatus: 0, mGpsStatus: 0
01-11 03:49:47.755 22657 22657 I pixel-thermal: a callback has been registered to ThermalHAL, isFilter: 0 Type: UNKNOWN
01-11 03:49:47.755  1197  1197 D AOC     : A3:MSG: usf_sensor.cc, 1881: USF: Received stop sampling request for VD6282 Spectral Sensor (active:0).
01-11 03:49:47.756 22657 22662 I pixel-thermal: VIRTUAL-USB-UI:0 raw data: USB-MINUS-CHARGER:-4452 VIRTUAL-USB-UI:0 charger_therm:35512 usb_conn_therm:31060 
01-11 03:49:47.756 22657 22662 I pixel-thermal: VIRTUAL-SKIN-SPEAKER:29.8737 raw data: IS_VSKIN_SPEAKER_MODEL_WITHIN_RANGE:1 IS_VSKIN_SPEAKER_MODEL_WITHIN_RANGE_CHECK:2 NO_VSKIN_SPEAKER_MODEL_WITHIN_RANGE:0 VIRTUAL-SKIN-SPEAKER:29873.7 VIRTUAL-SKIN-SPEAKER-LEGACY:36359.4 VIRTUAL-SKIN-SPEAKER-MODEL:29803 maxfg_base:29000 usb_conn_therm:31060 
01-11 03:49:47.756 22657 22662 I pixel-thermal: VIRTUAL-SKIN:32.5642 raw data: VIRTUAL-SKIN:32564.2 
01-11 03:49:47.756 22657 22662 I pixel-thermal: VIRTUAL-SKIN-OUTER-DISPLAY:29.6252 raw data: VIRTUAL-SKIN-OUTER-DISPLAY:29625.2 display_therm:29836 
01-11 03:49:47.756 22657 22662 I pixel-thermal: cellular-emergency:32.5642 raw data: VIRTUAL-SKIN:32564.2 cellular-emergency:32564.2 
01-11 03:49:47.756 22657 22662 I pixel-thermal: VIRTUAL-SKIN-INNER-DISPLAY:33.4619 raw data: VIRTUAL-SKIN-INNER-DISPLAY:33461.9 VIRTUAL-SKIN-OPEN:33461.9 
01-11 03:49:47.756 22657 22662 I pixel-thermal: battery:29 raw data: battery:29000 
01-11 03:49:47.756 22657 22662 I pixel-thermal: Sending notification:  Type: USB_PORT Name: VIRTUAL-USB-UI CurrentValue: 0 ThrottlingStatus: NONE
01-11 03:49:47.756 22657 22662 I pixel-thermal: Sending notification:  Type: UNKNOWN Name: VIRTUAL-SKIN-SPEAKER CurrentValue: 29.8737 ThrottlingStatus: NONE
01-11 03:49:47.756 22657 22662 I pixel-thermal: Sending notification:  Type: SKIN Name: VIRTUAL-SKIN CurrentValue: 32.5642 ThrottlingStatus: NONE
01-11 03:49:47.756 22657 22662 I pixel-thermal: Sending notification:  Type: DISPLAY Name: VIRTUAL-SKIN-OUTER-DISPLAY CurrentValue: 29.6252 ThrottlingStatus: NONE
01-11 03:49:47.756 22657 22662 I pixel-thermal: Sending notification:  Type: POWER_AMPLIFIER Name: cellular-emergency CurrentValue: 32.5642 ThrottlingStatus: NONE
01-11 03:49:47.756 22657 22662 I pixel-thermal: Sending notification:  Type: DISPLAY Name: VIRTUAL-SKIN-INNER-DISPLAY CurrentValue: 33.4619 ThrottlingStatus: NONE
01-11 03:49:47.756 22657 22662 I pixel-thermal: Sending notification:  Type: BATTERY Name: battery CurrentValue: 29 ThrottlingStatus: NONE
01-11 03:49:47.757   941 29370 I Lyric   : sensor_generic_driver.cc:5288: SVAROG ReadSensorId success: 0x30b1 setting version: 4.1 setting type: 0
01-11 03:49:47.757  1197  1197 D AOC     : A3:MSG: controller.cc, 275: CNTRL: cmd ID: 0x00d4, tag: 0xc0 [cntr = 6708]
01-11 03:49:47.757  1197  1197 D AOC     : A3:MSG: controller.cc, 919: CNTRL: ipc: control, cmd ID: 0x00d4, tag: 0xc0, rc: 0
01-11 03:49:47.757   941  2080 I GCH_CameraDeviceSession: NotifyThrottling: temperature type: 4, severity: 0, value: 0.000000
01-11 03:49:47.758   941 29372 I Lyric   : sensor_generic_driver.cc:5288: SVAROGOUTERFRONT ReadSensorId success: 0x30b1 setting version: 4.1 setting type: 0
01-11 03:49:47.758   941 29375 I GCH_CameraDevice: Pinning memory config is set to 0 shared libraries.
01-11 03:49:47.759  1524  5173 E CameraService_proxy: Recent tasks don't include camera client package name: client.pid<1200>
01-11 03:49:47.759  1197  1197 D AOC     : A3:MSG: usf_sensor.cc, 1866: USF: Received start sampling request for VD6282 Spectral Sensor (active:1).
01-11 03:49:47.758   960   960 D USF     : ION fd [64] translated to handle [0x044ae36e].
01-11 03:49:47.758   941  2080 I GCH_CameraDeviceSession: NotifyThrottling: temperature type: -1, severity: 0, value: 29.873674
01-11 03:49:47.760   941  2080 I GCH_CameraDeviceSession: NotifyThrottling: temperature type: 3, severity: 0, value: 32.564213
01-11 03:49:47.760   941  2080 E GCH_AidlThermalUtils: ConvertToHalTemperatureType: Unknown temperature type: 11
01-11 03:49:47.760   941  2080 E GCH_AidlThermalUtils: ConvertToHalTemperature: Converting to hal temperature type failed: Invalid argument(-22)
01-11 03:49:47.760   941  2080 E GCH_AidlThermalUtils: notifyThrottling: Converting to hal temperature failed: Invalid argument(-22)
01-11 03:49:47.760   941  2080 I GCH_CameraDeviceSession: NotifyThrottling: temperature type: 5, severity: 0, value: 32.564213
01-11 03:49:47.760   941   941 E GCH_AidlThermalUtils: ConvertToHalTemperatureType: Unknown temperature type: 11
01-11 03:49:47.760   941   941 E GCH_AidlThermalUtils: ConvertToHalTemperature: Converting to hal temperature type failed: Invalid argument(-22)
01-11 03:49:47.760   941   941 E GCH_AidlThermalUtils: notifyThrottling: Converting to hal temperature failed: Invalid argument(-22)
01-11 03:49:47.760   941   941 I GCH_CameraDeviceSession: NotifyThrottling: temperature type: 2, severity: 0, value: 29.000002
01-11 03:49:47.760   999 11886 D DeviceHalAidl: [default] setParameters: parameters: "cameraFacing=front"
01-11 03:49:47.760  1200  2186 I android.hardware.biometrics.face-service.pixel: Opened camera: 1
01-11 03:49:47.760   941  1882 I Lyric   : spectral_driver.cc:182: Changed als mode from 2 to 1 for sensor: rear with new id: 284
01-11 03:49:47.761   937  3331 I PsrSvc::Main: parseVendorParameters: scope = MODULE, cameraFacing=front
01-11 03:49:47.761   937  3331 I PsrSvc::Main: parseVendorParameters: params out [VendorParameter{id: vendor.pixel.device.camera.facing, ext: AParcelableHolder}]
01-11 03:49:47.761   938  1060 I ASvc::Module: setVendorParameters: parameters = [VendorParameter{id: vendor.pixel.device.camera.facing, ext: AParcelableHolder}]
01-11 03:49:47.761   999 11886 D DeviceHalAidl: [r_submix] setParameters: parameters: "cameraFacing=front"
01-11 03:49:47.761   937  3331 I PsrSvc::Main: parseVendorParameters: scope = MODULE, cameraFacing=front
01-11 03:49:47.761   937  3331 I PsrSvc::Main: parseVendorParameters: params out [VendorParameter{id: vendor.pixel.device.camera.facing, ext: AParcelableHolder}]
01-11 03:49:47.761   999 11886 E DeviceHalAidl: Function: parseAndSetVendorParameters Line: 411 Failed 
01-11 03:49:47.761   999 11886 D DeviceHalAidl: [bluetooth] setParameters: parameters: "cameraFacing=front"
01-11 03:49:47.761   937   990 I PsrSvc::Main: parseVendorParameters: scope = MODULE, cameraFacing=front
01-11 03:49:47.761   937   990 I PsrSvc::Main: parseVendorParameters: params out [VendorParameter{id: vendor.pixel.device.camera.facing, ext: AParcelableHolder}]
01-11 03:49:47.762   999 11886 E DeviceHalAidl: Function: parseAndSetVendorParameters Line: 411 Failed 
01-11 03:49:47.762  1200 29366 I native  : I0000 00:00:1768099787.762313   29366 logging.cc:49] 15466975 : :103: Usespace dsp wakelock acquired.
01-11 03:49:47.762   960   960 D usf_sensor_hal: gyroscope: ConfigDirectReport: start sampling, period = 5000000.
01-11 03:49:47.763  1200 29366 I native  : I0000 00:00:1768099787.763253   29366 logging.cc:49] 15466976 : :180: Userspace tpu wakelock acquired.
01-11 03:49:47.763  1200 29366 I native  : I0000 00:00:1768099787.763402   29366 logging.cc:49] 15466976 : :172: Allocating dmabuf type: /dev/dma_heap/system, size: 16384
01-11 03:49:47.763  1200 29366 I native  : I0000 00:00:1768099787.763567   29366 logging.cc:49] 15466976 : :172: Allocating dmabuf type: /dev/dma_heap/system, size: 524288
01-11 03:49:47.763  1200 29366 I native  : I0000 00:00:1768099787.763687   29366 logging.cc:49] 15466976 : :172: Allocating dmabuf type: /dev/dma_heap/faceauth_tpu-secure, size: 12582912
01-11 03:49:47.764  1197  1197 D AOC     : A3:MSG: usf_sensor.cc, 1866: USF: Received start sampling request for ICM45631 Gyroscope 0 (active:4).
01-11 03:49:47.765 21914 21923 W libbinder.Binder: Binder transaction to android.accounts.IAccountAuthenticator code 3 took 1500ms. Data bytes: 492 Reply bytes: 0 Flags: 17
01-11 03:49:47.765   941  1449 I G3ACoordinator: front_als_manager.cc:184: Front ALS sensor enabled
01-11 03:49:47.765   941  1449 W libbinder.Binder: Binder 0xb40000789e6184f8 destroyed after setMinSchedulerPolicy before being parceled.
01-11 03:49:47.765   941  1449 W libbinder.Binder: Binder 0xb40000789e6184f8 destroyed after setMinSchedulerPolicy before being parceled.
01-11 03:49:47.765   941  1451 I Lyric   : direct_channel_motion_sensor_data_streamer.cc:591: gyroscope resource acquired.
01-11 03:49:47.765   941  1451 I Lyric   : time_triggered_task_pool.cc:66: Timer is created: TTTP[0,0]
01-11 03:49:47.766   960   960 D usf_sensor_hal: ambient light: Enter Batch. Period = 100000000, latency = 0.
01-11 03:49:47.766   960  1800 I sensor-suez: Vendor atom [id = 100243] reported.
01-11 03:49:47.766   960   960 D usf_sensor_hal: ambient light: Enter Activate. Enable = 1.
01-11 03:49:47.767   941 29380 I Lyric   : time_triggered_task_pool.cc:112: TTTP[0,0] worker is running the loop
01-11 03:49:47.767  1197  1197 D AOC     : A3:MSG: controller.cc, 275: CNTRL: cmd ID: 0x00d4, tag: 0xc1 [cntr = 6709]
01-11 03:49:47.767  1197  1197 D AOC     : A3:MSG: controller.cc, 919: CNTRL: ipc: control, cmd ID: 0x00d4, tag: 0xc1, rc: 0
01-11 03:49:47.768  1200  2186 I android.hardware.biometrics.face-service.pixel: CameraHelper::Open: Camera initialization complete
01-11 03:49:47.768  1200  2186 I android.hardware.biometrics.face-service.pixel: CameraHelper::Open: Image reader initialization complete
01-11 03:49:47.769  1200  2186 E CamComm1.0-MD: Mismatched tag type when updating entry lensDistortion.normalization (-2097151965) of type float; got type byte data instead 
01-11 03:49:47.769  1200  2186 E android.hardware.biometrics.face-service.pixel: Could not set lens distortion normalization to true.
01-11 03:49:47.769  1200  2186 E CamComm1.0-MD: Mismatched tag type when updating entry lensDistortion.opticalCenter (-2097151966) of type float; got type byte data instead 
01-11 03:49:47.769  1200  2186 E android.hardware.biometrics.face-service.pixel: Could not set lens distortion optical center to true.
01-11 03:49:47.771  1197  1197 D AOC     : A3:MSG: usf_sensor.cc, 1866: USF: Received start sampling request for TCS3720 Ambient Light (active:1).
01-11 03:49:47.771  1197  1197 D AOC     : A3:MSG: tcs3720_device.cc, 197: USF: TCS3720: Last sample too old to send, age:1932ms
01-11 03:49:47.771  1197  1197 E AOC     : A3:ERR: tcs3720_device.cc, 241: USF: TCS3720: ALS is active, skip initialization. (client count = 0)
01-11 03:49:47.771  1197  1197 D AOC     : A3:MSG: tcs3720_device.cc, 271: USF: TCS3720: Start sampling. (Client count = 1, err = 0)
01-11 03:49:47.771  2395  3272 D GRIL-S  : [2155]< UPDATE_DEVICE_STATE 
01-11 03:49:47.772   960  1800 I sensor-suez: Vendor atom [id = 100242] reported.
01-11 03:49:47.772   941   941 I GCH_HalUtils: ======== App stream configuration ========
01-11 03:49:47.772   941   941 I GCH_HalUtils: == stream num: 1, operation_mode:0
01-11 03:49:47.772   941   941 I GCH_HalUtils: ==== [0]stream_id 0, type 0, format 35, res 1600x1200, usage 16384, is_phy 1, phy_cam_id 5, group_id -1
01-11 03:49:47.772   941   941 I GCH_HalUtils: ======== App stream configuration ========
01-11 03:49:47.772   960  1800 I sensor-suez: Vendor atom [id = 100243] reported.
01-11 03:49:47.772   941   941 I Lyric   : camera_device_session_hwl_impl.cc:1332: CameraDeviceSessionHwlImpl::IsStreamConfigurationSupported 1
01-11 03:49:47.772   941  1449 I G3ACoordinator: front_als_manager.cc:184: Front ALS sensor enabled
01-11 03:49:47.772   941   941 I GCH_ZslSnapshotCaptureSession: IsStreamConfigurationSupported: support logical stream only
01-11 03:49:47.772   941   941 I Lyric   : lyric_basic_capture_session.cc:66: LyricBasicCaptureSession supports the stream config
01-11 03:49:47.772   941   941 I GCH_ResultDispatcher: [Cam1_ResultDispatcher] ResultDispatcher: SetRealtimeThread OK
01-11 03:49:47.772   941   941 I Lyric   : camera_powerhal_impl.cc:265: SetPowerStreamingMode CAMERA_STREAMING_STANDARD mode
01-11 03:49:47.772   941   941 I Lyric   : camera_powerhal_impl.cc:265: SetPowerStreamingMode CAMERA_GPU_STANDARD mode
01-11 03:49:47.772   960   960 D USF     : ION fd [64] translated to handle [0x25dc839c].
01-11 03:49:47.772  1200 29366 I native  : I0000 00:00:1768099787.772736   29366 logging.cc:49] 15466985 : :172: Allocating dmabuf type: /dev/dma_heap/faceauth_dsp-secure, size: 15728640
01-11 03:49:47.772   688   688 I android.hardware.power-service.pixel.ext-libperfmgr: PowerExt boost CAMERA_THERMAL_LIGHT_BOOST isBoostSupported: 0
01-11 03:49:47.773   688   688 I android.hardware.power-service.pixel.ext-libperfmgr: PowerExt boost CAMERA_THERMAL_CRITICAL_BOOST isBoostSupported: 0
01-11 03:49:47.773   688   688 I android.hardware.power-service.pixel.ext-libperfmgr: PowerExt boost CAMERA_THERMAL_SHUTDOWN_BOOST isBoostSupported: 0
01-11 03:49:47.773   688   688 I android.hardware.power-service.pixel.ext-libperfmgr: PowerExt boost CAMERA_THERMAL_SEVERE_BOOST isBoostSupported: 1
01-11 03:49:47.773   688   688 I android.hardware.power-service.pixel.ext-libperfmgr: PowerExt boost CAMERA_THERMAL_MODERATE_BOOST isBoostSupported: 0
01-11 03:49:47.773   688   688 I android.hardware.power-service.pixel.ext-libperfmgr: PowerExt boost CAMERA_THERMAL_EMERGENCY_BOOST isBoostSupported: 0
01-11 03:49:47.773   941   941 I Lyric   : camera_device_session_manager_impl.cc:392: ==========Classified stream for camera 1==========
01-11 03:49:47.773   941   941 I Lyric   : camera_device_session_manager_impl.cc:396: Physical camera id 5 stream id 0 width 1600 height 1200 format: YCBCR_420_888 usage: 32 type Output
01-11 03:49:47.773   941   941 I Lyric   : camera_device_session_manager_impl.cc:403: Dump lyric internal stream:
01-11 03:49:47.773   941  1984 I Lyric   : camera_device_session_hwl_impl.cc:879: BuildPipelines entered, camera_id: 1
01-11 03:49:47.773   941  1984 I Lyric   : active_camera_device_tracker.cc:53: Adding camera: 1, is_logical_camera: 1, is_front_camera: 1, is_1p_camera_app: 1, active devices: 0, is_tele_camera_participant: 0
01-11 03:49:47.773   941  1984 I Lyric   : active_camera_device_tracker.cc:199: No specific graph requested, allowing lyric to select based on stream configuration.
01-11 03:49:47.773   941  1984 I Lyric   : camera_device_session_manager_base.cc:638: Attempting to build a processing graph
01-11 03:49:47.773   941  1984 I Lyric   : choose_and_make.h:48: Not making GenericGraph due to: FAILED_PRECONDITION: GenericGraph can't support stream configuration with logical camera
01-11 03:49:47.773   941  1984 I Lyric   : multicam_graph.cc:500: SW denoise supports logical stream only
01-11 03:49:47.774   941  1984 I Lyric   : multicam_node.cc:889: Create Multicam node for logical camera 1, default camera id 6, roi transformation type 1, enable metadata validation 0, enable zoom ratio recalculation 1, enable multicam two stage processing 1
01-11 03:49:47.774   941  1984 W Lyric   : multicam_graph.cc:423: Force LTMPostProcessingNode to be disabled because is not supported by current device or LTM is disabled.
01-11 03:49:47.774   941  1984 I Lyric   : top_level_graph_utils.cc:27: Sobek system property (from enable_sobek): 0
01-11 03:49:47.774   941  1984 I Lyric   : top_level_graph_utils.cc:41: Sobek session enabled (from GCA) : 0 for camera FrontOuter
01-11 03:49:47.774   941  1984 I Lyric   : top_level_graph_utils.cc:50: Sobek sensor enabled (from sensor properties): 0 for camera FrontOuter
01-11 03:49:47.774   941  1984 I Lyric   : multicam_subgraph_config.cc:17: Attempting to configure MulticamGraph for computer vision mode: secure
01-11 03:49:47.774   941  1984 I Lyric   : guess_camera_mode.cc:345: GetAppInfo: vendor tags  camera 1p: 1 camera extension: 0 face auth mode: 2
01-11 03:49:47.774   941  1984 I Lyric   : stream_info_parser.cc:139: Project11 enabled: 0
01-11 03:49:47.774   941  1984 W Lyric   : stream_info_parser.cc:408: Camera FrontOuter unknown stream: {type: StreamInfo, stream_id: 0, camera_id: FrontOuter, format: YCBCR_420_888, width: 1600, height: 1200, usage: [Protected], stream_type: Output, use_case: Default, data_space: DataSpace(Color)::(Standard: BT601_625, Transfer: SMPTE_170M, Range: Full), is_framework_physical_stream: 1, dynamic_range_profile: Standard, intended_for_max_resolution_mode: 0, group_id: -1, is_tunable: 1} does not fall in any known use case
01-11 03:49:47.774   941  1984 I Lyric   : generic_subgraph.cc:1013: camera 5, video_bokeh_rendering_hw_enabled = 0
01-11 03:49:47.774   941  1984 I Lyric   : strategy_list.cc:42: Strategy List created with clock voting strategies: [MaxClockPerRailStrategy] 
01-11 03:49:47.774   941  1984 I Lyric   :  and bandwidth voting strategies: [DefaultBandwidthVotingStrategy]
01-11 03:49:47.774   941  1984 I Lyric   : generic_subgraph.cc:1427: The aligner on camera FrontOuter is None
01-11 03:49:47.774   941  1984 I Lyric   : sensor_generic_driver.cc:709: SVAROG powered down without ConfigureStream called
01-11 03:49:47.774   941  1984 I Lyric   : graph_states.cc:57: Failed to add camera id to priority map as the device doesn't support it: NOT_FOUND: Couldn't find the CameraId which has {position: front, lens_type: normal, spectrum: visible, instance: virtual, capability: {default_mode: 1, roshi: 1, remosaic: 0, max_resolution: 0}}
01-11 03:49:47.774   941  1984 I Lyric   : graph_states.cc:57: Failed to add camera id to priority map as the device doesn't support it: NOT_FOUND: Couldn't find the CameraId which has {position: front, lens_type: normal, spectrum: visible, instance: real, capability: {default_mode: 1, roshi: 1, remosaic: 0, max_resolution: 0}}
01-11 03:49:47.775   941  4366 I Lyric   : generic_subgraph.cc:2025: positive_offsets_enabled: ENABLED.; enable_positive_offset = 0
01-11 03:49:47.775   941  4366 I Lyric   : generic_subgraph.cc:2111: Roshi not supported in FrontOuter
01-11 03:49:47.775   941  4366 I Lyric   : generic_subgraph.cc:2131: Building graph with sobek disabled
01-11 03:49:47.775   941  4366 I Lyric   : sensor_settings_v1_provider.cc:532: SVAROGOUTERFRONT settings using v1 init settings
01-11 03:49:47.775   941  1823 I Lyric   : binder_sensor_vsync_reader.cc:26: Created BinderSensorVsyncReader, cam_vsync_id: 4
01-11 03:49:47.775   941  4366 I Lyric   : multisensor_controller.cc:1156: FrontOuter RadioExt: preferred_mipi_rate size 2 preferred_dbr_rate size 0. API delay 214.274us
01-11 03:49:47.775   941  4366 I Lyric   : sensor_generic_driver.cc:2035: SVAROGOUTERFRONT GetModeIndex requirement {size = {width: 1600, height: 1200}, frame_rate_range = [30, 30], request_binning_mode = false, request_pd_stream = false, only_config_logical_cam_stream = false, camera_id = [<recursive>], require_full_fov = true, is_high_frame_rate = false, crop_margin = 0, is_sibling_camera_participating = false, sub_image_count = 1, is_face_auth = true, is_video_mode = false, is_high_resolution_mode = false, is_arkaroo_enabled = false, is_roshi_enabled = false, is_specific_aspect_ratio_video = false, require_exact_size = false, force_sensor_mode_index = -1, is_multi_cam_usecase = false, raw_stream_usecase = 0, is_high_resolution_standalone_mode = false} required aspect ratio 1.47692 pick_transition_mode 0 require exact size 0
01-11 03:49:47.775   941  4366 I Lyric   : sensor_generic_driver.cc:2129: SVAROGOUTERFRONT GetModeIndex requirement use_binning_mode 0
01-11 03:49:47.775   941  4366 I Lyric   : sensor_generic_driver.cc:2136: SVAROGOUTERFRONT candidate mode index 0, size = {width: 3840, height: 2600}, pd = 0, frame rate range = [7.5, 30], is faceauth mode 0
01-11 03:49:47.775   941  4366 I Lyric   : sensor_generic_driver.cc:2136: SVAROGOUTERFRONT candidate mode index 1, size = {width: 3840, height: 2160}, pd = 0, frame rate range = [7.5, 30], is faceauth mode 0
01-11 03:49:47.775   941  4366 I Lyric   : sensor_generic_driver.cc:2136: SVAROGOUTERFRONT candidate mode index 2, size = {width: 3840, height: 2160}, pd = 0, frame rate range = [7.5, 60], is faceauth mode 0
01-11 03:49:47.775   941  4366 I Lyric   : sensor_generic_driver.cc:2136: SVAROGOUTERFRONT candidate mode index 3, size = {width: 1920, height: 1300}, pd = 0, frame rate range = [7.5, 60], is faceauth mode 0
01-11 03:49:47.779     0     0 I trusty  : logging.cc: 79: ***"faceauth": :40: TZ-TPU Wakelock acquired.
01-11 03:49:47.775   941  4366 I Lyric   : sensor_generic_driver.cc:2136: SVAROGOUTERFRONT candidate mode index 4, size = {width: 1920, height: 1080}, pd = 0, frame rate range = [7.5, 60], is faceauth mode 0
01-11 03:49:47.775   941  4366 I Lyric   : sensor_generic_driver.cc:2136: SVAROGOUTERFRONT candidate mode index 5, size = {width: 1920, height: 1300}, pd = 0, frame rate range = [7.5, 60], is faceauth mode 1
01-11 03:49:47.775   941  4366 I Lyric   : sensor_generic_driver.cc:2285: SVAROGOUTERFRONT Matching sensor mode found, mode index: 5
01-11 03:49:47.775   941  4366 I Lyric   : sensor_generic_driver.cc:2467: SVAROGOUTERFRONT Mode size {width: 1920, height: 1300} FPS [7.5, 60] requested FPS [30, 30] MIPI rate 501.76Mbps rss 15.05205ms
01-11 03:49:47.776   941  4366 I Lyric   : sensor_generic_driver.cc:2624: dpm: camera SVAROGOUTERFRONT, line time: 11.5785us, pixel_rate_vt: 798720000, width: 1920, height: 1300, dual pd size: {width: 0, height: 0}, sparse pd size: {width: 0, height: 0}, emb height: 0, hblanking: 7328, mode.hblanking: 7328, vblanking: 1548(17.923518ms), mode.vblanking: 124(1.435734ms), frame lines: 1424, frame lines for required fps: 2848, line pixels: 9248, FPS: 60, requested FPS: 30, binning factor: {x: 2, y: 2}, analog_gain_range: [1, 16], digital_gain_range: [1, 16], mode index = 5, size = {width: 1920, height: 1300}, pd = 0, frame rate range = [7.5, 60]
01-11 03:49:47.776   941  4366 I Lyric   : sensor_node.cc:503: cam5_sensor: CPU affinity setting: Auto
01-11 03:49:47.776   941  4366 W Lyric   : multisensor_controller.cc:1707: FrontOuter Failed to get pdaf calibration data
01-11 03:49:47.776   941  4366 W Lyric   : sensor_generic_driver.cc:6043: SVAROGOUTERFRONT Cannot update qsc enable and qsc knot point table because the qsc related register is not available.
01-11 03:49:47.776   941  4366 W Lyric   : sensor_generic_driver.cc:6100: SVAROGOUTERFRONT Skip setting static DPC: register not exist
01-11 03:49:47.776   941  4366 I Lyric   : generic_subgraph.cc:2205: minimum pipeline delay: 3, is_portrait_mode: 0 pipeline delay: 3
01-11 03:49:47.776   941  4366 I Lyric   : generic_subgraph.cc:2222: hal_touch_roi_tracking_enabled: ENABLED
01-11 03:49:47.776   941  4366 I Lyric   : generic_subgraph.cc:2355: enable_eis_blur_refinement_mask_data_flow=0 camera=5
01-11 03:49:47.776   941  4366 I Lyric   : generic_subgraph.cc:3182: Attempt to obtain pd dma output format from sensor mode
01-11 03:49:47.776   941  4366 I Lyric   : isp_subgraph_utils.cc:532: Semantic GU is disabled
01-11 03:49:47.776   941  4366 I Lyric   : zuma_isp_subgraph.cc:864: DSNR is disabled and Skin Texture is disabled in Lyric for camera FrontOuter
01-11 03:49:47.776   941  4366 I Lyric   : zuma_isp_subgraph.cc:528: all backend pipelines for nodes: 
01-11 03:49:47.776   941  4366 I Lyric   : zuma_isp_subgraph.cc:529: scaled_streams_raw_to_yuv: Pipeline (ID: (instance_id: 35953), IPs: [ RawToYuv ], Max Outputs: 1, IPConnections: [ ], Usecase: Realtime)
01-11 03:49:47.776   941  4366 I Lyric   : zuma_isp_subgraph.cc:532: raw_to_yuv_for_snapshot_exceeding_video: Pipeline (ID: (instance_id: 35954), IPs: [ RawToYuv ], Max Outputs: 1, IPConnections: [ ], Usecase: Snapshot)
01-11 03:49:47.776   941  4366 I Lyric   : zuma_isp_subgraph.cc:535: tnr_merge: Pipeline (ID: (instance_id: 35955), IPs: [ TnrMerge ], Max Outputs: 1, IPConnections: [ ], Usecase: Realtime)
01-11 03:49:47.776   941  4366 I Lyric   : zuma_isp_subgraph.cc:537: preview_mesh_warp: Pipeline (ID: (instance_id: 35956), IPs: [ MeshWarp ], Max Outputs: 1, IPConnections: [ ], Usecase: Realtime)
01-11 03:49:47.776   941  4366 I Lyric   : zuma_isp_subgraph.cc:539: video_mesh_warp: Pipeline (ID: (instance_id: 35957), IPs: [ MeshWarp ], Max Outputs: 1, IPConnections: [ ], Usecase: Video)
01-11 03:49:47.776   941  4366 I Lyric   : zuma_isp_subgraph.cc:541: mesh_warp_for_snapshot_exceeding_video: Pipeline (ID: (instance_id: 35958), IPs: [ MeshWarp ], Max Outputs: 1, IPConnections: [ ], Usecase: Snapshot)
01-11 03:49:47.776   941  4366 I Lyric   : zuma_isp_subgraph.cc:544: pipeline_info_for_dsnr_snapshot_mesh_warp: Pipeline (ID: (instance_id: 35959), IPs: [ MeshWarp ], Max Outputs: 1, IPConnections: [ ], Usecase: SnapshotForDsnr)
01-11 03:49:47.776   941  4366 I Lyric   : zuma_isp_subgraph.cc:547: post_itsc_scaler: Pipeline (ID: (instance_id: 35960), IPs: [ Scaler ], Max Outputs: 0, IPConnections: [ ], Usecase: PostItsc)
01-11 03:49:47.776   941  4366 I Lyric   : zuma_isp_subgraph.cc:549: preview_scaler: Pipeline (ID: (instance_id: 35961), IPs: [ Scaler ], Max Outputs: 0, IPConnections: [ ], Usecase: Realtime)
01-11 03:49:47.776   941  4366 I Lyric   : zuma_isp_subgraph.cc:551: video_scaler: Pipeline (ID: (instance_id: 35962), IPs: [ Scaler ], Max Outputs: 0, IPConnections: [ ], Usecase: Video)
01-11 03:49:47.776   941  4366 I Lyric   : zuma_isp_subgraph.cc:553: scaler_for_snapshot_exceeding_video: Pipeline (ID: (instance_id: 35963), IPs: [ Scaler ], Max Outputs: 0, IPConnections: [ ], Usecase: Snapshot)
01-11 03:49:47.776   941  4366 I Lyric   : zuma_isp_subgraph.cc:556: recomp_scaler: Pipeline (ID: (instance_id: 35964), IPs: [ Scaler ], Max Outputs: 0, IPConnections: [ ], Usecase: Recomposition)
01-11 03:49:47.776   941  4366 I Lyric   : zuma_isp_subgraph.cc:558: pipeline_info_for_dsnr_snapshot_scaler: Pipeline (ID: (instance_id: 35965), IPs: [ Scaler ], Max Outputs: 0, IPConnections: [ ], Usecase: SnapshotForDsnr)
01-11 03:49:47.776   941  4366 I Lyric   : zuma_isp_subgraph.cc:562: pipeline_info_for_throttled_scaled_streams_raw_to_yuv: Pipeline (ID: (instance_id: 35966), IPs: [ RawToYuv ], Max Outputs: 1, IPConnections: [ ], Usecase: Realtime)
01-11 03:49:47.776   941  4366 I Lyric   : zuma_isp_subgraph.cc:565: pipeline_info_for_throttled_recomposition_scaler: Pipeline (ID: (instance_id: 35967), IPs: [ Scaler ], Max Outputs: 0, IPConnections: [ ], Usecase: Recomposition)
01-11 03:49:47.776   941  4366 I Lyric   : zuma_isp_subgraph.cc:568: pipeline_info_for_throttled_preview_scaler: Pipeline (ID: (instance_id: 35968), IPs: [ Scaler ], Max Outputs: 0, IPConnections: [ ], Usecase: Realtime)
01-11 03:49:47.776   941  4366 I Lyric   : front_end_node.cc:654: cam5_frontend enabling setting_effective_frame_override output
01-11 03:49:47.776   941  4366 I Lyric   : zuma_front_end_controller.cc:1068: LMP DDS crop enabled: false, AutoCal crop enabled: false, YUV to framework enabled: false
01-11 03:49:47.776   941  4366 I Lyric   : whi_like_isp_backend_core_subgraph.cc:826: RawToYuvNode is configured to output consumer type 3 fmt: HalImageFormat{ pixel_format = YCBCR_420_888, stride_alignment = 16, num_buffers = 1 } for FrontOuter
01-11 03:49:47.776   941  4366 I Lyric   : whi_like_isp_backend_core_subgraph.cc:931: RawToYuvNode for snapshot exceeding video is configured to output consumer type 2 fmt: HalImageFormat{ pixel_format = YCBCR_420_SPN_10B, stride_alignment = 64, num_buffers = 1 } for FrontOuter
01-11 03:49:47.776   941  4366 I Lyric   : whi_like_isp_backend_core_subgraph.cc:1758: Align map output not enabled!
01-11 03:49:47.776   941  4366 I Lyric   : camera_device_session_manager_base.cc:1621: Stream 0 limited to 3 inflight requests
01-11 03:49:47.776   941  4366 I Lyric   : camera_device_session_manager_base.cc:1631: FrontOuter frontend limited to 3 inflight requests
01-11 03:49:47.776   941  4366 I Lyric   : generic_subgraph.cc:3724: camera_id = 5; is_front_camera = 1; is_1p_camera_app = 1; video_call = 0
01-11 03:49:47.776   941  4366 I Lyric   : auto_exposure_node.cc:648: cam5_ae: CPU affinity setting: Medium Core : Priority: Realtime
01-11 03:49:47.777   941  4366 I Lyric   : generic_subgraph.cc:4024: 1 calls in 2 sec(s): DmaMemoryAllocationCost size is set to 0 MiB.
01-11 03:49:47.777   960   960 D usf_sensor_hal: camera vsync: Enter Batch. Period = 5000000, latency = 0.
01-11 03:49:47.777  1524  2187 D BackgroundInstallControlService: Package event received: 0
01-11 03:49:47.778   941  1984 I Lyric   : multicam_graph.cc:1349: AE is connected to multicam routing node for camera FrontOuter(5)
01-11 03:49:47.778   941  1984 I Lyric   : multicam_graph.cc:1357: AWB is connected to multicam routing node for camera FrontOuter(5)
01-11 03:49:47.778   941  1984 I Lyric   : multicam_graph.cc:1381: number of video bokeh nodes connected to multicam routing node = 0
01-11 03:49:47.778   941  1984 I Lyric   : multicam_graph.cc:1384: number of rectiface nodes connected to multicam routing node = 0
01-11 03:49:47.778   941  1984 I Lyric   : multicam_graph.cc:1387: number of EIS nodes connected to multicam routing node = 0
01-11 03:49:47.778  1200 29366 I native  : I0000 00:00:1768099787.778093   29366 logging.cc:49] 15466991 : :247: Auxiliary pipeline input not loaded for storage version 6.0
01-11 03:49:47.778   941  1984 I Lyric   : whi_like_isp_backend_core_subgraph.cc:197: RawToYuvNode(FrontOuter) output size: {width: 1600, height: 1200}
01-11 03:49:47.778   941  1984 I Lyric   : multicam_profiler.cc:92: Created multicam profiler with profiling mode: 1, latency threshold: 5ms
01-11 03:49:47.778   941  1984 I Lyric   : multicam_node.cc:2480: Multicam 3A voting interface enabled: 0
01-11 03:49:47.778   941  1984 I Lyric   : multicam_controller_base.cc:1318: FOV transition participant camera: FrontOuter (id: 5)
01-11 03:49:47.778   941  1984 I Lyric   : multicam_controller_base.cc:1637: There is only one camera FrontOuter participant, make a static vote for lead role
01-11 03:49:47.778   941  1984 W Lyric   : multicam_defs.h:551: Can't found CameraFov for 
01-11 03:49:47.778   941  1984 I Lyric   : multicam_controller_base.cc:1489: Lead camera is not locked. System property value: 
01-11 03:49:47.778   941  1984 I Lyric   : multicam_controller_base.cc:1449: Allocated context: 0xb40000780e621480 for logical camera: FrontMultiFov, enable 3a overwrite: 0, enable FTR: 0, enable device state transition: 0, enable tele in pip: 0, max active camera number: 2
01-11 03:49:47.778   941  1984 I Lyric   : multicam_node.cc:927: Max number of fe inflight request: 3
01-11 03:49:47.778   960  1800 I sensor-suez: Vendor atom [id = 100243] reported.
01-11 03:49:47.778   941  1984 I Lyric   : camera_device_session_manager_base.cc:651: Successfully constructed graph: top_graph_for_camera_FrontMultiFov, graph class: MulticamGraph, graph_configuration:
01-11 03:49:47.778   941  1984 I Lyric   : graph_configuration.cc:347: 
01-11 03:49:47.778   941  1984 I Lyric   : {type: StreamInfo, stream_id: 0, camera_id: FrontOuter, format: YCBCR_420_888, width: 1600, height: 1200, usage: [Protected], stream_type: Output, use_case: Default, data_space: DataSpace(Color)::(Standard: BT601_625, Transfer: SMPTE_170M, Range: Full), is_framework_physical_stream: 1, dynamic_range_profile: Standard, intended_for_max_resolution_mode: 0, group_id: -1, is_tunable: 1}
01-11 03:49:47.778   941  1984 I Lyric   : {type: StreamConfigurationMode, FrontOuter: Normal}
01-11 03:49:47.778   941  1984 I Lyric   : camera_performance_analyzer.cc:31: [CPA] CPA-Lite is enabled.
01-11 03:49:47.778   941  1984 I Lyric   : graph_runner_deferring_work_queue.cc:343: GraphRunner: Using GraphRunnerDeferringWorkQueue
01-11 03:49:47.778   941  1984 I Lyric   : graph_runner_deferring_work_queue.cc:345: Thread pool config , Input Priority: High, affinity: Auto, process group: CameraServicePerformance, # of threads: 4
01-11 03:49:47.778   941  1984 I Lyric   : graph_runner_deferring_work_queue.cc:345: Thread pool config , Input Priority: Normal, affinity: Auto, process group: CameraServicePerformance, # of threads: 3
01-11 03:49:47.778   941  1984 I Lyric   : graph_runner_deferring_work_queue.cc:345: Thread pool config , Input Priority: Realtime, affinity: Auto, process group: CameraServicePerformance, # of threads: 6
01-11 03:49:47.778   941  1984 I Lyric   : graph_runner_deferring_work_queue.cc:441: Initializing deferring work queue RunnerH:P+:A with: wake threshold: 0; minimum active threads: 1; soft maximum: 4; underlying queue: fifo
01-11 03:49:47.778   941  1984 I Lyric   : graph_runner_deferring_work_queue.cc:441: Initializing deferring work queue RunnerN:P+:A with: wake threshold: 0; minimum active threads: 1; soft maximum: 3; underlying queue: fifo
01-11 03:49:47.778   941  1984 I Lyric   : graph_runner_deferring_work_queue.cc:441: Initializing deferring work queue RunnerR:P+:A with: wake threshold: 0; minimum active threads: 1; soft maximum: 6; underlying queue: fifo
01-11 03:49:47.779   941  1984 I Lyric   : camera_device_session_manager_base.cc:767: CameraMode: 12
01-11 03:49:47.779   941  1984 I Lyric   : camera_device_session_manager_base.cc:1047: Attempting to start graph:top_graph_for_camera_FrontMultiFov
01-11 03:49:47.779   941  1984 I Lyric   : camera_device_session_manager_base.cc:1051: Successfully started graph:top_graph_for_camera_FrontMultiFov
01-11 03:49:47.779   941  1984 I Lyric   : malloc_tracker.cc:34: Starting malloc tracker
01-11 03:49:47.780     0     0 I trusty  : logging.cc: 79: ***: :239: Command Received: AuthenticationCreate
01-11 03:49:47.780     0     0 I trusty  : logging.cc: 79: ***: :341: Faceauth product version 5.22
01-11 03:49:47.779   941   941 I Lyric   : lyric_basic_capture_session.cc:95: LyricBasicCaptureSession created
01-11 03:49:47.779   941  1450 I Lyric   : sensor_node.cc:519: cam5_sensor SensorNode starting for sensor: SVAROGOUTERFRONT, camera: FrontOuter
01-11 03:49:47.779   941   941 I StreamBufferCacheManager: Create: Created StreamBufferCacheManager.
01-11 03:49:47.779   941   941 I GCH_CameraDeviceSession: RegisterStreamsIntoCacheManagerLocked: [sbc] Registered stream 0 into SBC manager.
01-11 03:49:47.779   960   960 D usf_sensor_hal: camera vsync: Enter Activate. Enable = 1.
01-11 03:49:47.780   941  1449 W Lyric   : front_end_node.cc:803: cam5_frontend Failed to get pdaf calibration data
01-11 03:49:47.780   941  1449 I Lyric   : zuma_front_end_controller.cc:1068: LMP DDS crop enabled: false, AutoCal crop enabled: false, YUV to framework enabled: false
01-11 03:49:47.780   941  1449 I Lyric   : per_camera_barrier_impl.cc:47: Blocker for FeControllerBlockCam5ToStartExp0#0 acquired
01-11 03:49:47.780   941  1449 I Lyric   : zuma_front_end_controller.cc:1117: [CAM5] Ready to acquire driver context for sensor SVAROGOUTERFRONT, mode_index 5, csi-ch 4, at (3840x2600). With a normal lens at front_outer position.
01-11 03:49:47.780   941  1449 I Lyric   : zuma_fe_driver.cc:1022: Power Context acquired in FE driver.
01-11 03:49:47.780   941  1449 I Lyric   : zuma_fe_driver.cc:1175: [ISPFE] Enabling the device
01-11 03:49:47.780   941  1977 I Lyric   : graph_runner_deferring_work_queue.cc:182: Registering all threads took 725830 ns.
01-11 03:49:47.780  1197  1197 D AOC     : A3:MSG: usf_sensor.cc, 1866: USF: Received start sampling request for Camera V-Sync 4 (active:1).
01-11 03:49:47.782   941  1449 I Lyric   : zuma_fe_resetter.cc:157: FrontEnd: SW Reset begins.
01-11 03:49:47.783   960   960 D usf_sensor_hal: gravity: ConfigDirectReport: start sampling, period = 5000000.
01-11 03:49:47.783   941  1823 I Lyric   : binder_sensor_vsync_reader.cc:41: Enabled BinderSensorVsyncReader, cam_vsync_id: 4
01-11 03:49:47.783   941  1450 I Lyric   : rgbp_driver.cc:449: Ip version: 0x1050001
01-11 03:49:47.783   941  1450 I Lyric   : mcfp_driver.cc:804: Ip version: 0x10050000
01-11 03:49:47.783   941  1450 I Lyric   : yuvp_driver.cc:529: Ip version: 0x1050001
01-11 03:49:47.783   941  1450 I Lyric   : zuma_be_core_driver_impl.cc:541: Successfully powered up BeCore block.
01-11 03:49:47.784   941  1449 I Lyric   : zuma_fe_resetter.cc:168: FrontEnd: SW Reset done: rstctl_status = 0x0
01-11 03:49:47.784   960  1800 I sensor-suez: Vendor atom [id = 100242] reported.
01-11 03:49:47.784   960  1800 I sensor-suez: Vendor atom [id = 100243] reported.
01-11 03:49:47.784   941  1449 I Lyric   : zuma_lmp_driver.cc:356: Configuring global system CSRs
01-11 03:49:47.784   941  1449 I Lyric   : zuma_csis_core_driver.cc:197: CSIS Core: ebuf_free_byte_size: 0x75800, ebuf_fifo_intf0_ctl0: 0x967b5c2e
01-11 03:49:47.784  1197  1197 D AOC     : A3:MSG: usf_sensor.cc, 1866: USF: Received start sampling request for Gravity Sensor (active:1).
01-11 03:49:47.784  1197  1197 D AOC     : A3:MSG: vsc_sensor.cc, 37: VSC: [Gravity Sensor] enable: period 5000000, latency = 0
01-11 03:49:47.785   941  1449 I G3ACoordinator: awb_session_config_parser_lyric.cc:245: sensor_mode ptr [0xb40000786e6cf570], sobek_enabled [false], post_process [0]
01-11 03:49:47.785   941  1449 I G3ACoordinator: awb_session_config_parser_lyric.cc:285: Map sensor mode property: sobek_enabled [false], hdr_mode [0]
01-11 03:49:47.785   941  1449 I G3ACoordinator: awb_session_config_parser_lyric.cc:210: Map sensor name [SVAROGOUTERFRONT] binning_factor [2 2] mode_index [5] to GCam sensor ID [1]
01-11 03:49:47.785   941  1449 I G3ACoordinator: awb_session_config_parser_lyric.cc:145: Fail to read calibration data for camera[front_outer normal]]. Use the default LED decision in tuning!
01-11 03:49:47.785   941  1449 I G3ACoordinator: awb_engine.cc:437: Use lut file ghawb_para_lut_front_outer_normal.binarypb
01-11 03:49:47.785  1197  1197 D AOC     : A3:MSG: usf_vsc_log.cc, 69: VSC: {Fusion} configure fusion 9 5000us 0us.
01-11 03:49:47.785   941  1449 I G3ACoordinator: awb_engine.cc:487: Camera 5 Initial decision [1.6274179 1 2.1959252] CCT [3392] CCM[ccm=(1.5694001 -0.044499993 -0.5249001 -0.1627 1.2428999 -0.0802 -0.07170001 -0.66139996 1.7330999) offset=(0 0 0) color_space_type=(1 -> 1)]
01-11 03:49:47.785   941  1449 E GHAWB   : Skin Stats Analyzer: skin_stats_analyzer.cc:26] SetTuning: Disable SkinStatsAnalyzer in tuning
01-11 03:49:47.785   941  1449 E GHAWB   : Edge Stats Analyzer: edge_stats_analyzer.cc:33] SetTuning: Disable EdgeStatsAnalyzer in tuning
01-11 03:49:47.785  1197  1197 D AOC     : A3:MSG: usf_sensor.cc, 1866: USF: Received start sampling request for ICM45631 Accelerometer 0 (active:5).
01-11 03:49:47.785  1200  2186 I android.hardware.biometrics.face-service.pixel: CameraHelper::Open: Capture initialization complete
01-11 03:49:47.785   941  1450 I Lyric   : secure_operation_controller.cc:24: SecureOperationController: Requested secure session for mcfp
01-11 03:49:47.785   941  1449 I tflite  : Replacing 7 out of 11 node(s) with delegate (TfLiteXNNPackDelegate) node, yielding 7 partitions for subgraph 0.
01-11 03:49:47.786  1156 29376 I CameraService: Start camera streaming for client.pid<1200> (PID 1200, UID 1000)
01-11 03:49:47.786   941  1450 I Lyric   : secure_operation_controller.cc:24: SecureOperationController: Requested secure session for rgbp
01-11 03:49:47.786   941   941 I GCH_CameraDeviceSession: ProcessCaptureRequest: [sbc] Stream 0 1st req arrived, notify SBC Manager.
01-11 03:49:47.786  1197  1197 D AOC     : A3:MSG: icm456xy_device.cc, 443: USF: Device: type: 0, p/l: 5000000 ns/ 0 ns, O/WM/I: 200/1/200
01-11 03:49:47.786   941  4365 I Lyric   : multicam_node.cc:2777: ********************dpm: put camera: 5 on NORMAL, frame number: 0, zoom ratio: 1.00 ********************
01-11 03:49:47.786   941  4365 I Lyric   : multicam_node.cc:2957: ******************** new lead: camera: 5(FrontOuter), frame number: 0, zoom ratio: 1.00 *******************
01-11 03:49:47.786   941  4365 I Lyric   : camera_powerhal_impl.cc:189: SetPowerBoost Trigger CAMERA_LAUNCH_EXTENDED for 2000ms
01-11 03:49:47.786   941  4365 I Lyric   : multicam_node.cc:1731: ====== Multicam status update ======
01-11 03:49:47.786   941  4365 I Lyric   : multicam_node.cc:1732: Frame number: 0, Lead cam: 5, Zoom ratio: 1.00, APP requested streams:  [0(GCH/Lyric), 5]
01-11 03:49:47.786   941  4365 I Lyric   : multicam_node.cc:1739: cam: 5, dpm_mode: Normal, activation_flags: None
01-11 03:49:47.786   941  4365 I Lyric   : retiming_node.cc:1409: ******** dpm: FrontOuter(hal id: 5) change DPM mode from Undefined to Normal, is virtual transition: 0, framework request id 0, frame number: 0
01-11 03:49:47.786   941  1449 W G3ACoordinator: awb_engine.cc:518: Failed to register data types in data manager.
01-11 03:49:47.786   941  1449 I G3ACoordinator: awb_engine.cc:521: [2, 5] AwbEngine_2_5 initialized
01-11 03:49:47.786   941  1450 I Lyric   : secure_operation_controller.cc:24: SecureOperationController: Requested secure session for yuvp
01-11 03:49:47.786   941  1450 I Lyric   : raw_to_yuv_node.cc:757: Starting node cam5_raw_to_yuv with Pipeline (ID: (instance_id: 35953), IPs: [ RawToYuv ], Max Outputs: 1, IPConnections: [ ], Usecase: Realtime) on camera 5
01-11 03:49:47.787   941  4365 I Lyric   : multicam_node.cc:1731: ====== Multicam status update ======
01-11 03:49:47.787   941  4365 I Lyric   : multicam_node.cc:1732: Frame number: 1, Lead cam: 5, Zoom ratio: 1.00, APP requested streams:  [0(GCH/Lyric), 5]
01-11 03:49:47.787   941  4365 I Lyric   : multicam_node.cc:1739: cam: 5, dpm_mode: Undefined, activation_flags: None
01-11 03:49:47.787  1524  2177 W FaceManager: Unknown authentication acquired message: 24, 0
01-11 03:49:47.787   941  1450 I G3ACoordinator: ae_session_config_parser_lyric.cc:207: ispfe_raw_input_resolution [width:1920, height:1300]
01-11 03:49:47.787  2240  2240 W FaceManager: Unknown authentication acquired message: 24, 0
01-11 03:49:47.787   941  1450 I G3ACoordinator: ae_session_config_parser_lyric.cc:265: Map sensor mode property: sobek_enabled = false, g3a_session_info.hdr_mode = 0, sensor_mode_property 0
01-11 03:49:47.787   941  1450 I G3ACoordinator: ae_session_config_parser_lyric.cc:276: Map sensor name [SVAROGOUTERFRONT], binning_factor [2, 2] and mode_index [5] to GCam sensor ID [1]
01-11 03:49:47.787   941  4365 I Lyric   : three_a_request_node.cc:653: cam5_three_a_request: updating 3A max FPS to 30
01-11 03:49:47.787   941  1450 I G3ACoordinator: ae_session_config_parser_lyric.cc:376: Pre-LSC AE stats status: disabled
01-11 03:49:47.787   941  1450 I G3ACoordinator: ae_engine.cc:379: session_type 2
01-11 03:49:47.787   941  1450 I G3ACoordinator: ae_engine.cc:3014: GABC fatp_enable_ = 0
01-11 03:49:47.787   941  1450 I G3ACoordinator: ae_engine.cc:453: [0, 5] AeEngine_0_5 initialized
01-11 03:49:47.788   941  1449 I Lyric   : page_release_controller.cc:108: Disabling page releasing.
01-11 03:49:47.788   941  1976 W Lyric   : motion_sensor_controller_proxy.cc:134: 2 calls in 1752 sec(s): gravity: Attempting to query before the resource is ready.
01-11 03:49:47.788   941  1976 W Lyric   : motion_sensor_controller_proxy.cc:134: 6 calls in 437 sec(s): accelerometer: Attempting to query before the resource is ready.
01-11 03:49:47.788  2240  2261 D BiometricStatusRepositoryImpl: authenticationState updated: Acquired(biometricSourceType=FACE, requestReason=DeviceEntryAuthentication, acquiredInfo=24)
01-11 03:49:47.788   941  1451 I Lyric   : direct_channel_motion_sensor_data_streamer.cc:591: gravity resource acquired.
01-11 03:49:47.788  1200  2186 I android.hardware.biometrics.face-service.pixel: Retrieving controller result...
01-11 03:49:47.788  2380  2705 D CameraStateSource: report CameraAvailability now. CameraAvailability(cameraId=1, availability=false, sequenceNumber=28)
01-11 03:49:47.788  2380  2705 D BusinessScope: Enqueuing the block
01-11 03:49:47.788  2380  2705 D BusinessScope: Start running the #3191 block
01-11 03:49:47.789   941  1979 I Lyric   : conditional_dpm_node.cc:70: cam5_conditional_dpm turn to dpm mode: Normal, framte number: 0
01-11 03:49:47.789  1197  1197 D AOC     : A3:MSG: controller.cc, 275: CNTRL: cmd ID: 0x00d4, tag: 0xc2 [cntr = 6710]
01-11 03:49:47.789 22657 22657 I pixel-thermal: VIRTUAL-SKIN:32.5642 raw data: VIRTUAL-SKIN:32564.2 
01-11 03:49:47.789  1197  1197 D AOC     : A3:MSG: controller.cc, 919: CNTRL: ipc: control, cmd ID: 0x00d4, tag: 0xc2, rc: 0
01-11 03:49:47.789   941  1450 W Lyric   : auto_exposure_node.cc:1064: cam5_ae failed to acquire eco context: UNAVAILABLE: Not able to create valid eco proxy client
01-11 03:49:47.789   941  4365 W Lyric   : motion_sensor_controller_proxy.cc:287: 12 calls in 437 sec(s): device orientation: Attempting to query before the resource is ready.
01-11 03:49:47.789   941  4365 I G3ACoordinator: ae_input_parser_lyric.cc:2151: Starter frame: rel_frame_num [-3]
01-11 03:49:47.789   941  4365 I G3ACoordinator: ae_engine.cc:548: Starter Frames
01-11 03:49:47.790   941  4365 I G3ACoordinator: awb_input_parser_lyric.cc:1204: Starter frame: rel_frame_num [-3]
01-11 03:49:47.790   941  4365 I G3ACoordinator: awb_engine.cc:1948: Load tuning with previous:Primary :  Usecase: 1 Sensor mode: -1 Viridian value: -1 Camera position: 7 Camera lens_type: 0 Camera spectrum: -1 Partial Usecases: {} current:Primary :  Usecase: 0 Sensor mode: -1 Viridian value: -1 Camera position: 7 Camera lens_type: 0 Camera spectrum: -1 Partial Usecases: {}
01-11 03:49:47.790   941  4365 E GHAWB   : Skin Stats Analyzer: skin_stats_analyzer.cc:26] SetTuning: Disable SkinStatsAnalyzer in tuning
01-11 03:49:47.790   941  4365 E GHAWB   : Edge Stats Analyzer: edge_stats_analyzer.cc:33] SetTuning: Disable EdgeStatsAnalyzer in tuning
01-11 03:49:47.790   941  1974 I Lyric   : dpm_bandwidth_controller_v2.cc:1044: Update minimum MIF clock to 1000000000 number of active sensor: 1
01-11 03:49:47.790   941  1974 I Lyric   : dpm_bandwidth_controller_v2.cc:1100: Update minimum INT clock to 200000000 number of active sensor: 1
01-11 03:49:47.790   941  1974 I Lyric   : multisensor_controller.cc:797: FrontOuter StartStreaming, waiting on barrier, request: 0
01-11 03:49:47.790   941  1974 I Lyric   : multisensor_controller.cc:841: camera FrontOuter start prepare spend : 3.174us
01-11 03:49:47.790   941  4365 I tflite  : Replacing 7 out of 11 node(s) with delegate (TfLiteXNNPackDelegate) node, yielding 7 partitions for subgraph 0.
01-11 03:49:47.790   960   960 D USF     : ION fd [64] translated to handle [0x476e23c9].
01-11 03:49:47.791   941  4365 I G3ACoordinator: ae_input_parser_lyric.cc:2151: Starter frame: rel_frame_num [-2]
01-11 03:49:47.791   941  4365 I G3ACoordinator: ae_engine.cc:548: Starter Frames
01-11 03:49:47.791   941  4366 I Lyric   : zuma_front_end_controller.cc:742: [CAM5] Updating power mode from Standby to Normal on frame 0, and stream_off_fence: 0
01-11 03:49:47.791   941  4366 I Lyric   : zuma_fe_driver.cc:912: [ISPFE] Acquiring context. Sensor: SVAROGOUTERFRONT
01-11 03:49:47.791   941  4366 I Lyric   : switchboard.cc:333: Booked resources: BookedResourceMap below:
01-11 03:49:47.791   941  4366 I Lyric   :   Resource type Bayer OTF at index 4,
01-11 03:49:47.791   941  4366 I Lyric   :   Resource type Image LoCH at index 0,
01-11 03:49:47.791   941  4366 I Lyric   : zuma_csis_core_context.cc:396: [CAM5] Created Zuma CSIS Core context for sensor SVAROGOUTERFRONT with size: {width: 1920, height: 1300}
01-11 03:49:47.791   941  4366 I Lyric   : zuma_csis_phy_link_context.cc:171: Zuma CsisPhyLinkContext_4 sensor with image size: {width: 1920, height: 1300}, format: raw_10
01-11 03:49:47.791   941  4366 I Lyric   : zuma_csis_phy_link_context.cc:1329: Zuma CsisPhyLinkContext_4 Rx CTLE enable: 0, is CPHY: 0, mipi rate: 501Msps
01-11 03:49:47.791   941  4366 I Lyric   : zuma_csis_phy_link_context.cc:204: Zuma CsisPhyLinkContext_4 Disable Rx CTLE settings NcCoef: 0x0, CntRout: 0x5, BiasCon: 0x8, RselCnt: 0xa, CapCnt: 0xe
01-11 03:49:47.791   941  4366 I Lyric   : zuma_fc_bayer_context.cc:45: FC bayer context 4 for camera 5 created, sensor output size: {width: 1920, height: 1300} bayer output size: 1920 x 1300
01-11 03:49:47.791   941  4365 I G3ACoordinator: awb_input_parser_lyric.cc:1204: Starter frame: rel_frame_num [-2]
01-11 03:49:47.791   941  4365 I G3ACoordinator: ae_input_parser_lyric.cc:2151: Starter frame: rel_frame_num [-1]
01-11 03:49:47.791   941  4365 I G3ACoordinator: ae_engine.cc:548: Starter Frames
01-11 03:49:47.791   941  4366 I Lyric   : zuma_lmp_line_buffer.h:50: For LMP bayer context index 4, requested width 1920 compared to last used width -1, after allocation, the available linebuffer size is 16768
01-11 03:49:47.791   941  4366 I Lyric   : zuma_lmp_bayer_context.cc:62: Created Zuma LMP context with bayer size: 1920 x 1300 for sensor output stream 1920 x 1300
01-11 03:49:47.792   941  1982 I G3ACoordinator: awb_input_parser_lyric.cc:1204: Starter frame: rel_frame_num [-1]
01-11 03:49:47.792   941  1505 I Lyric   : zuma_fe_pdma_driver.cc:153: [FEIRQ] FE PDMA event 608 #1, timestamp: 21631046230338, name: IspFe.pdma_rstctl.Context0SwResetDone
01-11 03:49:47.792   941  4366 I Lyric   : test_pattern_calculator.h:75: TpgSync clock: 115000 KHz, fps: 60
