01-12 15:09:43.235  1510  2139 D InetDiagMessage: Destroyed 0 sockets, proto=IPPROTO_TCP, family=AF_INET6, states=14
01-12 15:09:43.235  1510  2139 D InetDiagMessage: Destroyed live tcp sockets for uids={20279} in 4ms
01-12 15:09:43.397 32207 32207 W fb4a.InitStatus: Not blocking Service (176510650)
01-12 15:09:43.400 32207 32207 W fb4a.InitStatus: Not blocking Service (176510650)
01-12 15:09:43.401 32207 32207 W fb4a.InitStatus: Not blocking Service (176510650)
01-12 15:09:43.582 23183 23205 I pixel-thermal: battery:27.2 raw data: battery:27200 
01-12 15:09:43.582 23183 23205 I pixel-thermal: Power rails total power: 1502.00 mW for 60014 ms
01-12 15:09:43.582 23183 23205 I pixel-thermal: Power rails [S6M_LLDO1: 71.54 mW] [S4M_VDD_CPUCL0: 369.68 mW] [S3M_VDD_CPUCL2: 69.22 mW] [S1M_VDD_MIF: 69.10 mW] [VSYS_PWR_MMWAVE: 0.47 mW] [S5M_VDD_INT: 27.32 mW] 
01-12 15:09:43.582 23183 23205 I pixel-thermal: Power rails [S9M_VDD_CPUCL1_M: 19.05 mW] [S2M_VDD_CPUCL1: 196.25 mW] [VSYS_PWR_CAMERA: 5.85 mW] [VSYS_PWR_DISPLAY: 81.99 mW] [L21S_VDD2L_MEM: 10.53 mW] [S8M_LLDO2: 54.21 mW] 
01-12 15:09:43.582 23183 23205 I pixel-thermal: Power rails [S3S_LLDO1: 161.62 mW] [VSYS_PWR_RFFE: 6.59 mW] [VSYS_PWR_WLAN_BT: 66.73 mW] [VSYS_PWR_MODEM: 63.80 mW] [L2S_PLL_MIPI_UFS: 134.17 mW] [S4S_VDD2H_MEM: 58.28 mW] 
01-12 15:09:43.582 23183 23205 I pixel-thermal: Power rails [S9S_VDD_AOC: 8.59 mW] [S2S_VDD_G3D: 2.55 mW] [S1S_VDD_CAM: 15.59 mW] [S7M_VDD_TPU: 0.00 mW] [L22S_UDFPS: 0.37 mW] [S5S_VDDQ_MEM: 8.51 mW] 
01-12 15:09:43.584 23183 23205 I pixel-thermal: CDEV log thermal-cpufreq-2 state:0 thermal-cpufreq-0 state:0 gxp-cooling state:0 tpu_cooling state:0 usbc-port state:0 chg_mdis state:0 thermal-cpufreq-1 state:0 thermal-gpufreq-0 state:0 thermal-uclamp-7 state:0 thermal-uclamp-4 state:0 thermal-uclamp-0 state:0 
01-12 15:09:43.584  1510  2139 D InetDiagMessage: Destroyed 0 sockets, proto=IPPROTO_TCP, family=AF_INET, states=14
01-12 15:09:43.586  1510  2139 D InetDiagMessage: Destroyed 0 sockets, proto=IPPROTO_TCP, family=AF_INET6, states=14
01-12 15:09:43.586  1510  2139 D InetDiagMessage: Destroyed live tcp sockets for uids={10152} in 4ms
01-12 15:09:43.587  1510  2139 D InetDiagMessage: Destroyed 0 sockets, proto=IPPROTO_TCP, family=AF_INET, states=14
01-12 15:09:43.589  1510  2139 D InetDiagMessage: Destroyed 0 sockets, proto=IPPROTO_TCP, family=AF_INET6, states=14
01-12 15:09:43.589  1510  2139 D InetDiagMessage: Destroyed live tcp sockets for uids={20152} in 3ms
01-12 15:09:43.672 28840 15700 W libbinder.Binder: Binder transaction to android.accounts.IAccountAuthenticator code 3 took 1501ms. Data bytes: 492 Reply bytes: 0 Flags: 17
01-12 15:09:43.693  1510  2195 D BackgroundInstallControlService: Package event received: 0
01-12 15:09:43.698  1510  2195 D BackgroundInstallControlService: Package event received: 0
01-12 15:09:43.698  1510  2195 D BackgroundInstallControlService: Package event received: 0
01-12 15:09:43.782 28840 28846 E gcblocker: too long GC blocking: 5
01-12 15:09:43.782 28840 28846 E gcblocker: gc block end, 37849154,100
01-12 15:09:44.084  1510  2067 D ActivityManager: freezing 31457 com.android.vending
01-12 15:09:44.091  1510  2139 D InetDiagMessage: Destroyed 0 sockets, proto=IPPROTO_TCP, family=AF_INET, states=14
01-12 15:09:44.093  1510  2139 D InetDiagMessage: Destroyed 0 sockets, proto=IPPROTO_TCP, family=AF_INET6, states=14
01-12 15:09:44.093  1510  2139 D InetDiagMessage: Destroyed live tcp sockets for uids={10141} in 4ms
01-12 15:09:44.306  3383  3957 E Tealium-1.7.0: Timed out, could not fetch resource.
01-12 15:09:44.400  3383  3383 D Tealium-1.7.0: Init grace period expired. Clearing buffered Activities
01-12 15:09:44.406 32207 32207 W fb4a.InitStatus: Not blocking Service (176510650)
01-12 15:09:44.412 32207 32207 W fb4a.InitStatus: Not blocking Service (176510650)
01-12 15:09:44.412 32207 32207 W fb4a.InitStatus: Not blocking Service (176510650)
01-12 15:09:44.640  3396  3396 D Tealium-1.7.3: Init grace period expired. Clearing buffered Activities
01-12 15:09:44.692  1006  2919 I WifiHAL : Creating message to get link statistics; iface = 47
01-12 15:09:44.797  1006  1006 I WifiHAL : Getting cached scan results, iface handle = 0xb4000074d0e71410
01-12 15:09:44.797  1006  2919 E libbinder.IPCThreadState: binder thread pool (1 threads) starved for 104 ms
01-12 15:09:44.797  1006  1006 E WifiHAL : Creating message to get cached scan results
01-12 15:09:44.801  2238  2238 I wpa_supplicant: CTRL-EVENT-MLO-LINK 1 ce:xx:xx:xx:x2:07 5250
01-12 15:09:44.813  1006  1006 I WifiHAL : In GetCachedScanResultsCommand::handleResponse
01-12 15:09:44.867  1510  2139 D ConnectivityService: NetReassign [no changes] [c 1] [a 2] [i 8]
01-12 15:09:45.008 30042 30474 I lam:AppLinkService: getLinkInfo: linkType=0
01-12 15:09:45.010 30042 30474 I lam:AppLinkService: getLinkInfo: Release link leases
01-12 15:09:45.122  1510  2067 D ActivityManager: freezing 3396 com.lufthansa.android.lufthansa
01-12 15:09:45.133  1510  2139 D InetDiagMessage: Destroyed 0 sockets, proto=IPPROTO_TCP, family=AF_INET, states=14
01-12 15:09:45.136  1510  2139 D InetDiagMessage: Destroyed 0 sockets, proto=IPPROTO_TCP, family=AF_INET6, states=14
01-12 15:09:45.136  1510  2139 D InetDiagMessage: Destroyed live tcp sockets for uids={10410} in 5ms
01-12 15:09:45.202 28840 15701 W libbinder.Binder: Binder transaction to android.accounts.IAccountAuthenticator code 3 took 1500ms. Data bytes: 492 Reply bytes: 0 Flags: 17
01-12 15:09:45.206  1510  2195 D BackgroundInstallControlService: Package event received: 0
01-12 15:09:45.207  1510  2195 D BackgroundInstallControlService: Package event received: 0
01-12 15:09:45.207  1510  2195 D BackgroundInstallControlService: Package event received: 0
01-12 15:09:45.304 28840 28846 E gcblocker: too long GC blocking: 5
01-12 15:09:45.304 28840 28846 E gcblocker: gc block end, 37850676,100
01-12 15:09:45.419 32207 32207 W fb4a.InitStatus: Not blocking Service (176510650)
01-12 15:09:45.423 32207 32207 W fb4a.InitStatus: Not blocking Service (176510650)
01-12 15:09:45.423 32207 32207 W fb4a.InitStatus: Not blocking Service (176510650)
01-12 15:09:45.571  1510  2067 D ActivityManager: freezing 3244 com.google.android.apps.weather
01-12 15:09:45.577  1510  2139 D InetDiagMessage: Destroyed 0 sockets, proto=IPPROTO_TCP, family=AF_INET, states=14
01-12 15:09:45.579  1510  2139 D InetDiagMessage: Destroyed 0 sockets, proto=IPPROTO_TCP, family=AF_INET6, states=14
01-12 15:09:45.579  1510  2139 D InetDiagMessage: Destroyed live tcp sockets for uids={10148} in 3ms
01-12 15:09:45.767 23183 23205 I pixel-thermal: VIRTUAL-SKIN-CPU-HIGH:31.8277 raw data: CLOSE_WEIGHT:1 OPEN_WEIGHT:0 VIRTUAL-SKIN:31827.7 VIRTUAL-SKIN-CLOSE:31827.7 VIRTUAL-SKIN-CLOSE-SUB-1:31614.6 VIRTUAL-SKIN-CLOSE-SUB-2:31827.7 VIRTUAL-SKIN-CLOSE-SUB-3:30315.9 VIRTUAL-SKIN-CLOSE-SUB-4:27418.6 VIRTUAL-SKIN-CPU-HIGH:31827.7 VIRTUAL-SKIN-LEGACY:31827.7 VIRTUAL-SKIN-OPEN:31708.6 VIRTUAL-SKIN-OPEN-SUB-1:30322 VIRTUAL-SKIN-OPEN-SUB-2:31708.6 charger_therm:35245 display_therm:27610 gnss_tcxo_therm:31461 inner_brightness:0 inner_display_therm:29724 maxfg_base:27200 maxfg_secondary:25500 modem_therm:32507 rffe_therm:31438 soc_therm:35935 usb_conn_therm:28366 
01-12 15:09:45.768 23183 23205 I pixel-thermal: charger_therm:35.245 raw data: charger_therm:35245 
01-12 15:09:45.768 23183 23205 I pixel-thermal: VIRTUAL-SKIN-INNER-DISPLAY:31.7086 raw data: VIRTUAL-SKIN-INNER-DISPLAY:31708.6 VIRTUAL-SKIN-OPEN:31708.6 
01-12 15:09:45.768 23183 23205 I pixel-thermal: VIRTUAL-SKIN-HINT:31.8277 raw data: VIRTUAL-SKIN:31827.7 VIRTUAL-SKIN-HINT:31827.7 
01-12 15:09:45.769 23183 23205 I pixel-thermal: VIRTUAL-SKIN-CHARGE-PERSIST:32.1721 raw data: CLOSE_WEIGHT:1 IS_WLC:0 NO_WLC:1 OPEN_WEIGHT:0 VIRTUAL-SKIN-CHARGE-PERSIST:32172.1 VIRTUAL-SKIN-CHARGE-WIRED-CLOSE:32172.1 VIRTUAL-SKIN-CHARGE-WIRED-EQ:32172.1 VIRTUAL-SKIN-CHARGE-WIRED-OPEN:32008 VIRTUAL-SKIN-CHARGE-WLC-EQ:31225.8 WLC_CHECK:1 charger_therm:35245 gnss_tcxo_therm:31461 modem_therm:32507 rffe_therm:31438 soc_therm:35935 thb_hda:51 
01-12 15:09:45.769 23183 23205 I pixel-thermal: VIRTUAL-SKIN-CPU-LIGHT-ODPM:31.8277 raw data: VIRTUAL-SKIN:31827.7 VIRTUAL-SKIN-CPU-LIGHT-ODPM:31827.7 
01-12 15:09:45.769 23183 23205 I pixel-thermal: VIRTUAL-SKIN-CPU-MID:31.8277 raw data: VIRTUAL-SKIN:31827.7 VIRTUAL-SKIN-CPU-MID:31827.7 
01-12 15:09:45.769 23183 23205 I pixel-thermal: VIRTUAL-SKIN-CPU-ODPM:31.8277 raw data: VIRTUAL-SKIN:31827.7 VIRTUAL-SKIN-CPU-ODPM:31827.7 
01-12 15:09:45.769 23183 23205 I pixel-thermal: VIRTUAL-SKIN-GPU:31.8277 raw data: VIRTUAL-SKIN:31827.7 VIRTUAL-SKIN-GPU:31827.7 
01-12 15:09:45.769 23183 23205 I pixel-thermal: cellular-emergency:31.8277 raw data: VIRTUAL-SKIN:31827.7 cellular-emergency:31827.7 
01-12 15:09:45.769 23183 23205 I pixel-thermal: VIRTUAL-SKIN-MODEL: model_input: [35935.00 31438.00 35245.00 28366.00 32507.00 29724.00 27610.00 31461.00 27200.00 25500.00 0.00 ]
01-12 15:09:45.769 23183 23205 I pixel-thermal: Ignoring stale previous samples for VIRTUAL-SKIN-MODEL
01-12 15:09:45.769 23183 23205 I pixel-thermal: VT Estimator returned (ret: 6) for VIRTUAL-SKIN-MODEL. Reading backup sensor [VIRTUAL-SKIN-LEGACY] data to use
01-12 15:09:45.769 23183 23205 I pixel-thermal: VIRTUAL-SKIN-SPEAKER-MODEL: model_input: [35935.00 31438.00 35245.00 28366.00 32507.00 29724.00 27610.00 31461.00 27200.00 25500.00 0.00 ]
01-12 15:09:45.769 23183 23205 I pixel-thermal: Ignoring stale previous samples for VIRTUAL-SKIN-SPEAKER-MODEL
01-12 15:09:45.769 23183 23205 I pixel-thermal: VT Estimator returned (ret: 6) for VIRTUAL-SKIN-SPEAKER-MODEL. Reading backup sensor [VIRTUAL-SKIN-SPEAKER-LEGACY] data to use
01-12 15:09:45.769 23183 23205 I pixel-thermal: STATS-UPDATOR:0 raw data: STATS-UPDATOR:0 VIRTUAL-SKIN-LEGACY:31827.7 VIRTUAL-SKIN-MODEL:31827.7 VIRTUAL-SKIN-MODEL-LEGACY-DIFF:0 VIRTUAL-SKIN-SPEAKER-LEGACY:33943.7 VIRTUAL-SKIN-SPEAKER-MODEL:33943.7 VIRTUAL-SKIN-SPEAKER-MODEL-LEGACY-DIFF:0 charger_therm:35245 display_therm:27610 gnss_tcxo_therm:31461 inner_brightness:0 inner_display_therm:29724 maxfg_base:27200 maxfg_secondary:25500 modem_therm:32507 rffe_therm:31438 soc_therm:35935 usb_conn_therm:28366 
01-12 15:09:45.770 23183 23205 I pixel-thermal: VIRTUAL-SKIN-CHARGE-WIRED:32.1721 raw data: NO_WLC:1 VIRTUAL-SKIN-CHARGE-WIRED:32172.1 VIRTUAL-SKIN-CHARGE-WIRED-EQ:32172.1 
01-12 15:09:45.770 23183 23205 I pixel-thermal: CHARGING-STATS-UPDATOR:0 raw data: CHARGING-STATS-UPDATOR:0 IS_WIRED_15W:0 IS_WIRED_15W_CHECK:1 IS_WIRED_18W:0 IS_WIRED_18W_CHECK:1 IS_WIRED_5W:0 IS_WIRED_5W_CHECK:1 IS_WIRED_7_5W:0 IS_WIRED_7_5W_CHECK:1 IS_WIRED_GT18W:0 IS_WIRED_GT18W_CHECK:1 IS_WIRED_SUB5W:1 IS_WIRED_SUB5W_CHECK:2 IS_WLC_WITHOUT_STEP_RATIO:0 NO_WIRED_15W:1 NO_WIRED_18W:1 NO_WIRED_5W:1 NO_WIRED_7_5W:1 NO_WIRED_GT18W:1 NO_WIRED_SUB5W:0 NO_WLC_WITHOUT_STEP_RATIO:1 VIRTUAL-SKIN-CHARGE-DURING-WIRED-15W-STATS:-1e+06 VIRTUAL-SKIN-CHARGE-DURING-WIRED-18W-STATS:-1e+06 VIRTUAL-SKIN-CHARGE-DURING-WIRED-5W-STATS:-1e+06 VIRTUAL-SKIN-CHARGE-DURING-WIRED-7-5W-STATS:-1e+06 VIRTUAL-SKIN-CHARGE-DURING-WIRED-GT18W-STATS:-1e+06 VIRTUAL-SKIN-CHARGE-DURING-WIRED-SUB5W-STATS:32172.1 VIRTUAL-SKIN-CHARGE-DURING-WLC-STATS:-1e+06 VIRTUAL-SKIN-CHARGE-WIRED-EQ:32172.1 VIRTUAL-SKIN-CHARGE-WLC-EQ:31225.8 WLC_CHECK:1 thb_hda:51 
01-12 15:09:45.770 23183 23205 I pixel-thermal: VIRTUAL-SKIN:31.8277 raw data: VIRTUAL-SKIN:31827.7 
01-12 15:09:45.770 23183 23205 I pixel-thermal: VIRTUAL-SKIN-SOC:31.8277 raw data: VIRTUAL-SKIN:31827.7 VIRTUAL-SKIN-SOC:31827.7 
01-12 15:09:45.770 23183 23205 I pixel-thermal: VIRTUAL-SKIN-OUTER-DISPLAY:27.4972 raw data: VIRTUAL-SKIN-OUTER-DISPLAY:27497.2 display_therm:27610 
01-12 15:09:45.872  1510  2139 D InetDiagMessage: Destroyed 1 sockets, proto=IPPROTO_TCP, family=AF_INET, states=14
01-12 15:09:45.875  1510  2139 D InetDiagMessage: Destroyed 4 sockets, proto=IPPROTO_TCP, family=AF_INET6, states=14
01-12 15:09:45.875  1510  2139 D InetDiagMessage: Destroyed live tcp sockets for uids={10558} in 7ms
01-12 15:09:45.877  1510  2139 D InetDiagMessage: Destroyed 0 sockets, proto=IPPROTO_TCP, family=AF_INET, states=14
01-12 15:09:45.880  1510  2139 D InetDiagMessage: Destroyed 0 sockets, proto=IPPROTO_TCP, family=AF_INET6, states=14
01-12 15:09:45.880  1510  2139 D InetDiagMessage: Destroyed live tcp sockets for uids={20558} in 5ms
01-12 15:09:45.881  3383  3967 D WM-Processor: Processor cancelling fefa7081-8193-4eff-becd-f2330f7f5e40
01-12 15:09:45.882  3383  3967 D WM-Processor: WorkerWrapper could not be found for fefa7081-8193-4eff-becd-f2330f7f5e40
01-12 15:09:45.892  3383  3967 D WM-GreedyScheduler: Cancelling work ID fefa7081-8193-4eff-becd-f2330f7f5e40
01-12 15:09:46.377  1510  3998 D ConnectivityService: Returning BLOCKED NetworkInfo to uid=10558
01-12 15:09:46.428 16563 24746 I efsq    : appOpsListener android:record_audio com.facebook.katana
01-12 15:09:46.428 16563 24746 I efsq    : Ignoring irrelevant audio permission changes for package com.facebook.katana
01-12 15:09:46.480  1202  2035 D AidlBufferPool: bufferpool2 0xb40000716e06b478 : 0(0 size) total buffers - 0(0 size) used buffers - 0/0 (recycle/alloc) - 0/0 (fetch/transfer)
01-12 15:09:46.480  1202  2035 D AidlBufferPoolAcc: evictor expired: 2, evicted: 1
01-12 15:09:46.556  1510  2067 D ActivityManager: freezing 4017 com.google.android.webview:sandboxed_process0:org.chromium.content.app.SandboxedProcessService0:0
01-12 15:09:46.561  1510  2139 D InetDiagMessage: Destroyed 0 sockets, proto=IPPROTO_TCP, family=AF_INET, states=14
01-12 15:09:46.563  1510  2139 D InetDiagMessage: Destroyed 0 sockets, proto=IPPROTO_TCP, family=AF_INET6, states=14
01-12 15:09:46.563  1510  2139 D InetDiagMessage: Destroyed live tcp sockets for uids={99047} in 3ms
01-12 15:09:46.710 28840 15702 W libbinder.Binder: Binder transaction to android.accounts.IAccountAuthenticator code 3 took 1501ms. Data bytes: 492 Reply bytes: 0 Flags: 17
01-12 15:09:46.725  1510  2195 D BackgroundInstallControlService: Package event received: 0
01-12 15:09:46.730  1510  2195 D BackgroundInstallControlService: Package event received: 0
01-12 15:09:46.730  1510  2195 D BackgroundInstallControlService: Package event received: 0
01-12 15:09:46.815 28840 28846 E gcblocker: too long GC blocking: 5
01-12 15:09:46.815 28840 28846 E gcblocker: gc block end, 37852186,101
01-12 15:09:47.000 30042 30611 I BatteryEventDispatcherImpl: [_waitingForDispatchEvent] processing BatteryEventDispatcherImpl$DispatchEvent$OnPollTimeout
01-12 15:09:47.032 23183 23205 I pixel-thermal: soc_therm:35.935 raw data: soc_therm:35935 
01-12 15:09:47.145  1510  2067 D ActivityManager: freezing 743 com.google.android.webview:webview_service
01-12 15:09:47.155  1510  2139 D InetDiagMessage: Destroyed 0 sockets, proto=IPPROTO_TCP, family=AF_INET, states=14
01-12 15:09:47.159  1510  2139 D InetDiagMessage: Destroyed 0 sockets, proto=IPPROTO_TCP, family=AF_INET6, states=14
01-12 15:09:47.159  1510  2139 D InetDiagMessage: Destroyed live tcp sockets for uids={10212} in 7ms
01-12 15:09:47.156  1229  1229 W TracingMuxer: type=1400 audit(0.0:9044): avc:  denied  { write } for  name="traced_producer" dev="tmpfs" ino=1327 scontext=u:r:gxp_logging:s0 tcontext=u:object_r:traced_producer_socket:s0 tclass=sock_file permissive=0
01-12 15:09:47.207  3383  3955 E Tealium-1.7.0: Timed out, could not fetch resource.
01-12 15:09:47.711  3383  3956 E Tealium-1.7.0: Timed out, could not fetch resource.
01-12 15:09:47.852  1006  1006 I WifiHAL : Creating message to get link statistics; iface = 47
01-12 15:09:47.948  1510  2067 D ActivityManager: freezing 3407 com.Slack
01-12 15:09:47.955  1510  2139 D InetDiagMessage: Destroyed 0 sockets, proto=IPPROTO_TCP, family=AF_INET, states=14
01-12 15:09:47.956  1510  2139 D InetDiagMessage: Destroyed 0 sockets, proto=IPPROTO_TCP, family=AF_INET6, states=14
01-12 15:09:47.956  1510  2139 D InetDiagMessage: Destroyed live tcp sockets for uids={10395} in 4ms
01-12 15:09:47.999  2238  2238 I wpa_supplicant: CTRL-EVENT-MLO-LINK 1 ce:xx:xx:xx:x2:07 5250
01-12 15:09:48.000  1006  2919 I WifiHAL : Getting cached scan results, iface handle = 0xb4000074d0e71410
01-12 15:09:48.000  1006  2919 E WifiHAL : Creating message to get cached scan results
01-12 15:09:48.012  1006  2919 I WifiHAL : In GetCachedScanResultsCommand::handleResponse
01-12 15:09:48.014  1006  2919 E libbinder.IPCThreadState: binder thread pool (1 threads) starved for 162 ms
01-12 15:09:48.080  1510  2139 D ConnectivityService: NetReassign [no changes] [c 3] [a 4] [i 10]
01-12 15:09:48.213  1510  2067 D ActivityManager: freezing 4200 com.google.android.adservices.api
01-12 15:09:48.217  1510  2139 D InetDiagMessage: Destroyed 0 sockets, proto=IPPROTO_TCP, family=AF_INET, states=14
01-12 15:09:48.220  1510  2139 D InetDiagMessage: Destroyed 0 sockets, proto=IPPROTO_TCP, family=AF_INET6, states=14
01-12 15:09:48.220  1510  2139 D InetDiagMessage: Destroyed live tcp sockets for uids={10279} in 4ms
01-12 15:09:48.235 28840 15701 W libbinder.Binder: Binder transaction to android.accounts.IAccountAuthenticator code 3 took 1501ms. Data bytes: 492 Reply bytes: 0 Flags: 17
01-12 15:09:48.241  1510  2195 D BackgroundInstallControlService: Package event received: 0
01-12 15:09:48.243  1510  2195 D BackgroundInstallControlService: Package event received: 0
01-12 15:09:48.243  1510  2195 D BackgroundInstallControlService: Package event received: 0
01-12 15:09:48.338 28840 28846 E gcblocker: too long GC blocking: 5
01-12 15:09:48.338 28840 28846 E gcblocker: gc block end, 37853710,100
01-12 15:09:48.574  1510  2067 D ActivityManager: freezing 2590 com.google.android.euicc
01-12 15:09:48.582  1510  2139 D InetDiagMessage: Destroyed 0 sockets, proto=IPPROTO_TCP, family=AF_INET, states=14
01-12 15:09:48.585  1510  2139 D InetDiagMessage: Destroyed 0 sockets, proto=IPPROTO_TCP, family=AF_INET6, states=14
01-12 15:09:48.585  1510  2139 D InetDiagMessage: Destroyed live tcp sockets for uids={10152} in 7ms
01-12 15:09:48.710  2412  3630 D ImpulseConnection: timeout didn't happen: com.google.android.apps.turbo
01-12 15:09:48.716  2412  2704 D TemperatureStateSource: sequence=1540 actualDelay=10000
01-12 15:09:48.717  2412  2704 D TemperatureStateSource: Reading temperature: sequence=1541
01-12 15:09:48.723 23183 23183 I pixel-thermal: VIRTUAL-SKIN:31.8277 raw data: CLOSE_WEIGHT:1 OPEN_WEIGHT:0 VIRTUAL-SKIN:31827.7 VIRTUAL-SKIN-CLOSE:31827.7 VIRTUAL-SKIN-CLOSE-SUB-1:31614.6 VIRTUAL-SKIN-CLOSE-SUB-2:31827.7 VIRTUAL-SKIN-CLOSE-SUB-3:30315.9 VIRTUAL-SKIN-CLOSE-SUB-4:27418.6 VIRTUAL-SKIN-LEGACY:31827.7 VIRTUAL-SKIN-OPEN:31708.6 VIRTUAL-SKIN-OPEN-SUB-1:30322 VIRTUAL-SKIN-OPEN-SUB-2:31708.6 charger_therm:35245 display_therm:27610 gnss_tcxo_therm:31461 inner_brightness:0 inner_display_therm:29724 maxfg_base:27200 maxfg_secondary:25500 modem_therm:32507 rffe_therm:31438 soc_therm:35935 usb_conn_therm:28366 
01-12 15:09:48.723  2412  2704 D TemperatureStateSource: getDeviceTemperatures: sequence=1541 deviceTemperatureType=3 temperatureSource=0 temperatures=[31.827724]
01-12 15:09:48.724  2412  2704 D BusinessScope: Enqueuing the block
01-12 15:09:48.724  2412  2704 D TemperatureStateSource: sequence=1541 waitTime=10000
01-12 15:09:48.724  2412  2656 D BusinessScope: Start running the #3221 block
01-12 15:09:48.726 23183 23183 I pixel-thermal: VIRTUAL-SKIN:31.8277 raw data: VIRTUAL-SKIN:31827.7 
01-12 15:09:48.726  2412  2656 I TemperatureStateSource: temperature was set
01-12 15:09:48.726  2412  2656 D BusinessScope: Enqueuing the block
01-12 15:09:48.726  2412  2656 D ImpulseStateSource: Notify clients: 1609
01-12 15:09:48.726  2412  2656 D BusinessScope: Finish running the #3221 block
01-12 15:09:48.727  2412  2656 D BusinessScope: Start running the #3222 block
01-12 15:09:48.728  2412  2656 D BusinessScope: Finish running the #3222 block
01-12 15:09:49.748 28840 15701 W libbinder.Binder: Binder transaction to android.accounts.IAccountAuthenticator code 3 took 1501ms. Data bytes: 492 Reply bytes: 0 Flags: 17
01-12 15:09:49.761  1510  2195 D BackgroundInstallControlService: Package event received: 0
01-12 15:09:49.762  1510  2195 D BackgroundInstallControlService: Package event received: 0
01-12 15:09:49.762  1510  2195 D BackgroundInstallControlService: Package event received: 0
01-12 15:09:49.855 28840 28846 E gcblocker: too long GC blocking: 5
01-12 15:09:49.855 28840 28846 E gcblocker: gc block end, 37855226,101
01-12 15:09:49.965  3383  3956 E Tealium-1.7.0: Timed out, could not fetch resource.
01-12 15:09:50.239  3394  3708 E msys    : E[N mns]_OnDiskCacheGetData(632)=>Start post callback cache refresh DNS resolution
01-12 15:09:50.240  3394  3708 W LibevQuicAsyncUDPSocket.h: setTosOrTrafficClass not implemented in LibevQuicAsyncUDPSocket
01-12 15:09:50.332  3394  3708 E msys    : E[N mns]_OnSystemDNSSuccessCallback(340)=>Cache refresh succeeded with system DNS resolver. IP count: 2
01-12 15:09:50.429  1510  2139 D InetDiagMessage: Destroyed 0 sockets, proto=IPPROTO_TCP, family=AF_INET, states=14
01-12 15:09:50.434  1510  2139 D InetDiagMessage: Destroyed 1 sockets, proto=IPPROTO_TCP, family=AF_INET6, states=14
01-12 15:09:50.434  1510  2139 D InetDiagMessage: Destroyed live tcp sockets for uids={10299} in 7ms
01-12 15:09:50.437  1510  2139 D InetDiagMessage: Destroyed 0 sockets, proto=IPPROTO_TCP, family=AF_INET, states=14
01-12 15:09:50.443  1510  2139 D InetDiagMessage: Destroyed 0 sockets, proto=IPPROTO_TCP, family=AF_INET6, states=14
01-12 15:09:50.444  1510  2139 D InetDiagMessage: Destroyed live tcp sockets for uids={20299} in 9ms
01-12 15:09:50.469  3383  3956 E Tealium-1.7.0: Timed out, could not fetch resource.
01-12 15:09:50.486  1510  1562 D ConnectivityService: Returning BLOCKED NetworkInfo to uid=10299
01-12 15:09:50.661 30042 30465 I ContinuousSensorEventListener: [onSensorChanged] 5 minutes elapsed
01-12 15:09:50.752  1510  2181 D MediaSessionService: setFgsIfNoSessionIsLinkedToNotification: record=ai.perplexity.app.android/androidx.media3.session.id./22 (userId=0)
01-12 15:09:50.864  1510  2067 D ActivityManager: freezing 3383 de.telekom.android.customercenter
01-12 15:09:50.869  1510  2067 D ActivityManager: freezing 30156 com.google.android.gms
01-12 15:09:50.874  1510  2067 D ActivityManager: freezing 4006 com.google.android.webview:sandboxed_process0:org.chromium.content.app.SandboxedProcessService0:0
01-12 15:09:50.878  1510  2139 D InetDiagMessage: Destroyed 0 sockets, proto=IPPROTO_TCP, family=AF_INET, states=14
01-12 15:09:50.879  1510  2139 D InetDiagMessage: Destroyed 0 sockets, proto=IPPROTO_TCP, family=AF_INET6, states=14
01-12 15:09:50.879  1510  2139 D InetDiagMessage: Destroyed live tcp sockets for uids={10558} in 3ms
01-12 15:09:51.027   518  3568 I keystore2: system/security/keystore2/watchdog/src/lib.rs:371 - Watchdog thread idle -> terminating. Have a great day.
01-12 15:09:51.062  1006  2919 I WifiHAL : Creating message to get link statistics; iface = 47
01-12 15:09:51.184 16563 24746 I libbinder.IPCThreadState: oneway function results for code 2 on binder at 0xb400006f48762ae0 will be dropped but finished with status UNKNOWN_TRANSACTION
01-12 15:09:51.198  1006  2919 E libbinder.IPCThreadState: binder thread pool (1 threads) starved for 135 ms
01-12 15:09:51.200  1006  1006 I WifiHAL : Getting cached scan results, iface handle = 0xb4000074d0e71410
01-12 15:09:51.200  1006  1006 E WifiHAL : Creating message to get cached scan results
01-12 15:09:51.202  2238  2238 I wpa_supplicant: CTRL-EVENT-MLO-LINK 1 ce:xx:xx:xx:x2:07 5250
01-12 15:09:51.213  1006  1006 I WifiHAL : In GetCachedScanResultsCommand::handleResponse
01-12 15:09:51.267 28840 15701 W libbinder.Binder: Binder transaction to android.accounts.IAccountAuthenticator code 3 took 1500ms. Data bytes: 492 Reply bytes: 0 Flags: 17
01-12 15:09:51.274  1510  2195 D BackgroundInstallControlService: Package event received: 0
01-12 15:09:51.275  1510  2195 D BackgroundInstallControlService: Package event received: 0
01-12 15:09:51.275  1510  2195 D BackgroundInstallControlService: Package event received: 0
01-12 15:09:51.278  1510  2139 D ConnectivityService: NetReassign [no changes] [c 2] [a 3] [i 13]
01-12 15:09:51.370 28840 28846 E gcblocker: too long GC blocking: 5
01-12 15:09:51.370 28840 28846 E gcblocker: gc block end, 37856742,100
01-12 15:09:51.494 23183 23205 I pixel-thermal: THERMAL_GENL_EVENT_TZ_TRIP_DOWN tz_id=9 tz_temp=34666.00 trip_id=0
01-12 15:09:51.495 23183 23205 I pixel-thermal: TZ path: /sys/devices/virtual/thermal/thermal_zone9/type type: charger_therm
01-12 15:09:51.510 23183 23205 I pixel-thermal: VIRTUAL-SKIN-CPU-HIGH:31.6483 raw data: CLOSE_WEIGHT:1 OPEN_WEIGHT:0 VIRTUAL-SKIN:31648.3 VIRTUAL-SKIN-CLOSE:31648.3 VIRTUAL-SKIN-CLOSE-SUB-1:31441.1 VIRTUAL-SKIN-CLOSE-SUB-2:31648.3 VIRTUAL-SKIN-CLOSE-SUB-3:30327.3 VIRTUAL-SKIN-CLOSE-SUB-4:27388.9 VIRTUAL-SKIN-CPU-HIGH:31648.3 VIRTUAL-SKIN-LEGACY:31648.3 VIRTUAL-SKIN-OPEN:31671.5 VIRTUAL-SKIN-OPEN-SUB-1:30144.9 VIRTUAL-SKIN-OPEN-SUB-2:31671.5 charger_therm:34666 display_therm:27565 gnss_tcxo_therm:31371 inner_brightness:0 inner_display_therm:29858 maxfg_base:27200 maxfg_secondary:25500 modem_therm:32573 rffe_therm:31572 soc_therm:35022 usb_conn_therm:28366 
01-12 15:09:51.510 23183 23205 I pixel-thermal: charger_therm:34.666 raw data: charger_therm:34666 
01-12 15:09:51.510 23183 23205 I pixel-thermal: VIRTUAL-SKIN-INNER-DISPLAY:31.6715 raw data: VIRTUAL-SKIN-INNER-DISPLAY:31671.5 VIRTUAL-SKIN-OPEN:31671.5 
01-12 15:09:51.511 23183 23205 I pixel-thermal: VIRTUAL-SKIN-HINT:31.6483 raw data: VIRTUAL-SKIN:31648.3 VIRTUAL-SKIN-HINT:31648.3 
01-12 15:09:51.511 23183 23205 I pixel-thermal: VIRTUAL-SKIN-CHARGE-PERSIST:32.0245 raw data: CLOSE_WEIGHT:1 IS_WLC:0 NO_WLC:1 OPEN_WEIGHT:0 VIRTUAL-SKIN-CHARGE-PERSIST:32024.5 VIRTUAL-SKIN-CHARGE-WIRED-CLOSE:32024.5 VIRTUAL-SKIN-CHARGE-WIRED-EQ:32024.5 VIRTUAL-SKIN-CHARGE-WIRED-OPEN:31919 VIRTUAL-SKIN-CHARGE-WLC-EQ:31238.8 WLC_CHECK:1 charger_therm:34666 gnss_tcxo_therm:31371 modem_therm:32573 rffe_therm:31572 soc_therm:35022 thb_hda:51 
01-12 15:09:51.511 23183 23205 I pixel-thermal: VIRTUAL-SKIN-CPU-LIGHT-ODPM:31.6483 raw data: VIRTUAL-SKIN:31648.3 VIRTUAL-SKIN-CPU-LIGHT-ODPM:31648.3 
01-12 15:09:51.511 23183 23205 I pixel-thermal: VIRTUAL-SKIN-CPU-MID:31.6483 raw data: VIRTUAL-SKIN:31648.3 VIRTUAL-SKIN-CPU-MID:31648.3 
01-12 15:09:51.511 23183 23205 I pixel-thermal: VIRTUAL-SKIN-CPU-ODPM:31.6483 raw data: VIRTUAL-SKIN:31648.3 VIRTUAL-SKIN-CPU-ODPM:31648.3 
01-12 15:09:51.511 23183 23205 I pixel-thermal: VIRTUAL-SKIN-GPU:31.6483 raw data: VIRTUAL-SKIN:31648.3 VIRTUAL-SKIN-GPU:31648.3 
01-12 15:09:51.511 23183 23205 I pixel-thermal: cellular-emergency:31.6483 raw data: VIRTUAL-SKIN:31648.3 cellular-emergency:31648.3 
01-12 15:09:51.512 23183 23205 I pixel-thermal: STATS-UPDATOR:0 raw data: STATS-UPDATOR:0 VIRTUAL-SKIN-LEGACY:31648.3 VIRTUAL-SKIN-MODEL:31827.7 VIRTUAL-SKIN-MODEL-LEGACY-DIFF:179.449 VIRTUAL-SKIN-SPEAKER-LEGACY:33943.7 VIRTUAL-SKIN-SPEAKER-MODEL:33943.7 VIRTUAL-SKIN-SPEAKER-MODEL-LEGACY-DIFF:0 maxfg_base:27200 usb_conn_therm:28366 
01-12 15:09:51.512 23183 23205 I pixel-thermal: VIRTUAL-SKIN-CHARGE-WIRED:32.0245 raw data: NO_WLC:1 VIRTUAL-SKIN-CHARGE-WIRED:32024.5 VIRTUAL-SKIN-CHARGE-WIRED-EQ:32024.5 
01-12 15:09:51.512 23183 23205 I pixel-thermal: CHARGING-STATS-UPDATOR:0 raw data: CHARGING-STATS-UPDATOR:0 IS_WIRED_15W:0 IS_WIRED_15W_CHECK:1 IS_WIRED_18W:0 IS_WIRED_18W_CHECK:1 IS_WIRED_5W:0 IS_WIRED_5W_CHECK:1 IS_WIRED_7_5W:0 IS_WIRED_7_5W_CHECK:1 IS_WIRED_GT18W:0 IS_WIRED_GT18W_CHECK:1 IS_WIRED_SUB5W:1 IS_WIRED_SUB5W_CHECK:2 IS_WLC_WITHOUT_STEP_RATIO:0 NO_WIRED_15W:1 NO_WIRED_18W:1 NO_WIRED_5W:1 NO_WIRED_7_5W:1 NO_WIRED_GT18W:1 NO_WIRED_SUB5W:0 NO_WLC_WITHOUT_STEP_RATIO:1 VIRTUAL-SKIN-CHARGE-DURING-WIRED-15W-STATS:-1e+06 VIRTUAL-SKIN-CHARGE-DURING-WIRED-18W-STATS:-1e+06 VIRTUAL-SKIN-CHARGE-DURING-WIRED-5W-STATS:-1e+06 VIRTUAL-SKIN-CHARGE-DURING-WIRED-7-5W-STATS:-1e+06 VIRTUAL-SKIN-CHARGE-DURING-WIRED-GT18W-STATS:-1e+06 VIRTUAL-SKIN-CHARGE-DURING-WIRED-SUB5W-STATS:32024.5 VIRTUAL-SKIN-CHARGE-DURING-WLC-STATS:-1e+06 VIRTUAL-SKIN-CHARGE-WIRED-EQ:32024.5 VIRTUAL-SKIN-CHARGE-WLC-EQ:31238.8 WLC_CHECK:1 thb_hda:51 
01-12 15:09:51.512 23183 23205 I pixel-thermal: VIRTUAL-SKIN:31.6483 raw data: VIRTUAL-SKIN:31648.3 
01-12 15:09:51.512 23183 23205 I pixel-thermal: VIRTUAL-SKIN-SOC:31.6483 raw data: VIRTUAL-SKIN:31648.3 VIRTUAL-SKIN-SOC:31648.3 
01-12 15:09:51.513 23183 23205 I pixel-thermal: VIRTUAL-SKIN-OUTER-DISPLAY:27.4541 raw data: VIRTUAL-SKIN-OUTER-DISPLAY:27454.1 display_therm:27565 
01-12 15:09:51.516  1510  2195 D BackgroundInstallControlService: Package event received: 0
01-12 15:09:51.570  1510  2139 D InetDiagMessage: Destroyed 0 sockets, proto=IPPROTO_TCP, family=AF_INET, states=14
01-12 15:09:51.572  1510  2139 D InetDiagMessage: Destroyed 0 sockets, proto=IPPROTO_TCP, family=AF_INET6, states=14
01-12 15:09:51.572  1510  2139 D InetDiagMessage: Destroyed live tcp sockets for uids={99046} in 3ms
01-12 15:09:51.953 30042   407 I FWAEndpointSelector: Not Using E2E test http proxy or custom endpoint override: graph.facebook.com
01-12 15:09:51.957 30042   407 I FWAEndToEndUtil: Not In E2E test
01-12 15:09:52.121 30042 30541 I StellaBLEManager: [_blocked] processing BLEManager$MessageType$OnBlockedTimeout
01-12 15:09:52.127 30042 30541 I StellaBLEManager: [_blocked] exiting state
01-12 15:09:52.128 30042 30541 I StellaBLEManager: [_connectionWanted] exiting state
01-12 15:09:52.129 30042 30541 I StellaBLEManager: Unregistering BLE and ACL state receiver BlockedData(receiver=X.1p0@cecfe1a, bleEnabled=true, pairingSubscriber=X.1pA@e881c6e, hasPairing=false, hasPermissions=true, hasTimeoutError=true, permissionsListener=X.1pH@3b1cf0f, aclConnections=[], discoveringServices=false, negotiatingMtu=false, writingDescriptor=false)
01-12 15:09:52.130 30042 30617 W RealClient-ConnectionManager: Generic error while handling connection: com.facebook.wearable.companion.connectivity.lib.blemanager.exceptions.BLEPairingRequiredException: Device requires pairing.
01-12 15:09:52.132 30042 30541 I StellaBLEManager: Unregistered BLE and ACL state receiver
01-12 15:09:52.133 30042 30541 I StellaBLEManager: [_idle] entering state
01-12 15:09:52.134 30042 30617 I DeviceStatesStore: Device disconnected
01-12 15:09:52.135 30042 30617 I DeviceSettingsManager: Device is now disconnected.
01-12 15:09:52.135 30042 30617 I AssistantConnectivityManager: onDeviceDisconnected
01-12 15:09:52.135 30042 30617 I AssistantDeviceStateManager: onDeviceDisconnected
01-12 15:09:52.135 30042 30617 I AssistantBtcManager: Stop Btc Manager
01-12 15:09:52.136 30042 30617 I assistant.stella.platform.broker.ActiveAssistantDeviceBroker: onDisconnectDevice (1, )
01-12 15:09:52.137 30042 30617 W assistant.stella.platform.broker.ActiveAssistantDeviceBroker: Device (1, ) not found
01-12 15:09:52.137 30042 30617 I BtcStatusManagerImpl: BLE disconnected
01-12 15:09:52.137 30042 30617 I StellaBtcStatusStateReducer: Dispatching event: BtcStatusEvent(isPrimaryBtcConnected=false, connectionChangeStatus=IDLE, error=null)
01-12 15:09:52.139 30042 30617 W AssistantAudioTopicHandler: Closing stream null because the device disconnected.
01-12 15:09:52.139 30042 30617 I RealClient-ConnectionManager: Schedule the next connection attempt with 0 ms delay
01-12 15:09:52.139 30042 30617 I RealClient-ConnectionManager: Attempting to connect to peer... [numPrevFailures=10]
01-12 15:09:52.140 30042 30541 I StellaBLEManager: [_idle] processing BLEManager$MessageType$ActivateConnection
01-12 15:09:52.141 30042 30541 I StellaBLEManager: isPairedDeviceReadyToConnect: pairedState=null
01-12 15:09:52.141 30042 30541 I StellaBLEManager: [_idle] exiting state
01-12 15:09:52.141 30042 30541 I StellaBLEManager: [_connectionWanted] entering state
01-12 15:09:52.143 30042 30541 I StellaBLEManager: Registering BLE and ACL state receiver
01-12 15:09:52.146 30042 30536 I StellaBLEManager: Device pairing state: null
01-12 15:09:52.147 30042 30541 I StellaBLEManager: isPairedDeviceReadyToConnect: pairedState=null
01-12 15:09:52.147 30042 30541 I StellaBLEManager: [_blocked] entering state
01-12 15:09:52.147 30042 30541 I StellaBLEManager: [_blocked] processing BLEManager$MessageType$OnDeviceNeedsPairing
01-12 15:09:52.781 28840 15701 W libbinder.Binder: Binder transaction to android.accounts.IAccountAuthenticator code 3 took 1501ms. Data bytes: 492 Reply bytes: 0 Flags: 17
01-12 15:09:52.796  1510  2195 D BackgroundInstallControlService: Package event received: 0
01-12 15:09:52.797  1510  2195 D BackgroundInstallControlService: Package event received: 0
01-12 15:09:52.799  1510  2195 D BackgroundInstallControlService: Package event received: 0
01-12 15:09:52.889 28840 28846 E gcblocker: too long GC blocking: 5
01-12 15:09:52.889 28840 28846 E gcblocker: gc block end, 37858261,100
01-12 15:09:53.233 30042   407 I FWAEndpointSelector: Not Using E2E test http proxy or custom endpoint override: graph.facebook.com
01-12 15:09:53.234 30042   407 I FWAEndToEndUtil: Not In E2E test
01-12 15:09:54.051 23183 23205 I pixel-thermal: soc_therm:35.022 raw data: soc_therm:35022 
01-12 15:09:54.199  1234  1234 D AOC     : A3:MSG: usf_vsc_log.cc, 69: VSC: [Auto Brightness] Retune sensor-2 (tout:1 drop:0): avg 0.582 -> 0.582 [wm:0.620]
01-12 15:09:54.227  3178  3178 I pixelstats: MmMetrics: kernel: old PSI sysfs node.
01-12 15:09:54.261  1006  1006 I WifiHAL : Creating message to get link statistics; iface = 47
01-12 15:09:54.308 28840 15700 W libbinder.Binder: Binder transaction to android.accounts.IAccountAuthenticator code 3 took 1501ms. Data bytes: 492 Reply bytes: 0 Flags: 17
01-12 15:09:54.325  1510  2195 D BackgroundInstallControlService: Package event received: 0
01-12 15:09:54.326  1510  2195 D BackgroundInstallControlService: Package event received: 0
01-12 15:09:54.327  1510  2195 D BackgroundInstallControlService: Package event received: 0
01-12 15:09:54.364  1006  1006 E libbinder.IPCThreadState: binder thread pool (1 threads) starved for 103 ms
01-12 15:09:54.365  1006  2919 I WifiHAL : Getting cached scan results, iface handle = 0xb4000074d0e71410
01-12 15:09:54.365  1006  2919 E WifiHAL : Creating message to get cached scan results
01-12 15:09:54.368  2238  2238 I wpa_supplicant: CTRL-EVENT-MLO-LINK 1 ce:xx:xx:xx:x2:07 5250
01-12 15:09:54.380  1006  2919 I WifiHAL : In GetCachedScanResultsCommand::handleResponse
01-12 15:09:54.417 28840 28846 E gcblocker: too long GC blocking: 5
01-12 15:09:54.417 28840 28846 E gcblocker: gc block end, 37859789,100
01-12 15:09:54.443  1510  2139 D ConnectivityService: NetReassign [no changes] [c 2] [a 3] [i 5]
01-12 15:09:55.067  1006  2919 I WifiHAL : Creating message to get link statistics; iface = 47
01-12 15:09:55.157  1006  1006 I WifiHAL : Getting cached scan results, iface handle = 0xb4000074d0e71410
01-12 15:09:55.157  1006  1006 E WifiHAL : Creating message to get cached scan results
01-12 15:09:55.160  2238  2238 I wpa_supplicant: CTRL-EVENT-MLO-LINK 1 ce:xx:xx:xx:x2:07 5250
01-12 15:09:55.171  1006  1006 I WifiHAL : In GetCachedScanResultsCommand::handleResponse
01-12 15:09:55.171  1006  1006 E libbinder.IPCThreadState: binder thread pool (1 threads) starved for 103 ms
01-12 15:09:55.232   943  1829 I bthal.flowcontrol: HciEventPreProcess: HCI Event 0xe Opcode 0xfd59 Length 22 unhandled by ControllerActivityWatcher
01-12 15:09:55.243  1510  1557 I system_server: Background young concurrent mark compact GC freed 94MB AllocSpace bytes, 11(748KB) LOS objects, 46% free, 108MB/203MB, paused 2.925ms,11.861ms total 289.030ms
01-12 15:09:55.763  1234  1234 D AOC     : A3:MSG: usf_vsc_log.cc, 69: VSC: [Auto Brightness] Retune sensor-0 (tout:1 drop:0): avg 284.394 -> 284.395 [wm:301.079
01-12 15:09:55.764  1234  1234 D AOC     : A3:MSG: usf_vsc_log.cc, 69: VSC: [Auto Brightness] Retune sensor-3 (tout:1 drop:0): avg 284.126 -> 284.126 [wm:300.797
01-12 15:09:55.833 28840 15701 W libbinder.Binder: Binder transaction to android.accounts.IAccountAuthenticator code 3 took 1501ms. Data bytes: 492 Reply bytes: 0 Flags: 17
01-12 15:09:55.844  1510  2195 D BackgroundInstallControlService: Package event received: 0
01-12 15:09:55.845  1510  2195 D BackgroundInstallControlService: Package event received: 0
01-12 15:09:55.845  1510  2195 D BackgroundInstallControlService: Package event received: 0
01-12 15:09:55.939 28840 28846 E gcblocker: too long GC blocking: 5
01-12 15:09:55.939 28840 28846 E gcblocker: gc block end, 37861310,101
01-12 15:09:57.008 30042 30611 I BatteryEventDispatcherImpl: [_waitingForDispatchEvent] processing BatteryEventDispatcherImpl$DispatchEvent$OnPollTimeout
01-12 15:09:57.107   528 14028 D SurfaceFlinger: setDesiredMode 4619827677550801153 {mode={fps=120.00 Hz, modePtr={id=1, vsyncRate=120.00 Hz, peakRefreshRate=120.00 Hz}}, emitEvent=false, force=false}
01-12 15:09:57.120   528   528 D SurfaceFlinger: initiateModeChange 4619827677550801153 {mode={fps=120.00 Hz, modePtr={id=1, vsyncRate=120.00 Hz, peakRefreshRate=120.00 Hz}}, emitEvent=false, force=false}
01-12 15:09:57.133   531   531 D hwc-display: setActiveConfigWithConstraints:: SecondaryDisplay config(3) test(0)
01-12 15:09:57.134   531   531 I hwc-display: [SecondaryDisplay] OperationRateManager::updateOperationRateLocked:Target@120(desired:120) | Refresh@120(peak:120), Battery:OK, DBV:2245(NsMin:0, HsSwitchMin:0)
01-12 15:09:57.134   531   531 I hwc-display: [SecondaryDisplay] setActiveConfigWithConstraints: config(3)
01-12 15:09:57.156  1234  1234 D AOC     : A3:MSG: tmd3733_device.cc, 3186: USF: TMD3733: vsync_delay_usec: 4800
01-12 15:09:57.349 28840 15702 W libbinder.Binder: Binder transaction to android.accounts.IAccountAuthenticator code 3 took 1501ms. Data bytes: 492 Reply bytes: 0 Flags: 17
01-12 15:09:57.360  1510  2195 D BackgroundInstallControlService: Package event received: 0
01-12 15:09:57.365  1510  2195 D BackgroundInstallControlService: Package event received: 0
01-12 15:09:57.365  1510  2195 D BackgroundInstallControlService: Package event received: 0
01-12 15:09:57.432  1006  1006 I WifiHAL : Creating message to get link statistics; iface = 47
01-12 15:09:57.460 28840 28846 E gcblocker: too long GC blocking: 5
01-12 15:09:57.461 28840 28846 E gcblocker: gc block end, 37862832,100
01-12 15:09:57.568  1006  2919 I WifiHAL : Getting cached scan results, iface handle = 0xb4000074d0e71410
01-12 15:09:57.568  1006  2919 E WifiHAL : Creating message to get cached scan results
01-12 15:09:57.572  2238  2238 I wpa_supplicant: CTRL-EVENT-MLO-LINK 1 ce:xx:xx:xx:x2:07 5250
01-12 15:09:57.586  1006  2919 I WifiHAL : In GetCachedScanResultsCommand::handleResponse
01-12 15:09:57.586  1006  2919 E libbinder.IPCThreadState: binder thread pool (1 threads) starved for 154 ms
01-12 15:09:57.633  1510  2164 I AdbWifiNetworkMonitor: Wi-Fi network available
01-12 15:09:57.635  2911  2911 D WifiQualityMonitor: onReceive action = android.net.wifi.RSSI_CHANGED
01-12 15:09:57.635  2911  2911 D WifiQualityMonitor: Threshold on RSSI change = -67
01-12 15:09:57.636  2911  3304 D WifiQualityMonitor: handleMessage what = 1002
01-12 15:09:57.640  1510  2164 I AdbWifiNetworkMonitor: Received the same Wi-Fi SSID. Ignoring.
01-12 15:09:57.643  2779  3270 D IwlanNetworkService: onCapabilitiesChanged: 132
01-12 15:09:57.644  2779  2816 D IwlanDataService: onCapabilitiesChanged: 132 [ Transports: WIFI Capabilities: NOT_METERED&INTERNET&NOT_RESTRICTED&TRUSTED&NOT_VPN&VALIDATED&NOT_ROAMING&FOREGROUND&NOT_CONGESTED&NOT_SUSPENDED&NOT_VCN_MANAGED&NOT_BANDWIDTH_CONSTRAINED LinkUpBandwidth>=1702Kbps LinkDnBandwidth>=14601Kbps TransportInfo: <SSID: "MagentaWLAN-38AG", BSSID: 34:19:4d:c8:2d:88, MAC: ce:1f:fb:35:b2:06, IP: /192.168.2.196, Security type: 4, Supplicant state: COMPLETED, Wi-Fi standard: 11be, RSSI: -67, Link speed: 816Mbps, Tx Link speed: 816Mbps, Max Supported Tx Link speed: 2882Mbps, Rx Link speed: 735Mbps, Max Supported Rx Link speed: 2882Mbps, Frequency: 5180MHz, Net ID: 71, Metered hint: false, score: 60, isUsable: true, CarrierMerged: false, SubscriptionId: -1, IsPrimary: 1, Trusted: true, Restricted: false, Ephemeral: false, OEM paid: false, OEM private: false, OSU AP: false, FQDN: <none>, Provider friendly name: <none>, Requesting package name: <none>"MagentaWLAN-38AG"wpa3-saeMLO Information: , Is TID-To-Link negotiation supported by the AP: true, AP MLD Address: 16:19:4d:c8:2d:80, AP MLO Link Id: 1, AP MLO Affiliated links: [MloLink{2.4GHz, channel: 6, id: 0, state: MLO_LINK_STATE_UNASSOCIATED, RSSI: -57, Rx Link speed: -1Mbps, Tx Link speed: -1Mbps, AP MAC Address: 34:19:4d:c8:2d:80}, MloLink{5GHz, channel: 36, id: 1, state: MLO_LINK_STATE_ACTIVE, RSSI: -67, Rx Link speed: 735Mbps, Tx Link speed: 816Mbps, AP MAC Address: 34:19:4d:c8:2d:88, STA MAC Address: ce:1f:fb:35:b2:07}], Vendor Data: <none>> SignalStrength: -67 OwnerUid: 1000 AdminUids: [1000] SSID: "MagentaWLAN-38AG" UnderlyingNetworks: Null]
01-12 15:09:57.644  2779  2816 D IwlanDataService: Network 132 connected using transport WIFI
01-12 15:09:57.646  2432  3687 D SHANNON_RCS: 4916 [1][PROX][TELE] onCapabilitiesChanged, Network: 132, NetworkCapabilities: [ Transports: WIFI Capabilities: NOT_METERED&INTERNET&NOT_RESTRICTED&TRUSTED&NOT_VPN&VALIDATED&NOT_ROAMING&FOREGROUND&NOT_CONGESTED&NOT_SUSPENDED&NOT_VCN_MANAGED&NOT_BANDWIDTH_CONSTRAINED LinkUpBandwidth>=1702Kbps LinkDnBandwidth>=14601Kbps TransportInfo: <SSID: <unknown ssid>, BSSID: 02:00:00:00:00:00, MAC: 02:00:00:00:00:00, IP: /192.168.2.196, Security type: 4, Supplicant state: COMPLETED, Wi-Fi standard: 11be, RSSI: -67, Link speed: 816Mbps, Tx Link speed: 816Mbps, Max Supported Tx Link speed: 2882Mbps, Rx Link speed: 735Mbps, Max Supported Rx Link speed: 2882Mbps, Frequency: 5180MHz, Net ID: -1, Metered hint: false, score: 60, isUsable: true, CarrierMerged: false, SubscriptionId: -1, IsPrimary: -1, Trusted: true, Restricted: false, Ephemeral: false, OEM paid: false, OEM private: false, OSU AP: false, FQDN: <none>, Provider friendly name: <none>, Requesting package name: <none><none>MLO Information: , Is TID-To-Link negotiation supported by the AP: true, AP MLD Address: <none>, AP MLO Link Id: <none>, AP MLO Affiliated links: <none>, Vendor Data: <none>> SignalStrength: -67 UnderlyingNetworks: Null] (DefaultNetworkCallback%onCapabilitiesChanged:76)
01-12 15:09:57.646  2452  3747 W SHANNON_IMS: 3660 [CONN] NetworkSpecifier and TransportInfo are not valid (DefaultNetworkCallback%updateSubscriptionId:121)
01-12 15:09:57.646  2452  3747 I SHANNON_IMS: 3662 [CONN] network:132 WIFI connected, subId: -1 [SLID:0] (DefaultNetworkCallback%onCapabilitiesChanged:76)
01-12 15:09:57.646  2432  3687 D SHANNON_RCS: 4917 [0][PROX][TELE] onCapabilitiesChanged, Network: 132, NetworkCapabilities: [ Transports: WIFI Capabilities: NOT_METERED&INTERNET&NOT_RESTRICTED&TRUSTED&NOT_VPN&VALIDATED&NOT_ROAMING&FOREGROUND&NOT_CONGESTED&NOT_SUSPENDED&NOT_VCN_MANAGED&NOT_BANDWIDTH_CONSTRAINED LinkUpBandwidth>=1702Kbps LinkDnBandwidth>=14601Kbps TransportInfo: <SSID: <unknown ssid>, BSSID: 02:00:00:00:00:00, MAC: 02:00:00:00:00:00, IP: /192.168.2.196, Security type: 4, Supplicant state: COMPLETED, Wi-Fi standard: 11be, RSSI: -67, Link speed: 816Mbps, Tx Link speed: 816Mbps, Max Supported Tx Link speed: 2882Mbps, Rx Link speed: 735Mbps, Max Supported Rx Link speed: 2882Mbps, Frequency: 5180MHz, Net ID: -1, Metered hint: false, score: 60, isUsable: true, CarrierMerged: false, SubscriptionId: -1, IsPrimary: -1, Trusted: true, Restricted: false, Ephemeral: false, OEM paid: false, OEM private: false, OSU AP: false, FQDN: <none>, Provider friendly name: <none>, Requesting package name: <none><none>MLO Information: , Is TID-To-Link negotiation supported by the AP: true, AP MLD Address: <none>, AP MLO Link Id: <none>, AP MLO Affiliated links: <none>, Vendor Data: <none>> SignalStrength: -67 UnderlyingNetworks: Null] (DefaultNetworkCallback%onCapabilitiesChanged:76)
01-12 15:09:57.647  2452  3769 W SHANNON_IMS: 3664 [CONN] NetworkSpecifier and TransportInfo are not valid (DefaultNetworkCallback%updateSubscriptionId:121)
01-12 15:09:57.647  2885  3196 D DeviceStateHelper: Wifi freq: 5180
01-12 15:09:57.647  2452  3769 I SHANNON_IMS: 3665 [CONN] network:132 WIFI connected, subId: -1 [SLID:1] (DefaultNetworkCallback%onCapabilitiesChanged:76)
01-12 15:09:57.648  2911  3316 D IwlanNetworkStatusTracker: onCapabilitiesChanged: 132
01-12 15:09:57.648  2911  3316 D IwlanNetworkStatusTracker: OnCapability : Wifi Available already true and validation status unchanged
01-12 15:09:57.648  2911  3316 E IwlanNetworkStatusTracker: Could not get Wifi SSID
01-12 15:09:57.648  2885  3174 I WifiSignalInfo: onCapabilitiesChanged: rssi:-67
01-12 15:09:57.649  2885  3174 I WifiSignalInfo: onCapabilitiesChanged: rssi:-67
01-12 15:09:57.649  2885 18209 D ImsPreconditionCheck: {subId=1} handleMessage: { when=-1ms what=16 target=dgv async=false heapIndex=-1 }
01-12 15:09:57.649  2885 18209 D ImsPreconditionCheck: {subId=1} onWifiCapabilitiesChanged: wifiNetworkValidated: true
01-12 15:09:57.649  2885 18209 D ImsPreconditionCheck: {subId=7} handleMessage: { when=-1ms what=16 target=dgv async=false heapIndex=-1 }
01-12 15:09:57.649  2885 18209 D ImsPreconditionCheck: {subId=7} onWifiCapabilitiesChanged: wifiNetworkValidated: true
01-12 15:09:57.649  2885 18209 D ImsPreconditionCheck: {subId=1} handleMessage: { when=0 what=16 target=dgv async=false heapIndex=-1 }
01-12 15:09:57.649  2885 18209 D ImsPreconditionCheck: {subId=1} onWifiCapabilitiesChanged: wifiNetworkValidated: true
01-12 15:09:57.649  2885 18209 D ImsPreconditionCheck: {subId=7} handleMessage: { when=0 what=16 target=dgv async=false heapIndex=-1 }
01-12 15:09:57.649  2885 18209 D ImsPreconditionCheck: {subId=7} onWifiCapabilitiesChanged: wifiNetworkValidated: true
01-12 15:09:57.651  2780  2780 I MagicTether: (REDACTED) [ActiveNetworkTracker] setActiveNetwork: %s
01-12 15:09:57.652  2780  2780 I MagicTether: (REDACTED) [TetherService] onActiveNetworkChanged: network=%s isLost=%s
01-12 15:09:57.653  2911  4066 D WifiQualityMonitor: onCapabilitiesChanged wlan network=132, capabilities=[ Transports: WIFI Capabilities: NOT_METERED&INTERNET&NOT_RESTRICTED&TRUSTED&NOT_VPN&VALIDATED&NOT_ROAMING&FOREGROUND&NOT_CONGESTED&NOT_SUSPENDED&NOT_VCN_MANAGED&NOT_BANDWIDTH_CONSTRAINED LinkUpBandwidth>=1702Kbps LinkDnBandwidth>=14601Kbps TransportInfo: <SSID: <unknown ssid>, BSSID: 02:00:00:00:00:00, MAC: 02:00:00:00:00:00, IP: /192.168.2.196, Security type: 4, Supplicant state: COMPLETED, Wi-Fi standard: 11be, RSSI: -67, Link speed: 816Mbps, Tx Link speed: 816Mbps, Max Supported Tx Link speed: 2882Mbps, Rx Link speed: 735Mbps, Max Supported Rx Link speed: 2882Mbps, Frequency: 5180MHz, Net ID: -1, Metered hint: false, score: 60, isUsable: true, CarrierMerged: false, SubscriptionId: -1, IsPrimary: 1, Trusted: true, Restricted: false, Ephemeral: false, OEM paid: false, OEM private: false, OSU AP: false, FQDN: <none>, Provider friendly name: <none>, Requesting package name: <none><none>MLO Information: , Is TID-To-Link negotiation supported by the AP: true, AP MLD Address: <none>, AP MLO Link Id: <none>, AP MLO Affiliated links: <none>, Vendor Data: <none>> SignalStrength: -67 AdminUids: [1000] SSID: "MagentaWLAN-38AG" UnderlyingNetworks: Null]
01-12 15:09:57.653  2911  3304 D WifiQualityMonitor: handleMessage what = 1002
01-12 15:09:57.654  2780  4194 I MagicTether: [WifiConnectionHandler] Ignoring getWifiConfigurationByNetworkId when checking connected state [CONTEXT service_id=276 ]
01-12 15:09:57.654  2780  4194 I MagicTether: [WifiConnectionHandler] No networkId set, can't be connected. [CONTEXT service_id=276 ]
01-12 15:09:57.655 30042 30414 I NetworkStateHolder: network capabilities changed
01-12 15:09:57.656  2911  3304 D WifiQualityMonitor: onCapabilitiesChanged system default network=132, capabilities=[ Transports: WIFI Capabilities: NOT_METERED&INTERNET&NOT_RESTRICTED&TRUSTED&NOT_VPN&VALIDATED&NOT_ROAMING&FOREGROUND&NOT_CONGESTED&NOT_SUSPENDED&NOT_VCN_MANAGED&NOT_BANDWIDTH_CONSTRAINED LinkUpBandwidth>=1702Kbps LinkDnBandwidth>=14601Kbps TransportInfo: <SSID: <unknown ssid>, BSSID: 02:00:00:00:00:00, MAC: 02:00:00:00:00:00, IP: /192.168.2.196, Security type: 4, Supplicant state: COMPLETED, Wi-Fi standard: 11be, RSSI: -67, Link speed: 816Mbps, Tx Link speed: 816Mbps, Max Supported Tx Link speed: 2882Mbps, Rx Link speed: 735Mbps, Max Supported Rx Link speed: 2882Mbps, Frequency: 5180MHz, Net ID: -1, Metered hint: false, score: 60, isUsable: true, CarrierMerged: false, SubscriptionId: -1, IsPrimary: 1, Trusted: true, Restricted: false, Ephemeral: false, OEM paid: false, OEM private: false, OSU AP: false, FQDN: <none>, Provider friendly name: <none>, Requesting package name: <none><none>MLO Information: , Is TID-To-Link negotiation supported by the AP: true, AP MLD Address: <none>, AP MLO Link Id: <none>, AP MLO Affiliated links: <none>, Vendor Data: <none>> SignalStrength: -67 AdminUids: [1000] SSID: "MagentaWLAN-38AG" UnderlyingNetworks: Null]
01-12 15:09:57.656  2911  3304 D WifiQualityMonitor: initWifiQualityMonitorIntent
01-12 15:09:57.656  2911  3304 D WifiQualityMonitor: mIsWifiConnected is already true
01-12 15:09:57.656  2911  3304 D WifiQualityMonitor: onCapabilitiesChanged rssi=-67
01-12 15:09:57.656  2911  3304 D WifiQualityMonitor: handleMessage what = 1002
01-12 15:09:57.658 30048 30256 I BugleRcsEngine: Connected state: [1], networkType: [WIFI] [CONTEXT thread_id=114 ]
01-12 15:09:57.659  2780  4194 I MagicTether: (REDACTED) [TetherService] TRANSPORT_CELLULAR [%s], TRANSPORT_ETHERNET [%s], TRANSPORT_WIFI [%s]
01-12 15:09:57.661 30048 30317 I BugleRcsEngine: handleMessage processing message:[NOTIFY_UPTIME_IGNORE_STATE_CHANGED] with [non-null]:RcsEngineImpl reference [CONTEXT log_prefix="RcsEngineImpl[DUAL_REG]:[e8d3f375-8ef6]>Handler" thread_id=120 ]
