01-12 15:10:20.704  3165  3204 I tflite  : [third_party/odml/litert/litert/runtime/accelerators/auto_registration.cc:147] Failed to load GPU accelerator(libLiteRtOpenClAccelerator.so): kLiteRtStatusErrorDynamicLoading, ERROR: [third_party/odml/litert/litert/runtime/accelerators/auto_registration.cc:183]
01-12 15:10:20.704  3165  3204 I tflite  : Γöö Could not load shared library libLiteRtOpenClAccelerator.so: dlopen failed: library "libLiteRtOpenClAccelerator.so" not found..
01-12 15:10:20.704  3165  3204 I tflite  : [third_party/odml/litert/litert/runtime/accelerators/auto_registration.cc:130] Loading GPU accelerator(libLiteRtWebGpuAccelerator.so).
01-12 15:10:20.705  3165  3204 I tflite  : [third_party/odml/litert/litert/runtime/accelerators/auto_registration.cc:147] Failed to load GPU accelerator(libLiteRtWebGpuAccelerator.so): kLiteRtStatusErrorDynamicLoading, ERROR: [third_party/odml/litert/litert/runtime/accelerators/auto_registration.cc:183]
01-12 15:10:20.705  3165  3204 I tflite  : Γöö Could not load shared library libLiteRtWebGpuAccelerator.so: dlopen failed: library "libLiteRtWebGpuAccelerator.so" not found..
01-12 15:10:20.705  3165  3204 I tflite  : [third_party/odml/litert/litert/runtime/accelerators/auto_registration.cc:130] Loading GPU accelerator(libLiteRtVulkanAccelerator.so).
01-12 15:10:20.706  3165  3204 I tflite  : [third_party/odml/litert/litert/runtime/accelerators/auto_registration.cc:147] Failed to load GPU accelerator(libLiteRtVulkanAccelerator.so): kLiteRtStatusErrorDynamicLoading, ERROR: [third_party/odml/litert/litert/runtime/accelerators/auto_registration.cc:183]
01-12 15:10:20.706  3165  3204 I tflite  : Γöö Could not load shared library libLiteRtVulkanAccelerator.so: dlopen failed: library "libLiteRtVulkanAccelerator.so" not found..
01-12 15:10:20.707  3165  3204 I tflite  : [third_party/odml/litert/litert/runtime/accelerator_registry.cc:52] RegisterAccelerator: ptr=0xb400006df886c410, name=LiteRT GPU
01-12 15:10:20.708  3165  3204 I tflite  : [third_party/odml/litert/litert/runtime/tensor_buffer_registry.cc:51] Custom tensor buffer handler is registered for buffer type WebGpuBuffer
01-12 15:10:20.708  3165  3204 I tflite  : [third_party/odml/litert/litert/runtime/tensor_buffer_registry.cc:51] Custom tensor buffer handler is registered for buffer type WebGpuBufferFp16
01-12 15:10:20.708  3165  3204 I tflite  : [third_party/odml/litert/litert/runtime/tensor_buffer_registry.cc:51] Custom tensor buffer handler is registered for buffer type WebGpuTexture
01-12 15:10:20.708  3165  3204 I tflite  : [third_party/odml/litert/litert/runtime/tensor_buffer_registry.cc:51] Custom tensor buffer handler is registered for buffer type WebGpuTextureFp16
01-12 15:10:20.708  3165  3204 I tflite  : [third_party/odml/litert/litert/runtime/tensor_buffer_registry.cc:51] Custom tensor buffer handler is registered for buffer type WebGpuImageBuffer
01-12 15:10:20.708  3165  3204 I tflite  : [third_party/odml/litert/litert/runtime/tensor_buffer_registry.cc:51] Custom tensor buffer handler is registered for buffer type WebGpuImageBufferFp16
01-12 15:10:20.708  3165  3204 I tflite  : [third_party/odml/litert/litert/runtime/tensor_buffer_registry.cc:51] Custom tensor buffer handler is registered for buffer type WebGpuBufferPacked
01-12 15:10:20.708  3165  3204 I tflite  : [third_party/odml/litert/litert/runtime/accelerators/auto_registration.cc:153] Statically linked GPU accelerator registered.
01-12 15:10:20.708  3165  3204 I tflite  : [third_party/odml/litert/litert/runtime/accelerator_registry.cc:52] RegisterAccelerator: ptr=0xb400006df886c790, name=CpuAccelerator
01-12 15:10:20.708  3165  3204 I tflite  : [third_party/odml/litert/litert/runtime/accelerators/auto_registration.cc:168] CPU accelerator registered.
01-12 15:10:20.708  3165  3204 I tflite  : [third_party/odml/litert/litert/runtime/compiled_model.cc:465] Flatbuffer model initialized directly from incoming litert model.
01-12 15:10:20.733  3165  3204 I tflite  : Replacing 2 out of 10 node(s) with delegate (TfLiteXNNPackDelegate) node, yielding 2 partitions for subgraph 0.
01-12 15:10:20.739  3165  3204 I tflite  : [third_party/odml/litert/litert/core/environment.cc:29] Creating LiteRT environment with options
01-12 15:10:20.739  3165  3204 W tflite  : [third_party/odml/litert/litert/runtime/accelerators/auto_registration.cc:67] NPU accelerator could not be loaded and registered: kLiteRtStatusErrorInvalidArgument.
01-12 15:10:20.739  3165  3204 I tflite  : [third_party/odml/litert/litert/runtime/accelerators/auto_registration.cc:130] Loading GPU accelerator(libLiteRtGpuAccelerator.so).
01-12 15:10:20.741  3165  3204 I tflite  : [third_party/odml/litert/litert/runtime/accelerators/auto_registration.cc:147] Failed to load GPU accelerator(libLiteRtGpuAccelerator.so): kLiteRtStatusErrorDynamicLoading, ERROR: [third_party/odml/litert/litert/runtime/accelerators/auto_registration.cc:183]
01-12 15:10:20.741  3165  3204 I tflite  : Γöö Could not load shared library libLiteRtGpuAccelerator.so: dlopen failed: library "libLiteRtGpuAccelerator.so" not found..
01-12 15:10:20.741  3165  3204 I tflite  : [third_party/odml/litert/litert/runtime/accelerators/auto_registration.cc:130] Loading GPU accelerator(libLiteRtOpenClAccelerator.so).
01-12 15:10:20.743  3165  3204 I tflite  : [third_party/odml/litert/litert/runtime/accelerators/auto_registration.cc:147] Failed to load GPU accelerator(libLiteRtOpenClAccelerator.so): kLiteRtStatusErrorDynamicLoading, ERROR: [third_party/odml/litert/litert/runtime/accelerators/auto_registration.cc:183]
01-12 15:10:20.743  3165  3204 I tflite  : Γöö Could not load shared library libLiteRtOpenClAccelerator.so: dlopen failed: library "libLiteRtOpenClAccelerator.so" not found..
01-12 15:10:20.743  3165  3204 I tflite  : [third_party/odml/litert/litert/runtime/accelerators/auto_registration.cc:130] Loading GPU accelerator(libLiteRtWebGpuAccelerator.so).
01-12 15:10:20.744  3165  3204 I tflite  : [third_party/odml/litert/litert/runtime/accelerators/auto_registration.cc:147] Failed to load GPU accelerator(libLiteRtWebGpuAccelerator.so): kLiteRtStatusErrorDynamicLoading, ERROR: [third_party/odml/litert/litert/runtime/accelerators/auto_registration.cc:183]
01-12 15:10:20.744  3165  3204 I tflite  : Γöö Could not load shared library libLiteRtWebGpuAccelerator.so: dlopen failed: library "libLiteRtWebGpuAccelerator.so" not found..
01-12 15:10:20.744  3165  3204 I tflite  : [third_party/odml/litert/litert/runtime/accelerators/auto_registration.cc:130] Loading GPU accelerator(libLiteRtVulkanAccelerator.so).
01-12 15:10:20.745  3165  3204 I tflite  : [third_party/odml/litert/litert/runtime/accelerators/auto_registration.cc:147] Failed to load GPU accelerator(libLiteRtVulkanAccelerator.so): kLiteRtStatusErrorDynamicLoading, ERROR: [third_party/odml/litert/litert/runtime/accelerators/auto_registration.cc:183]
01-12 15:10:20.745  3165  3204 I tflite  : Γöö Could not load shared library libLiteRtVulkanAccelerator.so: dlopen failed: library "libLiteRtVulkanAccelerator.so" not found..
01-12 15:10:20.745  3165  3204 I tflite  : [third_party/odml/litert/litert/runtime/accelerator_registry.cc:52] RegisterAccelerator: ptr=0xb400006df886d130, name=LiteRT GPU
01-12 15:10:20.745  3165  3204 I tflite  : [third_party/odml/litert/litert/runtime/tensor_buffer_registry.cc:51] Custom tensor buffer handler is registered for buffer type WebGpuBuffer
01-12 15:10:20.746  3165  3204 I tflite  : [third_party/odml/litert/litert/runtime/tensor_buffer_registry.cc:51] Custom tensor buffer handler is registered for buffer type WebGpuBufferFp16
01-12 15:10:20.746  3165  3204 I tflite  : [third_party/odml/litert/litert/runtime/tensor_buffer_registry.cc:51] Custom tensor buffer handler is registered for buffer type WebGpuTexture
01-12 15:10:20.746  3165  3204 I tflite  : [third_party/odml/litert/litert/runtime/tensor_buffer_registry.cc:51] Custom tensor buffer handler is registered for buffer type WebGpuTextureFp16
01-12 15:10:20.746  3165  3204 I tflite  : [third_party/odml/litert/litert/runtime/tensor_buffer_registry.cc:51] Custom tensor buffer handler is registered for buffer type WebGpuImageBuffer
01-12 15:10:20.746  3165  3204 I tflite  : [third_party/odml/litert/litert/runtime/tensor_buffer_registry.cc:51] Custom tensor buffer handler is registered for buffer type WebGpuImageBufferFp16
01-12 15:10:20.746  3165  3204 I tflite  : [third_party/odml/litert/litert/runtime/tensor_buffer_registry.cc:51] Custom tensor buffer handler is registered for buffer type WebGpuBufferPacked
01-12 15:10:20.746  3165  3204 I tflite  : [third_party/odml/litert/litert/runtime/accelerators/auto_registration.cc:153] Statically linked GPU accelerator registered.
01-12 15:10:20.746  3165  3204 I tflite  : [third_party/odml/litert/litert/runtime/accelerator_registry.cc:52] RegisterAccelerator: ptr=0xb400006df886e8d0, name=CpuAccelerator
01-12 15:10:20.746  3165  3204 I tflite  : [third_party/odml/litert/litert/runtime/accelerators/auto_registration.cc:168] CPU accelerator registered.
01-12 15:10:20.746  3165  3204 I tflite  : [third_party/odml/litert/litert/runtime/compiled_model.cc:465] Flatbuffer model initialized directly from incoming litert model.
01-12 15:10:20.747  3165  3204 I tflite  : [third_party/odml/litert/litert/runtime/compiled_model.cc:1078] Tracked constant output tensor eoa_embedding with locked address
01-12 15:10:20.749  3165  3204 I native  : I0000 00:00:1768227020.748926    3204 model_resources_litert_lm.cc:63] model_type: TF_LITE_PER_LAYER_EMBEDDER
01-12 15:10:20.749  3165  3204 I native  : I0000 00:00:1768227020.749079    3204 model_resources_litert_lm.cc:64] litert model size: 1284522128
01-12 15:10:21.629 28840 15701 W libbinder.Binder: Binder transaction to android.accounts.IAccountAuthenticator code 3 took 1501ms. Data bytes: 492 Reply bytes: 0 Flags: 17
01-12 15:10:21.643  1510  2195 D BackgroundInstallControlService: Package event received: 0
01-12 15:10:21.646  1510  2195 D BackgroundInstallControlService: Package event received: 0
01-12 15:10:21.646  1510  2195 D BackgroundInstallControlService: Package event received: 0
01-12 15:10:21.735 28840 28846 E gcblocker: too long GC blocking: 5
01-12 15:10:21.735 28840 28846 E gcblocker: gc block end, 37887107,100
01-12 15:10:22.034  3165  3204 I tflite  : [third_party/odml/litert/litert/core/environment.cc:29] Creating LiteRT environment with options
01-12 15:10:22.034  3165  3204 W tflite  : [third_party/odml/litert/litert/runtime/accelerators/auto_registration.cc:67] NPU accelerator could not be loaded and registered: kLiteRtStatusErrorInvalidArgument.
01-12 15:10:22.034  3165  3204 I tflite  : [third_party/odml/litert/litert/runtime/accelerators/auto_registration.cc:130] Loading GPU accelerator(libLiteRtGpuAccelerator.so).
01-12 15:10:22.037  3165  3204 I tflite  : [third_party/odml/litert/litert/runtime/accelerators/auto_registration.cc:147] Failed to load GPU accelerator(libLiteRtGpuAccelerator.so): kLiteRtStatusErrorDynamicLoading, ERROR: [third_party/odml/litert/litert/runtime/accelerators/auto_registration.cc:183]
01-12 15:10:22.037  3165  3204 I tflite  : Γöö Could not load shared library libLiteRtGpuAccelerator.so: dlopen failed: library "libLiteRtGpuAccelerator.so" not found..
01-12 15:10:22.038  3165  3204 I tflite  : [third_party/odml/litert/litert/runtime/accelerators/auto_registration.cc:130] Loading GPU accelerator(libLiteRtOpenClAccelerator.so).
01-12 15:10:22.039  3165  3204 I tflite  : [third_party/odml/litert/litert/runtime/accelerators/auto_registration.cc:147] Failed to load GPU accelerator(libLiteRtOpenClAccelerator.so): kLiteRtStatusErrorDynamicLoading, ERROR: [third_party/odml/litert/litert/runtime/accelerators/auto_registration.cc:183]
01-12 15:10:22.039  3165  3204 I tflite  : Γöö Could not load shared library libLiteRtOpenClAccelerator.so: dlopen failed: library "libLiteRtOpenClAccelerator.so" not found..
01-12 15:10:22.039  3165  3204 I tflite  : [third_party/odml/litert/litert/runtime/accelerators/auto_registration.cc:130] Loading GPU accelerator(libLiteRtWebGpuAccelerator.so).
01-12 15:10:22.041  3165  3204 I tflite  : [third_party/odml/litert/litert/runtime/accelerators/auto_registration.cc:147] Failed to load GPU accelerator(libLiteRtWebGpuAccelerator.so): kLiteRtStatusErrorDynamicLoading, ERROR: [third_party/odml/litert/litert/runtime/accelerators/auto_registration.cc:183]
01-12 15:10:22.041  3165  3204 I tflite  : Γöö Could not load shared library libLiteRtWebGpuAccelerator.so: dlopen failed: library "libLiteRtWebGpuAccelerator.so" not found..
01-12 15:10:22.041  3165  3204 I tflite  : [third_party/odml/litert/litert/runtime/accelerators/auto_registration.cc:130] Loading GPU accelerator(libLiteRtVulkanAccelerator.so).
01-12 15:10:22.043  3165  3204 I tflite  : [third_party/odml/litert/litert/runtime/accelerators/auto_registration.cc:147] Failed to load GPU accelerator(libLiteRtVulkanAccelerator.so): kLiteRtStatusErrorDynamicLoading, ERROR: [third_party/odml/litert/litert/runtime/accelerators/auto_registration.cc:183]
01-12 15:10:22.043  3165  3204 I tflite  : Γöö Could not load shared library libLiteRtVulkanAccelerator.so: dlopen failed: library "libLiteRtVulkanAccelerator.so" not found..
01-12 15:10:22.043  3165  3204 I tflite  : [third_party/odml/litert/litert/runtime/accelerator_registry.cc:52] RegisterAccelerator: ptr=0xb400006df886f890, name=LiteRT GPU
01-12 15:10:22.043  3165  3204 I tflite  : [third_party/odml/litert/litert/runtime/tensor_buffer_registry.cc:51] Custom tensor buffer handler is registered for buffer type WebGpuBuffer
01-12 15:10:22.043  3165  3204 I tflite  : [third_party/odml/litert/litert/runtime/tensor_buffer_registry.cc:51] Custom tensor buffer handler is registered for buffer type WebGpuBufferFp16
01-12 15:10:22.043  3165  3204 I tflite  : [third_party/odml/litert/litert/runtime/tensor_buffer_registry.cc:51] Custom tensor buffer handler is registered for buffer type WebGpuTexture
01-12 15:10:22.043  3165  3204 I tflite  : [third_party/odml/litert/litert/runtime/tensor_buffer_registry.cc:51] Custom tensor buffer handler is registered for buffer type WebGpuTextureFp16
01-12 15:10:22.043  3165  3204 I tflite  : [third_party/odml/litert/litert/runtime/tensor_buffer_registry.cc:51] Custom tensor buffer handler is registered for buffer type WebGpuImageBuffer
01-12 15:10:22.043  3165  3204 I tflite  : [third_party/odml/litert/litert/runtime/tensor_buffer_registry.cc:51] Custom tensor buffer handler is registered for buffer type WebGpuImageBufferFp16
01-12 15:10:22.043  3165  3204 I tflite  : [third_party/odml/litert/litert/runtime/tensor_buffer_registry.cc:51] Custom tensor buffer handler is registered for buffer type WebGpuBufferPacked
01-12 15:10:22.043  3165  3204 I tflite  : [third_party/odml/litert/litert/runtime/accelerators/auto_registration.cc:153] Statically linked GPU accelerator registered.
01-12 15:10:22.043  3165  3204 I tflite  : [third_party/odml/litert/litert/runtime/accelerator_registry.cc:52] RegisterAccelerator: ptr=0xb400006df886ff90, name=CpuAccelerator
01-12 15:10:22.043  3165  3204 I tflite  : [third_party/odml/litert/litert/runtime/accelerators/auto_registration.cc:168] CPU accelerator registered.
01-12 15:10:22.043  3165  3204 I tflite  : [third_party/odml/litert/litert/runtime/compiled_model.cc:465] Flatbuffer model initialized directly from incoming litert model.
01-12 15:10:22.344  3165  3204 I tflite  : Replacing 1 out of 44 node(s) with delegate (TfLiteXNNPackDelegate) node, yielding 2 partitions for subgraph 0.
01-12 15:10:22.346  3165  3204 I native  : I0000 00:00:1768227022.346203    3204 threadpool.cc:41] ThreadPool 'engine': Running up to 1 threads.
01-12 15:10:22.353  3165  3204 I JetOverlay.LiteRTClient: [15:10:22.347] LiteRT Engine initialized successfully
01-12 15:10:22.358  3165  3204 I JetOverlay.LiteRTLlmService: [15:10:22.357] LiteRTLlmService initialized successfully
01-12 15:10:22.977  1006  1006 I WifiHAL : Creating message to get link statistics; iface = 47
01-12 15:10:23.124  1006  2919 I WifiHAL : Getting cached scan results, iface handle = 0xb4000074d0e71410
01-12 15:10:23.124  1006  2919 E WifiHAL : Creating message to get cached scan results
01-12 15:10:23.128  2238  2238 I wpa_supplicant: CTRL-EVENT-MLO-LINK 1 ce:xx:xx:xx:x2:07 5250
01-12 15:10:23.140  1006  2919 I WifiHAL : In GetCachedScanResultsCommand::handleResponse
01-12 15:10:23.142  1006  2919 E libbinder.IPCThreadState: binder thread pool (1 threads) starved for 164 ms
01-12 15:10:23.150 28840 15701 W libbinder.Binder: Binder transaction to android.accounts.IAccountAuthenticator code 3 took 1501ms. Data bytes: 492 Reply bytes: 0 Flags: 17
01-12 15:10:23.163  1510  2195 D BackgroundInstallControlService: Package event received: 0
01-12 15:10:23.164  1510  2195 D BackgroundInstallControlService: Package event received: 0
01-12 15:10:23.165  1510  2195 D BackgroundInstallControlService: Package event received: 0
01-12 15:10:23.200  1510  2139 D ConnectivityService: NetReassign [no changes] [c 2] [a 3] [i 7]
01-12 15:10:23.258 28840 28846 E gcblocker: too long GC blocking: 5
01-12 15:10:23.258 28840 28846 E gcblocker: gc block end, 37888630,100
01-12 15:10:23.807 30262 30328 I ForwardSyncCache: reclaimMemory: Clearing caches
01-12 15:10:23.824 30262 30328 W Bugle   : TextClassifierLibManagerImpl: Reclaiming memory at level: 40
01-12 15:10:24.047  2779  4071 D IKE     : new IkeAlarmWithListener for IkeAlarmReceiver.ACTION_DPD
01-12 15:10:24.670 28840 15701 W libbinder.Binder: Binder transaction to android.accounts.IAccountAuthenticator code 3 took 1501ms. Data bytes: 492 Reply bytes: 0 Flags: 17
01-12 15:10:24.682  1510  2195 D BackgroundInstallControlService: Package event received: 0
01-12 15:10:24.683  1510  2195 D BackgroundInstallControlService: Package event received: 0
01-12 15:10:24.683  1510  2195 D BackgroundInstallControlService: Package event received: 0
01-12 15:10:24.774 28840 28846 E gcblocker: too long GC blocking: 5
01-12 15:10:24.774 28840 28846 E gcblocker: gc block end, 37890146,100
01-12 15:10:26.187  1006  2919 I WifiHAL : Creating message to get link statistics; iface = 47
01-12 15:10:26.193 28840 15696 W libbinder.Binder: Binder transaction to android.accounts.IAccountAuthenticator code 3 took 1502ms. Data bytes: 492 Reply bytes: 0 Flags: 17
01-12 15:10:26.203  1510  2195 D BackgroundInstallControlService: Package event received: 0
01-12 15:10:26.206  1510  2195 D BackgroundInstallControlService: Package event received: 0
01-12 15:10:26.206  1510  2195 D BackgroundInstallControlService: Package event received: 0
01-12 15:10:26.299 28840 28846 E gcblocker: too long GC blocking: 5
01-12 15:10:26.299 28840 28846 E gcblocker: gc block end, 37891670,101
01-12 15:10:26.335  1006  2919 E libbinder.IPCThreadState: binder thread pool (1 threads) starved for 148 ms
01-12 15:10:26.335  1006  1006 I WifiHAL : Getting cached scan results, iface handle = 0xb4000074d0e71410
01-12 15:10:26.336  1006  1006 E WifiHAL : Creating message to get cached scan results
01-12 15:10:26.339  2238  2238 I wpa_supplicant: CTRL-EVENT-MLO-LINK 1 ce:xx:xx:xx:x2:07 5250
01-12 15:10:26.346  1006  1006 I WifiHAL : In GetCachedScanResultsCommand::handleResponse
01-12 15:10:26.397  1510  2139 D ConnectivityService: NetReassign [no changes] [c 5] [a 5] [i 11]
01-12 15:10:27.036 30042 30611 I BatteryEventDispatcherImpl: [_waitingForDispatchEvent] processing BatteryEventDispatcherImpl$DispatchEvent$OnPollTimeout
01-12 15:10:27.713 28840 15696 W libbinder.Binder: Binder transaction to android.accounts.IAccountAuthenticator code 3 took 1501ms. Data bytes: 492 Reply bytes: 0 Flags: 17
01-12 15:10:27.725  1510  2195 D BackgroundInstallControlService: Package event received: 0
01-12 15:10:27.726  1510  2195 D BackgroundInstallControlService: Package event received: 0
01-12 15:10:27.726  1510  2195 D BackgroundInstallControlService: Package event received: 0
01-12 15:10:27.818 28840 28846 E gcblocker: too long GC blocking: 5
01-12 15:10:27.818 28840 28846 E gcblocker: gc block end, 37893190,100
01-12 15:10:28.713  1025  1068 W shamp   : Unknown packet received with channel id 132.
01-12 15:10:28.727  1025  1068 D shamp   : [TEA] [Domain: LTE_DM] [Token: b4155ea3] [Timestamp: 1768226885352]: |CC0 Mx0 Sc0| PCell SINR Avg: 4.77 RX Count: 2]
01-12 15:10:28.728  1025  1068 D shamp   : [TEA] [Domain: LTE_RRM] [Token: 40e8de17] [Timestamp: 1768226889193]: Srxlev(17.26dB) S_NonIntraSearchP_Ind(1) S_NonIntraSearchP(6dB) LTERRM_S_NONINTRASEARCH_OFFSET(0dB)
01-12 15:10:28.728  1025  1068 D shamp   : [TEA] [Domain: LTE_DM] [Token: b4155ea3] [Timestamp: 1768226890472]: |CC0 Mx0 Sc0| PCell SINR Avg: 3.06 RX Count: 2]
01-12 15:10:28.728  1025  1068 D shamp   : [TEA] [Domain: LTE_RRM] [Token: 40e8de17] [Timestamp: 1768226894312]: Srxlev(18.19dB) S_NonIntraSearchP_Ind(1) S_NonIntraSearchP(6dB) LTERRM_S_NONINTRASEARCH_OFFSET(0dB)
01-12 15:10:28.728  1025  1068 D shamp   : [TEA] [Domain: LTE_DM] [Token: b4155ea3] [Timestamp: 1768226895592]: |CC0 Mx0 Sc0| PCell SINR Avg: 3.33 RX Count: 2]
01-12 15:10:28.728  1025  1068 D shamp   : [TEA] [Domain: LTE_RRM] [Token: 40e8de17] [Timestamp: 1768226899433]: Srxlev(18.13dB) S_NonIntraSearchP_Ind(1) S_NonIntraSearchP(6dB) LTERRM_S_NONINTRASEARCH_OFFSET(0dB)
01-12 15:10:28.728  1025  1068 D shamp   : [TEA] [Domain: LTE_DM] [Token: b4155ea3] [Timestamp: 1768226900712]: |CC0 Mx0 Sc0| PCell SINR Avg: 4.51 RX Count: 2]
01-12 15:10:28.728  1025  1068 D shamp   : [TEA] [Domain: LTE_RRM] [Token: 40e8de17] [Timestamp: 1768226904553]: Srxlev(18.02dB) S_NonIntraSearchP_Ind(1) S_NonIntraSearchP(6dB) LTERRM_S_NONINTRASEARCH_OFFSET(0dB)
01-12 15:10:28.728  1025  1068 D shamp   : [TEA] [Domain: LTE_DM] [Token: b4155ea3] [Timestamp: 1768226905832]: |CC0 Mx0 Sc0| PCell SINR Avg: 4.46 RX Count: 2]
01-12 15:10:28.729  1025  1068 D shamp   : [TEA] [Domain: LTE_RRM] [Token: 40e8de17] [Timestamp: 1768226909673]: Srxlev(18.39dB) S_NonIntraSearchP_Ind(1) S_NonIntraSearchP(6dB) LTERRM_S_NONINTRASEARCH_OFFSET(0dB)
01-12 15:10:28.729  1025  1068 D shamp   : [TEA] [Domain: LTE_DM] [Token: b4155ea3] [Timestamp: 1768226910951]: |CC0 Mx0 Sc0| PCell SINR Avg: 6.63 RX Count: 2]
01-12 15:10:28.729  1025  1068 D shamp   : [TEA] [Domain: LTE_RRM] [Token: 40e8de17] [Timestamp: 1768226914792]: Srxlev(17.45dB) S_NonIntraSearchP_Ind(1) S_NonIntraSearchP(6dB) LTERRM_S_NONINTRASEARCH_OFFSET(0dB)
01-12 15:10:28.729  1025  1068 D shamp   : [TEA] [Domain: LTE_DM] [Token: b4155ea3] [Timestamp: 1768226916072]: |CC0 Mx0 Sc0| PCell SINR Avg: 2.22 RX Count: 2]
01-12 15:10:28.729  1025  1068 D shamp   : [TEA] [Domain: LTE_RRM] [Token: 40e8de17] [Timestamp: 1768226919913]: Srxlev(17.42dB) S_NonIntraSearchP_Ind(1) S_NonIntraSearchP(6dB) LTERRM_S_NONINTRASEARCH_OFFSET(0dB)
01-12 15:10:28.729  1025  1068 D shamp   : [TEA] [Domain: LTE_DM] [Token: b4155ea3] [Timestamp: 1768226921192]: |CC0 Mx0 Sc0| PCell SINR Avg: 2.12 RX Count: 2]
01-12 15:10:28.729  1025  1068 D shamp   : [TEA] [Domain: LTE_RRM] [Token: 40e8de17] [Timestamp: 1768226925033]: Srxlev(17.43dB) S_NonIntraSearchP_Ind(1) S_NonIntraSearchP(6dB) LTERRM_S_NONINTRASEARCH_OFFSET(0dB)
01-12 15:10:28.729  1025  1068 D shamp   : [TEA] [Domain: LTE_DM] [Token: b4155ea3] [Timestamp: 1768226926312]: |CC0 Mx0 Sc0| PCell SINR Avg: 2.59 RX Count: 2]
01-12 15:10:28.729  1025  1068 D shamp   : [TEA] [Domain: LTE_RRM] [Token: 40e8de17] [Timestamp: 1768226930153]: Srxlev(17.53dB) S_NonIntraSearchP_Ind(1) S_NonIntraSearchP(6dB) LTERRM_S_NONINTRASEARCH_OFFSET(0dB)
01-12 15:10:28.729  1025  1068 D shamp   : [TEA] [Domain: LTE_DM] [Token: b4155ea3] [Timestamp: 1768226931432]: |CC0 Mx0 Sc0| PCell SINR Avg: 2.06 RX Count: 2]
01-12 15:10:28.729  1025  1068 D shamp   : [TEA] [Domain: LTE_RRM] [Token: 40e8de17] [Timestamp: 1768226935272]: Srxlev(17.48dB) S_NonIntraSearchP_Ind(1) S_NonIntraSearchP(6dB) LTERRM_S_NONINTRASEARCH_OFFSET(0dB)
01-12 15:10:28.729  1025  1068 D shamp   : [TEA] [Domain: LTE_DM] [Token: b4155ea3] [Timestamp: 1768226936552]: |CC0 Mx0 Sc0| PCell SINR Avg: 2.10 RX Count: 2]
01-12 15:10:28.729  1025  1068 D shamp   : [TEA] [Domain: LTE_RRM] [Token: 40e8de17] [Timestamp: 1768226940393]: Srxlev(17.23dB) S_NonIntraSearchP_Ind(1) S_NonIntraSearchP(6dB) LTERRM_S_NONINTRASEARCH_OFFSET(0dB)
01-12 15:10:28.730  1025  1068 D shamp   : [TEA] [Domain: LTE_DM] [Token: b4155ea3] [Timestamp: 1768226941672]: |CC0 Mx0 Sc0| PCell SINR Avg: 2.40 RX Count: 2]
01-12 15:10:28.730  1025  1068 D shamp   : [TEA] [Domain: LTE_RRM] [Token: 40e8de17] [Timestamp: 1768226945513]: Srxlev(17.36dB) S_NonIntraSearchP_Ind(1) S_NonIntraSearchP(6dB) LTERRM_S_NONINTRASEARCH_OFFSET(0dB)
01-12 15:10:28.730  1025  1068 D shamp   : [TEA] [Domain: LTE_DM] [Token: b4155ea3] [Timestamp: 1768226946792]: |CC0 Mx0 Sc0| PCell SINR Avg: 1.83 RX Count: 2]
01-12 15:10:28.730  1025  1068 D shamp   : [TEA] [Domain: LTE_RRM] [Token: 40e8de17] [Timestamp: 1768226950633]: Srxlev(18.15dB) S_NonIntraSearchP_Ind(1) S_NonIntraSearchP(6dB) LTERRM_S_NONINTRASEARCH_OFFSET(0dB)
01-12 15:10:28.730  1025  1068 D shamp   : [TEA] [Domain: LTE_DM] [Token: b4155ea3] [Timestamp: 1768226951912]: |CC0 Mx0 Sc0| PCell SINR Avg: 6.47 RX Count: 2]
01-12 15:10:28.730  1025  1068 D shamp   : [TEA] [Domain: LTE_RRM] [Token: 40e8de17] [Timestamp: 1768226955752]: Srxlev(19.75dB) S_NonIntraSearchP_Ind(1) S_NonIntraSearchP(6dB) LTERRM_S_NONINTRASEARCH_OFFSET(0dB)
01-12 15:10:28.730  1025  1068 D shamp   : [TEA] [Domain: LTE_DM] [Token: b4155ea3] [Timestamp: 1768226957032]: |CC0 Mx0 Sc0| PCell SINR Avg: 4.79 RX Count: 2]
01-12 15:10:28.730  1025  1068 D shamp   : [TEA] [Domain: LTE_RRM] [Token: 40e8de17] [Timestamp: 1768226960872]: Srxlev(19.92dB) S_NonIntraSearchP_Ind(1) S_NonIntraSearchP(6dB) LTERRM_S_NONINTRASEARCH_OFFSET(0dB)
01-12 15:10:28.730  1025  1068 D shamp   : [TEA] [Domain: LTE_DM] [Token: b4155ea3] [Timestamp: 1768226962152]: |CC0 Mx0 Sc0| PCell SINR Avg: 4.20 RX Count: 2]
01-12 15:10:28.730  1025  1068 D shamp   : [TEA] [Domain: LTE_RRM] [Token: 40e8de17] [Timestamp: 1768226965993]: Srxlev(19.83dB) S_NonIntraSearchP_Ind(1) S_NonIntraSearchP(6dB) LTERRM_S_NONINTRASEARCH_OFFSET(0dB)
01-12 15:10:28.730  1025  1068 D shamp   : [TEA] [Domain: LTE_DM] [Token: b4155ea3] [Timestamp: 1768226967272]: |CC0 Mx0 Sc0| PCell SINR Avg: 5.07 RX Count: 2]
01-12 15:10:28.730  1025  1068 D shamp   : [TEA] [Domain: LTE_RRM] [Token: 40e8de17] [Timestamp: 1768226971112]: Srxlev(19.82dB) S_NonIntraSearchP_Ind(1) S_NonIntraSearchP(6dB) LTERRM_S_NONINTRASEARCH_OFFSET(0dB)
01-12 15:10:28.730  1025  1068 D shamp   : [TEA] [Domain: LTE_DM] [Token: b4155ea3] [Timestamp: 1768226972392]: |CC0 Mx0 Sc0| PCell SINR Avg: 4.20 RX Count: 2]
01-12 15:10:28.730  1025  1068 D shamp   : [TEA] [Domain: LTE_RRM] [Token: 40e8de17] [Timestamp: 1768226976232]: Srxlev(19.45dB) S_NonIntraSearchP_Ind(1) S_NonIntraSearchP(6dB) LTERRM_S_NONINTRASEARCH_OFFSET(0dB)
01-12 15:10:28.730  1025  1068 D shamp   : [TEA] [Domain: LTE_DM] [Token: b4155ea3] [Timestamp: 1768226977512]: |CC0 Mx0 Sc0| PCell SINR Avg: 4.71 RX Count: 2]
01-12 15:10:28.730  1025  1068 D shamp   : [TEA] [Domain: LTE_RRM] [Token: 40e8de17] [Timestamp: 1768226981353]: Srxlev(19.09dB) S_NonIntraSearchP_Ind(1) S_NonIntraSearchP(6dB) LTERRM_S_NONINTRASEARCH_OFFSET(0dB)
01-12 15:10:28.730  1025  1068 D shamp   : [TEA] [Domain: LTE_DM] [Token: b4155ea3] [Timestamp: 1768226982632]: |CC0 Mx0 Sc0| PCell SINR Avg: 5.43 RX Count: 2]
01-12 15:10:28.731  1025  1068 D shamp   : [TEA] [Domain: LTE_RRM] [Token: 40e8de17] [Timestamp: 1768226986473]: Srxlev(19.49dB) S_NonIntraSearchP_Ind(1) S_NonIntraSearchP(6dB) LTERRM_S_NONINTRASEARCH_OFFSET(0dB)
01-12 15:10:28.731  1025  1068 D shamp   : [TEA] [Domain: LTE_DM] [Token: b4155ea3] [Timestamp: 1768226987752]: |CC0 Mx0 Sc0| PCell SINR Avg: 5.50 RX Count: 2]
01-12 15:10:28.731  1025  1068 D shamp   : [TEA] [Domain: LTE_RRM] [Token: 40e8de17] [Timestamp: 1768226991592]: Srxlev(20.63dB) S_NonIntraSearchP_Ind(1) S_NonIntraSearchP(6dB) LTERRM_S_NONINTRASEARCH_OFFSET(0dB)
01-12 15:10:28.731  1025  1068 D shamp   : [TEA] [Domain: LTE_DM] [Token: b4155ea3] [Timestamp: 1768226992872]: |CC0 Mx0 Sc0| PCell SINR Avg: 5.71 RX Count: 2]
01-12 15:10:28.731  1025  1068 D shamp   : [TEA] [Domain: LTE_RRM] [Token: 40e8de17] [Timestamp: 1768226996713]: Srxlev(19.76dB) S_NonIntraSearchP_Ind(1) S_NonIntraSearchP(6dB) LTERRM_S_NONINTRASEARCH_OFFSET(0dB)
01-12 15:10:28.731  1025  1068 D shamp   : [TEA] [Domain: LTE_DM] [Token: b4155ea3] [Timestamp: 1768226997992]: |CC0 Mx0 Sc0| PCell SINR Avg: 4.07 RX Count: 2]
01-12 15:10:28.731  1025  1068 D shamp   : [TEA] [Domain: LTE_RRM] [Token: 40e8de17] [Timestamp: 1768227001833]: Srxlev(19.59dB) S_NonIntraSearchP_Ind(1) S_NonIntraSearchP(6dB) LTERRM_S_NONINTRASEARCH_OFFSET(0dB)
01-12 15:10:28.731  1025  1068 D shamp   : [TEA] [Domain: LTE_DM] [Token: b4155ea3] [Timestamp: 1768227003112]: |CC0 Mx0 Sc0| PCell SINR Avg: 5.78 RX Count: 2]
01-12 15:10:28.731  1025  1068 D shamp   : [TEA] [Domain: LTE_RRM] [Token: 40e8de17] [Timestamp: 1768227006953]: Srxlev(19.76dB) S_NonIntraSearchP_Ind(1) S_NonIntraSearchP(6dB) LTERRM_S_NONINTRASEARCH_OFFSET(0dB)
01-12 15:10:28.731  1025  1068 D shamp   : [TEA] [Domain: LTE_DM] [Token: b4155ea3] [Timestamp: 1768227008232]: |CC0 Mx0 Sc0| PCell SINR Avg: 5.08 RX Count: 2]
01-12 15:10:28.731  1025  1068 D shamp   : [TEA] [Domain: LTE_RRM] [Token: 40e8de17] [Timestamp: 1768227012073]: Srxlev(19.73dB) S_NonIntraSearchP_Ind(1) S_NonIntraSearchP(6dB) LTERRM_S_NONINTRASEARCH_OFFSET(0dB)
01-12 15:10:28.731  1025  1068 D shamp   : [TEA] [Domain: LTE_DM] [Token: b4155ea3] [Timestamp: 1768227013352]: |CC0 Mx0 Sc0| PCell SINR Avg: 4.20 RX Count: 2]
01-12 15:10:28.731  1025  1068 D shamp   : [TEA] [Domain: LTE_RRM] [Token: 40e8de17] [Timestamp: 1768227017192]: Srxlev(19.56dB) S_NonIntraSearchP_Ind(1) S_NonIntraSearchP(6dB) LTERRM_S_NONINTRASEARCH_OFFSET(0dB)
01-12 15:10:28.731  1025  1068 D shamp   : [TEA] [Domain: LTE_DM] [Token: b4155ea3] [Timestamp: 1768227018472]: |CC0 Mx0 Sc0| PCell SINR Avg: 4.60 RX Count: 2]
01-12 15:10:28.731  1025  1068 D shamp   : [TEA] [Domain: LTE_RRM] [Token: 40e8de17] [Timestamp: 1768227022313]: Srxlev(19.62dB) S_NonIntraSearchP_Ind(1) S_NonIntraSearchP(6dB) LTERRM_S_NONINTRASEARCH_OFFSET(0dB)
01-12 15:10:28.731  1025  1068 D shamp   : [TEA] [Domain: LTE_DM] [Token: b4155ea3] [Timestamp: 1768227023592]: |CC0 Mx0 Sc0| PCell SINR Avg: 4.93 RX Count: 2]
01-12 15:10:28.732  1025  1068 D shamp   : [TEA] [Domain: LTE_RRM] [Token: 40e8de17] [Timestamp: 1768227027433]: Srxlev(19.62dB) S_NonIntraSearchP_Ind(1) S_NonIntraSearchP(6dB) LTERRM_S_NONINTRASEARCH_OFFSET(0dB)
01-12 15:10:28.732  1025  1068 D shamp   : [TEA] [Domain: LTE_DM] [Token: b4155ea3] [Timestamp: 1768227028712]: |CC0 Mx0 Sc0| PCell SINR Avg: 5.71 RX Count: 2]
01-12 15:10:28.735  2412  2704 D ImpulseConnection: timeout didn't happen: com.google.android.apps.turbo
01-12 15:10:28.746  2412  2653 D TemperatureStateSource: sequence=1544 actualDelay=10000
01-12 15:10:28.747  2412  2653 D TemperatureStateSource: Reading temperature: sequence=1545
01-12 15:10:28.757 23183 23183 I pixel-thermal: VIRTUAL-SKIN:30.8883 raw data: CLOSE_WEIGHT:1 OPEN_WEIGHT:0 VIRTUAL-SKIN:30888.3 VIRTUAL-SKIN-CLOSE:30888.3 VIRTUAL-SKIN-CLOSE-SUB-1:30847.5 VIRTUAL-SKIN-CLOSE-SUB-2:30888.3 VIRTUAL-SKIN-CLOSE-SUB-3:29803.9 VIRTUAL-SKIN-CLOSE-SUB-4:27383.7 VIRTUAL-SKIN-LEGACY:30888.3 VIRTUAL-SKIN-OPEN:31415 VIRTUAL-SKIN-OPEN-SUB-1:29452.9 VIRTUAL-SKIN-OPEN-SUB-2:31415 charger_therm:33597 display_therm:27565 gnss_tcxo_therm:30949 inner_brightness:0 inner_display_therm:29836 maxfg_base:27400 maxfg_secondary:25500 modem_therm:31995 rffe_therm:31216 soc_therm:33241 usb_conn_therm:28500 
01-12 15:10:28.758  2412  2653 D TemperatureStateSource: getDeviceTemperatures: sequence=1545 deviceTemperatureType=3 temperatureSource=0 temperatures=[30.888279]
01-12 15:10:28.758  2412  2653 D BusinessScope: Enqueuing the block
01-12 15:10:28.758  2412  2653 D TemperatureStateSource: sequence=1545 waitTime=10000
01-12 15:10:28.758  2412  3630 D BusinessScope: Start running the #3229 block
01-12 15:10:28.759  2412  3630 D BusinessScope: Enqueuing the block
01-12 15:10:28.759  2412  3630 D ImpulseStateSource: Notify clients: 1613
01-12 15:10:28.759  2412  3630 D BusinessScope: Finish running the #3229 block
01-12 15:10:28.759  2412  3630 D BusinessScope: Start running the #3230 block
01-12 15:10:28.760  2412  3630 D BusinessScope: Finish running the #3230 block
01-12 15:10:29.234 28840 15701 W libbinder.Binder: Binder transaction to android.accounts.IAccountAuthenticator code 3 took 1501ms. Data bytes: 492 Reply bytes: 0 Flags: 17
01-12 15:10:29.247  1510  2195 D BackgroundInstallControlService: Package event received: 0
01-12 15:10:29.248  1510  2195 D BackgroundInstallControlService: Package event received: 0
01-12 15:10:29.248  1510  2195 D BackgroundInstallControlService: Package event received: 0
01-12 15:10:29.340 28840 28846 E gcblocker: too long GC blocking: 5
01-12 15:10:29.340 28840 28846 E gcblocker: gc block end, 37894712,100
01-12 15:10:29.375  1006  1006 I WifiHAL : Creating message to get link statistics; iface = 47
01-12 15:10:29.483  1006  1006 E libbinder.IPCThreadState: binder thread pool (1 threads) starved for 107 ms
01-12 15:10:29.483  1006  2919 I WifiHAL : Getting cached scan results, iface handle = 0xb4000074d0e71410
01-12 15:10:29.483  1006  2919 E WifiHAL : Creating message to get cached scan results
01-12 15:10:29.487  2238  2238 I wpa_supplicant: CTRL-EVENT-MLO-LINK 1 ce:xx:xx:xx:x2:07 5250
01-12 15:10:29.498  1006  2919 I WifiHAL : In GetCachedScanResultsCommand::handleResponse
01-12 15:10:29.572  1510  2139 D ConnectivityService: NetReassign [no changes] [c 4] [a 5] [i 11]
01-12 15:10:30.332  1144  1153 I WPKTRT  : process_address_event: 2003:c3:973c:6a97:cc1f:fbff:fe35:b206 added to wlan0
01-12 15:10:30.333  1144  1153 I WPKTRT  : process_address_event: 2003:c3:973c:6a97:791:f6ec:47b8:1cd7 added to wlan0
01-12 15:10:30.348  2382  2863 D IpClient/wlan0: addressUpdated: 2003:c3:973c:6a97:cc1f:fbff:fe35:b206/64 on ifindex 47 flags 0x00000100 scope 0
01-12 15:10:30.349  2382  2863 D IpClient/wlan0: addressUpdated: 2003:c3:973c:6a97:791:f6ec:47b8:1cd7/64 on ifindex 47 flags 0x00000001 scope 0
01-12 15:10:30.353  2382  2863 W AlarmManager: Unrecognized alarm listener com.android.networkstack.android.net.ip.IpClientLinkObserver$Dhcp6PdPreferredPrefixAlarmListener@2bf3f56
01-12 15:10:30.357  2382  2863 D ApfFilter: (wlan0): Adding RA fe80::1 -> ff02::1 180s 2003:c3:973c:6a97::/64 172800s/86400s DNS 180s fe80::1 
01-12 15:10:30.359   920   950 W Netd    : No subsystem found in netlink event
01-12 15:10:30.396  1006  2919 E WifiHAL : Setting APF program, halHandle = 0xb4000074d0e71410
01-12 15:10:30.396  1006  2919 E WifiHAL : Set apf filter for iface = wlan0
01-12 15:10:30.396  1006  2919 I WifiHAL : createRequest: APF set program request
01-12 15:10:30.398  1006  2919 I WifiHAL : mProgramLen : 1479
01-12 15:10:30.754 28840 15701 W libbinder.Binder: Binder transaction to android.accounts.IAccountAuthenticator code 3 took 1501ms. Data bytes: 492 Reply bytes: 0 Flags: 17
01-12 15:10:30.772  1510  2195 D BackgroundInstallControlService: Package event received: 0
01-12 15:10:30.773  1510  2195 D BackgroundInstallControlService: Package event received: 0
01-12 15:10:30.773  1510  2195 D BackgroundInstallControlService: Package event received: 0
01-12 15:10:30.861 28840 28846 E gcblocker: too long GC blocking: 5
01-12 15:10:30.862 28840 28846 E gcblocker: gc block end, 37896233,100
01-12 15:10:31.785  2382  2863 D IpClient/wlan0: interfaceLinkStateChanged: ifindex 47 up
01-12 15:10:32.280 28840 15696 W libbinder.Binder: Binder transaction to android.accounts.IAccountAuthenticator code 3 took 1501ms. Data bytes: 492 Reply bytes: 0 Flags: 17
01-12 15:10:32.291  1510  2195 D BackgroundInstallControlService: Package event received: 0
01-12 15:10:32.293  1510  2195 D BackgroundInstallControlService: Package event received: 0
01-12 15:10:32.294  1510  2195 D BackgroundInstallControlService: Package event received: 0
01-12 15:10:32.384 28840 28846 E gcblocker: too long GC blocking: 5
01-12 15:10:32.384 28840 28846 E gcblocker: gc block end, 37897756,100
01-12 15:10:32.551  1006  2919 I WifiHAL : Creating message to get link statistics; iface = 47
01-12 15:10:32.620   956   956 W TracingMuxer: type=1400 audit(0.0:9047): avc:  denied  { write } for  name="traced_producer" dev="tmpfs" ino=1327 scontext=u:r:hal_neuralnetworks_darwinn:s0 tcontext=u:object_r:traced_producer_socket:s0 tclass=sock_file permissive=0
01-12 15:10:32.701  1006  2919 E libbinder.IPCThreadState: binder thread pool (1 threads) starved for 149 ms
01-12 15:10:32.701  1006  1006 I WifiHAL : Getting cached scan results, iface handle = 0xb4000074d0e71410
01-12 15:10:32.701  1006  1006 E WifiHAL : Creating message to get cached scan results
01-12 15:10:32.707  2238  2238 I wpa_supplicant: CTRL-EVENT-MLO-LINK 1 ce:xx:xx:xx:x2:07 5250
01-12 15:10:32.719  1006  1006 I WifiHAL : In GetCachedScanResultsCommand::handleResponse
01-12 15:10:32.790  1510  2139 D ConnectivityService: NetReassign [no changes] [c 4] [a 5] [i 11]
01-12 15:10:33.731  1510  2067 D ActivityManager: freezing 30262 com.google.android.apps.messaging
01-12 15:10:33.801 28840 15696 W libbinder.Binder: Binder transaction to android.accounts.IAccountAuthenticator code 3 took 1501ms. Data bytes: 492 Reply bytes: 0 Flags: 17
01-12 15:10:33.812  1510  2195 D BackgroundInstallControlService: Package event received: 0
01-12 15:10:33.816  1510  2195 D BackgroundInstallControlService: Package event received: 0
01-12 15:10:33.816  1510  2195 D BackgroundInstallControlService: Package event received: 0
01-12 15:10:33.906 28840 28846 E gcblocker: too long GC blocking: 5
01-12 15:10:33.906 28840 28846 E gcblocker: gc block end, 37899277,101
01-12 15:10:34.861  1510  1594 D ActivityManager: sync unfroze 32042 com.whatsapp for 3
01-12 15:10:34.905 32042 32042 D WM-DelayedWorkTracker: Scheduling work b75a934a-e90b-4b3c-8afa-682aa495a834
01-12 15:10:34.906 16563 24746 I efsq    : appOpsListener android:record_audio com.whatsapp
01-12 15:10:34.909 32042 32042 D WM-GreedyScheduler: Starting tracking for b75a934a-e90b-4b3c-8afa-682aa495a834
01-12 15:10:34.916 32042 32042 D ActivityThread: Package [com.yazan.jetoverlay] reported as REPLACED, but missing application info. Assuming REMOVED.
01-12 15:10:34.919 32042 32042 D ActivityThread: Package [com.yazan.jetoverlay] reported as REPLACED, but missing application info. Assuming REMOVED.
01-12 15:10:34.925 16563 24746 I efsq    : Ignoring irrelevant audio permission changes for package com.whatsapp
01-12 15:10:34.951  1510  3998 D ConnectivityService: Returning UNBLOCKED NetworkInfo to uid=10293
01-12 15:10:34.954  1510  2050 D ActivityManager: sync unfroze 4200 com.google.android.adservices.api for 6
01-12 15:10:34.972 32042 32219 D WM-ConstraintTracker: 1DP: initial state = NetworkState(isConnected=true, isValidated=true, isMetered=false, isNotRoaming=true)
01-12 15:10:34.972 32042 32219 D WM-NetworkStateTracker: Registering network callback
01-12 15:10:34.976  1510  3183 D ConnectivityService: requestNetwork for uid/pid:10293/32042 activeRequest: null callbackRequest: 3112 [NetworkRequest [ TRACK_DEFAULT id=3113, [ Capabilities: INTERNET&NOT_RESTRICTED&TRUSTED&NOT_VCN_MANAGED&NOT_BANDWIDTH_CONSTRAINED Uid: 10293 RequestorUid: 10293 RequestorPkg: com.whatsapp UnderlyingNetworks: Null] ], NetworkRequest [ REQUEST id=3114, [ Transports: SATELLITE Capabilities: INTERNET&NOT_RESTRICTED&TRUSTED&NOT_VCN_MANAGED Uid: 10293 RequestorUid: 10293 RequestorPkg: com.whatsapp UnderlyingNetworks: Null] ]] callback flags: 0 order: 2147483647 isUidTracked: false declaredMethods: AVAIL|LOST|NC
01-12 15:10:34.976  1510  1510 W ProcessStats: Tracking association SourceState{2cf25f6 system/1000 ImpBg #127594} whose proc state 6 is better than process ProcessState{cba9d4b com.google.android.adservices.api/10279 pkg=com.google.android.adservices.api} proc state 14 (11 skipped)
01-12 15:10:34.978  1510  2195 D BackgroundInstallControlService: Package event received: 0
01-12 15:10:34.978 32042 32219 D WM-GreedyScheduler: Constraints met: Scheduling work ID WorkGenerationalId(workSpecId=b75a934a-e90b-4b3c-8afa-682aa495a834, generation=0)
01-12 15:10:34.978  1510  3998 W JobInfo : Job 'com.whatsapp/.alarmservice.AlarmService#3' has a deadline with no functional constraints. The deadline won't improve job execution latency. Consider removing the deadline.
01-12 15:10:34.978  1510  2195 D BackgroundInstallControlService: Package event received: 0
01-12 15:10:34.978  1510  2195 D BackgroundInstallControlService: Package event received: 0
01-12 15:10:34.979  1510  2195 D BackgroundInstallControlService: Package event received: 0
01-12 15:10:34.987  1510  2050 D ActivityManager: sync unfroze 32207 com.facebook.katana for 6
01-12 15:10:34.993 16563 24746 I efsq    : appOpsListener android:record_audio com.facebook.katana
01-12 15:10:34.993 16563 24746 I efsq    : Ignoring irrelevant audio permission changes for package com.facebook.katana
01-12 15:10:35.006  1510  2139 D ConnectivityService: NetReassign [3113 : null ΓåÆ 132] [c 0] [a 13] [i 14]
01-12 15:10:35.008  1510  2050 D ActivityManager: sync unfroze 3396 com.lufthansa.android.lufthansa for 6
01-12 15:10:35.017  1510  2050 D ActivityManager: sync unfroze 30156 com.google.android.gms for 6
01-12 15:10:35.018 32042 32219 D WM-Processor: 1DT: processing WorkGenerationalId(workSpecId=b75a934a-e90b-4b3c-8afa-682aa495a834, generation=0)
01-12 15:10:35.020  1510  2050 D ActivityManager: sync unfroze 4017 com.google.android.webview:sandboxed_process0:org.chromium.content.app.SandboxedProcessService0:0 for 6
01-12 15:10:35.020 32042 32547 D WM-NetworkStateTracker: Network capabilities changed: [ Transports: WIFI Capabilities: NOT_METERED&INTERNET&NOT_RESTRICTED&TRUSTED&NOT_VPN&VALIDATED&NOT_ROAMING&FOREGROUND&NOT_CONGESTED&NOT_SUSPENDED&NOT_VCN_MANAGED&NOT_BANDWIDTH_CONSTRAINED LinkUpBandwidth>=1714Kbps LinkDnBandwidth>=15593Kbps TransportInfo: <SSID: <unknown ssid>, BSSID: 02:00:00:00:00:00, MAC: 02:00:00:00:00:00, IP: /192.168.2.196, Security type: 4, Supplicant state: COMPLETED, Wi-Fi standard: 11be, RSSI: -65, Link speed: 816Mbps, Tx Link speed: 816Mbps, Max Supported Tx Link speed: 2882Mbps, Rx Link speed: 735Mbps, Max Supported Rx Link speed: 2882Mbps, Frequency: 5180MHz, Net ID: -1, Metered hint: false, score: 60, isUsable: true, CarrierMerged: false, SubscriptionId: -1, IsPrimary: -1, Trusted: true, Restricted: false, Ephemeral: false, OEM paid: false, OEM private: false, OSU AP: false, FQDN: <none>, Provider friendly name: <none>, Requesting package name: <none><none>MLO Information: , Is TID-To-Link negotiation supported by the AP: true, AP MLD Address: <none>, AP MLO Link Id: <none>, AP MLO Affiliated links: <none>, Vendor Data: <none>> SignalStrength: -65 UnderlyingNetworks: Null]
01-12 15:10:35.091  1510  2050 D ActivityManager: sync unfroze 3407 com.Slack for 6
01-12 15:10:35.095  1510  2050 W JobServiceContext: Sending onNetworkChanged for a job that isn't started. JobStatus{6a9ea8c #u0a279/3 com.google.android.adservices.api/com.android.adservices.service.measurement.reporting.EventReportingJobService u=0 s=10279 TIME=-48s421ms:+3h59m11s579ms NET BATNOTLOW PERIODIC PERSISTED READY}
01-12 15:10:35.096  1510  2050 W JobServiceContext: Sending onNetworkChanged for a job that isn't started. JobStatus{dde5e77 #u0a299/2131366222 com.facebook.katana/com.facebook.analytics2.logger.legacy.uploader.LollipopUploadService u=0 s=10299 TIME=-43s102ms:-43s102ms NET READY}
01-12 15:10:35.096  1510  2050 W JobServiceContext: Sending onNetworkChanged for a job that isn't started. JobStatus{21840c0 #u0a410/-1638845176 com.lufthansa.android.lufthansa/com.google.android.datatransport.runtime.scheduling.jobscheduling.JobInfoSchedulerService u=0 s=10410 TIME=-30s57ms:none NET READY}
01-12 15:10:35.102 16563 24746 I efsq    : appOpsListener android:record_audio com.Slack
01-12 15:10:35.102 16563 24746 I efsq    : Ignoring irrelevant audio permission changes for package com.Slack
01-12 15:10:35.107 16563 24746 I efsq    : appOpsListener android:record_audio com.whatsapp
01-12 15:10:35.107 16563 24746 I efsq    : Ignoring irrelevant audio permission changes for package com.whatsapp
01-12 15:10:35.115  1510  3183 D ConnectivityService: Returning UNBLOCKED NetworkInfo to uid=10299
01-12 15:10:35.173 30156 30156 D BoundBrokerSvc: onUnbind: Intent { act=com.google.android.gms.measurement.START xflg=0x4 pkg=com.google.android.gms }
01-12 15:10:35.215  1510  1510 W Looper  : Slow dispatch took 104ms main app=system_server main=true group=FOREGROUND h=android.app.job.JobServiceEngine$JobHandler c=null m=0
01-12 15:10:35.238 32207 32207 W fb4a.AppComponentFactory: Instantiating Service
01-12 15:10:35.253 32042 32042 D WM-WorkerWrapper: Starting work for com.whatsapp.stickers.stickerpack.FetchDiscoveryPackWorker
01-12 15:10:35.276  4017  4021 W ocessService0:0: userfaultfd: MOVE ioctl seems unsupported: Connection timed out
01-12 15:10:35.310 30156 30156 D BoundBrokerSvc: onUnbind: Intent { act=com.google.android.gms.deviceperformance.service.START dat=chimera-action:/... xflg=0x4 cmp=com.google.android.gms/.chimera.GmsApiService }
01-12 15:10:35.319  3407  3407 D WM-DelayedWorkTracker: Scheduling work a14c0f6f-72ed-4a04-88f0-5a0206a160a2
01-12 15:10:35.320  3407  3407 D WM-GreedyScheduler: Starting work for a14c0f6f-72ed-4a04-88f0-5a0206a160a2
01-12 15:10:35.322 28840 15702 W libbinder.Binder: Binder transaction to android.accounts.IAccountAuthenticator code 3 took 1502ms. Data bytes: 492 Reply bytes: 0 Flags: 17
01-12 15:10:35.328  1510  2195 D BackgroundInstallControlService: Package event received: 0
01-12 15:10:35.339 32042 32126 W msys    : W[I wam]_WAMTransportPrivateLogUploadMessageWithDefaultLevel(52)=>privatestats/wameta/transport/connection_unavailable - stopping timer
01-12 15:10:35.358 32042 32141 E msys    : E[N mns]_OnDiskCacheGetData(632)=>Start post callback cache refresh DNS resolution
01-12 15:10:35.361  1510  2195 D BackgroundInstallControlService: Package event received: 0
01-12 15:10:35.361  1510  2195 D BackgroundInstallControlService: Package event received: 0
01-12 15:10:35.363  4200  4207 W .adservices.api: Suspending all threads took: 53.126ms
01-12 15:10:35.365  3407  3407 D WM-SystemJobService: onStartJob for WorkGenerationalId(workSpecId=a14c0f6f-72ed-4a04-88f0-5a0206a160a2, generation=0)
01-12 15:10:35.368  4200  4207 W .adservices.api: userfaultfd: MOVE ioctl seems unsupported: Connection timed out
01-12 15:10:35.388 32042 32141 E msys    : E[N mns]_OnSystemDNSSuccessCallback(340)=>Cache refresh succeeded with system DNS resolver. IP count: 2
01-12 15:10:35.419  3407  3613 W JobInfo : Requested important-while-foreground flag for job60267 is ignored and takes no effect
01-12 15:10:35.420  3407  3613 D WM-SystemJobScheduler: Scheduling work ID 4957b355-c452-4927-a47c-3c9e4aa95851Job ID 60267
01-12 15:10:35.430 28840 28846 E gcblocker: too long GC blocking: 5
01-12 15:10:35.430 28840 28846 E gcblocker: gc block end, 37900801,101
01-12 15:10:35.436  3407  3407 D WM-SystemJobService: onStartJob for WorkGenerationalId(workSpecId=4957b355-c452-4927-a47c-3c9e4aa95851, generation=0)
01-12 15:10:35.445  3407  3613 D WM-GreedyScheduler: Starting tracking for 4957b355-c452-4927-a47c-3c9e4aa95851
01-12 15:10:35.449  3407  3613 D WM-Processor: Processor: processing WorkGenerationalId(workSpecId=a14c0f6f-72ed-4a04-88f0-5a0206a160a2, generation=0)
01-12 15:10:35.450  3407  3613 D WM-Processor: Work WorkGenerationalId(workSpecId=a14c0f6f-72ed-4a04-88f0-5a0206a160a2, generation=0) is already enqueued for processing
01-12 15:10:35.451  3407  3613 D WM-Processor: Processor: processing WorkGenerationalId(workSpecId=4957b355-c452-4927-a47c-3c9e4aa95851, generation=0)
01-12 15:10:35.456 32207  4247 D omnistore_android_logger: DebouncingRateLimiter attempting event SyncProtocol::onConnectionEstablished
01-12 15:10:35.465 32207  4247 D omnistore_android_logger: Event not rate limited: SyncProtocol::onConnectionEstablished
01-12 15:10:35.465 32207  4247 D omnistore_android_logger: SyncProtocol calling onConnectionEstablished callbacks
01-12 15:10:35.465 32207  4247 D omnistore_android_logger: Removing all queue based subscriptions from rewire state
01-12 15:10:35.481  3394  3394 W soft_error.cpp: [pando::graphql::PandoGraphQLRequestHybrid::assertValid] : Using a PandoGraphQLRequest after it has been consumed. Query name is IGSharedAccountsQuery
01-12 15:10:35.491 32207 32207 W fb4a.AppInfoCore: [AI] Package not found when getting package info
01-12 15:10:35.500 32207  4247 D omnistore_android_logger: SendQueue::onConnectionEstablished: sending 0 transaction(s)
01-12 15:10:35.501 32207  4299 D omnistore_android_logger: SubscriptionManager::onConnectionEstablished is called back
01-12 15:10:35.513 32207  4299 I omnistore_android_logger: Connect message: queueName: facebook_universal_prefs_v2:5411613, gvid: 1
01-12 15:10:35.518  3407  3407 D WM-WorkerWrapper: Starting work for slack.services.notifications.push.jobs.impl.PushTokenRequestWork
01-12 15:10:35.521  3407  3407 D WM-WorkerWrapper: Starting work for slack.telemetry.internal.FlushTelemetryEventsWork
01-12 15:10:35.529  3407  3613 D WM-ConstraintTracker: NetworkStateTracker24: initial state = NetworkState(isConnected=true, isValidated=true, isMetered=false, isNotRoaming=true)
01-12 15:10:35.529  3407  3613 D WM-NetworkStateTracker: Registering network callback
