01-12 15:10:56.408 30262  4583 D WM-GreedyScheduler: Ignoring {WorkSpec: 8a9b9b4e-db62-454a-8d17-314ae3ec39d8}. Requires device idle.
01-12 15:10:56.408 30262  4583 D WM-GreedyScheduler: Ignoring {WorkSpec: 751f4d32-41fd-4036-9d24-8f071bf096ef}. Requires device idle.
01-12 15:10:56.408 30262  4583 D WM-GreedyScheduler: Ignoring {WorkSpec: 158fd384-ff00-49ca-bdfc-a1f5b9ef23d7}. Requires ContentUri triggers.
01-12 15:10:56.415 30877 30903 E eimo    : Unrecognized recognizer for [en-AU, 9054]: 41. Ignoring it and its associated features.
01-12 15:10:56.416 30877 30903 E eimo    : Unrecognized recognizer for [en-GB, 9054]: 41. Ignoring it and its associated features.
01-12 15:10:56.416 30877 30903 E eimo    : Unrecognized recognizer for [en-IE, 9054]: 41. Ignoring it and its associated features.
01-12 15:10:56.416 30877 30903 E eimo    : Unrecognized recognizer for [en-SG, 9054]: 41. Ignoring it and its associated features.
01-12 15:10:56.418 30262  4587 D WM-GreedyScheduler: Cancelling work ID 9f451a39-b9a3-4926-8824-0026de0b7e11
01-12 15:10:56.420 30877 30903 I LPRequestState: [ZipfileRequests] #resolveDesiredLanguagePacks
01-12 15:10:56.421 30877 30903 I LPRequestState: Assigning language pack Optional.of(LanguagePackDescriptor{locale=en_US, version=9054, installType=ZIPFILE_DOWNLOAD, applicationDomains=[1, 2, 3, 4, 5, 6, 7, 9, 10, 11], featuresForDomains={1=[2, 3, 4, 5, 6, 9, 10, 11, 12, 13, 14, 15], 2=[2, 3, 4, 5, 6, 7, 9, 10, 11, 12, 13, 14, 15], 3=[2, 3, 4, 5, 6, 9, 10, 11, 12, 13, 14, 15], 4=[2, 3, 4, 5, 6, 7, 9, 10, 11, 12, 13, 14, 15], 5=[2, 3, 4, 5, 6, 9, 10, 11, 12, 13, 14, 15], 6=[2, 3, 4, 5, 6, 7, 9, 10, 11, 12, 13, 14, 15], 7=[2, 3, 4, 5, 6, 7, 9, 10, 11, 12, 13, 14, 15], 9=[2, 3, 4, 5, 6, 9, 10, 11, 12, 13, 14, 15], 10=[2, 3, 4, 5, 6, 7, 9, 10, 11, 12, 13, 14, 15], 11=[2, 3, 4, 5, 6, 7, 9, 10, 11, 12, 13, 14, 15]}, sizeBytes=146375000, zipfileParams=Optional.of(ZipfileParams{downloadUrl=https://dl.google.com/android/voice/soda/en-US/v9054/soda-en-US-v9054.zip, hashValueSha1=C33E458399C8EAA5D61A509487A0E8A4BEB385CB}), readOnlyParams=Optional.absent()}) for request # einc@326c00c
01-12 15:10:56.421 30877 30903 I ZipLPPopulator: MDD.addFileGroup: LanguagePackDescriptor{locale=en_US, version=9054, installType=ZIPFILE_DOWNLOAD, applicationDomains=[1, 2, 3, 4, 5, 6, 7, 9, 10, 11], featuresForDomains={1=[2, 3, 4, 5, 6, 9, 10, 11, 12, 13, 14, 15], 2=[2, 3, 4, 5, 6, 7, 9, 10, 11, 12, 13, 14, 15], 3=[2, 3, 4, 5, 6, 9, 10, 11, 12, 13, 14, 15], 4=[2, 3, 4, 5, 6, 7, 9, 10, 11, 12, 13, 14, 15], 5=[2, 3, 4, 5, 6, 9, 10, 11, 12, 13, 14, 15], 6=[2, 3, 4, 5, 6, 7, 9, 10, 11, 12, 13, 14, 15], 7=[2, 3, 4, 5, 6, 7, 9, 10, 11, 12, 13, 14, 15], 9=[2, 3, 4, 5, 6, 9, 10, 11, 12, 13, 14, 15], 10=[2, 3, 4, 5, 6, 7, 9, 10, 11, 12, 13, 14, 15], 11=[2, 3, 4, 5, 6, 7, 9, 10, 11, 12, 13, 14, 15]}, sizeBytes=146375000, zipfileParams=Optional.of(ZipfileParams{downloadUrl=https://dl.google.com/android/voice/soda/en-US/v9054/soda-en-US-v9054.zip, hashValueSha1=C33E458399C8EAA5D61A509487A0E8A4BEB385CB}), readOnlyParams=Optional.absent()}
01-12 15:10:56.425 30262  4587 D WM-GreedyScheduler: Ignoring {WorkSpec: b7a0081b-94f4-4e19-a7f7-fbd68144c68b}. Requires ContentUri triggers.
01-12 15:10:56.425 30262  4587 D WM-GreedyScheduler: Ignoring {WorkSpec: 7915f741-b98c-4e8f-b489-aa682e016410}. Requires device idle.
01-12 15:10:56.425 30262  4587 D WM-GreedyScheduler: Ignoring {WorkSpec: 8a9b9b4e-db62-454a-8d17-314ae3ec39d8}. Requires device idle.
01-12 15:10:56.425 30262  4587 D WM-GreedyScheduler: Ignoring {WorkSpec: 751f4d32-41fd-4036-9d24-8f071bf096ef}. Requires device idle.
01-12 15:10:56.425 30262  4587 D WM-GreedyScheduler: Ignoring {WorkSpec: 158fd384-ff00-49ca-bdfc-a1f5b9ef23d7}. Requires ContentUri triggers.
01-12 15:10:56.451 30877 30918 I crno    : HotwordModel returned with path: /data/user/0/com.google.android.googlequicksearchbox/files/datadownload/shared/public/datadownloadfile_1739571325903
01-12 15:10:56.455 30877 30918 I crno    : Scraping model ID for model of size 65
01-12 15:10:56.455 30877 30918 I crno    : Scraped model ID: en_us_x_google_agsa__p20230814_bf_mcnn2x_9xKShxPZEvITBfBkAohoo_Q
01-12 15:10:56.459 30877 30901 I eglm    : Returning hotword model with ID: en_us_x_google_agsa__p20230814_bf_mcnn2x_9xKShxPZEvITBfBkAohoo_Q
01-12 15:10:56.505 30877 30918 I eggk    : [6f942] SRM initial state for hotword: 'COMPLETE'
01-12 15:10:56.507 30877 30911 I crno    : Getting hotwordModelConfig
01-12 15:10:56.508 16563 17784 I egha    : <<< [6f942] Reading SodaResourceManager message with initial resourceIds: 'RESOURCE_HOTWORD: COMPLETE.'
01-12 15:10:56.512 30877 30911 I crno    : MDD.refreshFileGroups(hotwordFileGroupPopulator)
01-12 15:10:56.513 30877 30911 I crna    : MDD.addFileGroup(hotword_en-US)
01-12 15:10:56.539 16548 16555 W System  : A resource failed to call AbstractCursor.close. 
01-12 15:10:56.539 16548 16555 W System  : A resource failed to call AbstractCursor.close. 
01-12 15:10:56.539 16548 16555 W System  : A resource failed to call AbstractCursor.close. 
01-12 15:10:56.539 16548 16555 W System  : A resource failed to call AbstractCursor.close. 
01-12 15:10:56.539 16548 16555 W System  : A resource failed to call AbstractCursor.close. 
01-12 15:10:56.539 16548 16555 W System  : A resource failed to call AbstractCursor.close. 
01-12 15:10:56.549 30877 30902 I crno    : MDD get/download hotword_en-US returned successful.
01-12 15:10:56.551 30877 30918 I ZipLPPopulator: Updated file group for group 'langpack-domain_en-US_9054_zipfile' from location: https://dl.google.com/android/voice/soda/en-US/v9054/soda-en-US-v9054.zip
01-12 15:10:56.552 30877 30903 I ZipLPPopulator: #addNewFileGroups complete
01-12 15:10:56.552 30877 30902 I crno    : MDD returned hotwordModelSpec Optional.of(# efkc@59423582
01-12 15:10:56.552 30877 30902 I crno    : 2: 2)
01-12 15:10:56.552 30877 30903 I ZipLPPopulator: MDD.getFileGroup(langpack-domain_en-US_9054_zipfile)
01-12 15:10:56.552 30877  4553 I crna    : MDD.addFileGroup(hotword_en-US) returned true
01-12 15:10:56.553 30877  4553 I crno    : MDD refresh completed.
01-12 15:10:56.554 30877 30911 I ZipfileLPSourceImpl: MDD.getFileGroup(langpack-domain_en-US_9054_zipfile) complete
01-12 15:10:56.554 30877 30911 I ZipfileLPSourceImpl: Found LanguagePack metadata file with path: /data/user/0/com.google.android.googlequicksearchbox/files/datadownload/shared/public/datadownloadfile_1739571325941/metadata
01-12 15:10:56.554 30877 30911 I ZipfileLPSourceImpl: Returning LanguagePack path for locale en_US, version 9054 from MDD with group name 'langpack-domain_en-US_9054_zipfile': '/data/user/0/com.google.android.googlequicksearchbox/files/datadownload/shared/public/datadownloadfile_1739571325941'
01-12 15:10:56.555 30877 30904 I eggk    : [6f942] Installed LanguagePacks: en-US_v9054
01-12 15:10:56.556 30877 30904 I eggk    : [6f942] Pending pack: en-US_v9054
01-12 15:10:56.556 30877 30918 I crno    : Trying to get latest model with timeout: 1000ms.
01-12 15:10:56.556 30877 30918 I crno    : Trying to get latest model bytes.
01-12 15:10:56.556 30877 30918 I crno    : Trying to get preloaded model for matching URL. (locale=en_US)
01-12 15:10:56.556 30877 30918 I crno    : Preloaded model not available. Attempting download.
01-12 15:10:56.556 30877 30918 I crno    : Trying to get latest MDD Model bytes.
01-12 15:10:56.557 30877 30918 I crno    : MDD.getFileGroup(hotword_en-US)
01-12 15:10:56.572 30877 30903 I crno    : MDD.downloadFileGroup(hotword_en-US)
01-12 15:10:56.577 30877 30895 I crno    : MDD get/download hotword_en-US returned successful.
01-12 15:10:56.577 30877 30895 I crno    : MDD returned hotwordModelSpec Optional.of(# efkc@59423582
01-12 15:10:56.577 30877 30895 I crno    : 2: 2)
01-12 15:10:56.581 16563 17784 I egha    : <<< [6f942] Reading SodaResourceManager message with updated resourceIds: [RESOURCE_LP, RESOURCE_CONTEXTUAL]. Total set: [RESOURCE_QUICK_PHRASES, RESOURCE_LP, RESOURCE_CONTEXTUAL]
01-12 15:10:56.581 16563 17784 I egha    : <<< [6f942] SodaResourceManager session emitted all requested resources: [RESOURCE_LP]. Ok to terminate.
01-12 15:10:56.583 30877 30903 I crno    : HotwordModel returned with path: /data/user/0/com.google.android.googlequicksearchbox/files/datadownload/shared/public/datadownloadfile_1739571325903
01-12 15:10:56.586 30877 30903 I crno    : Scraping model ID for model of size 65
01-12 15:10:56.586 30877 30903 I crno    : Scraped model ID: en_us_x_google_agsa__p20230814_bf_mcnn2x_9xKShxPZEvITBfBkAohoo_Q
01-12 15:10:56.587 30877 30902 I eglm    : Returning hotword model with ID: en_us_x_google_agsa__p20230814_bf_mcnn2x_9xKShxPZEvITBfBkAohoo_Q
01-12 15:10:56.604  1510  2195 D BackgroundInstallControlService: Package event received: 0
01-12 15:10:56.607  1510  3998 D ActivityManager: sync unfroze 31751 com.google.android.apps.tachyon for 6
01-12 15:10:56.626 30877 30915 I crno    : HotwordModel returned with path: /data/user/0/com.google.android.googlequicksearchbox/files/datadownload/shared/public/datadownloadfile_1739571325903
01-12 15:10:56.630 30877 30915 I crno    : Scraping model ID for model of size 65
01-12 15:10:56.630 30877 30915 I crno    : Scraped model ID: en_us_x_google_agsa__p20230814_bf_mcnn2x_9xKShxPZEvITBfBkAohoo_Q
01-12 15:10:56.632 30877 30902 I eglm    : Returning hotword model with ID: en_us_x_google_agsa__p20230814_bf_mcnn2x_9xKShxPZEvITBfBkAohoo_Q
01-12 15:10:56.641 31751 31751 D ActivityThread: Package [com.yazan.jetoverlay] reported as REPLACED, but missing application info. Assuming REMOVED.
01-12 15:10:56.641 16563 24746 I efsq    : appOpsListener android:record_audio com.google.android.apps.tachyon
01-12 15:10:56.642 16563 24746 I efsq    : Ignoring irrelevant audio permission changes for package com.google.android.apps.tachyon
01-12 15:10:56.643 31751 31751 D ActivityThread: Package [com.yazan.jetoverlay] reported as REPLACED, but missing application info. Assuming REMOVED.
01-12 15:10:56.661 30156 30156 D BoundBrokerSvc: onUnbind: Intent { act=com.google.android.gms.constellation.service.START xflg=0x4 pkg=com.google.android.gms }
01-12 15:10:56.669  2780  2780 D BoundBrokerSvc: onUnbind: Intent { act=com.google.android.gms.auth.aang.events.services.START dat=chimera-action:/... xflg=0x4 cmp=com.google.android.gms/.chimera.PersistentApiService }
01-12 15:10:56.671 30877 30917 I eggk    : [6f942] #getLatestServerTisidVoiceprint: en_US
01-12 15:10:56.671 30877 30917 I eggk    : [6f942] Server Tisid voiceprint queries skipped because ServerTisid-specific flag is disabled.
01-12 15:10:56.672 30877 30916 I crps    : #getTisidModel
01-12 15:10:56.673 30877 30916 I crps    : #getTdsidModel
01-12 15:10:56.673 30877 30916 I crps    : #initialize
01-12 15:10:56.675 28840 15700 W libbinder.Binder: Binder transaction to android.accounts.IAccountAuthenticator code 3 took 1501ms. Data bytes: 492 Reply bytes: 0 Flags: 17
01-12 15:10:56.688  1510  2195 D BackgroundInstallControlService: Package event received: 0
01-12 15:10:56.690  1510  2195 D BackgroundInstallControlService: Package event received: 0
01-12 15:10:56.691  1510  2195 D BackgroundInstallControlService: Package event received: 0
01-12 15:10:56.712 30156 30156 D BoundBrokerSvc: onUnbind: Intent { act=com.google.android.gms.mdisync.service.START dat=chimera-action:/... xflg=0x4 cmp=com.google.android.gms/.chimera.GmsApiService }
01-12 15:10:56.718 30877 30903 I crps    : #getTdsidModel
01-12 15:10:56.729 30156 30156 D BoundBrokerSvc: onUnbind: Intent { act=com.google.android.gms.auth.api.phone.service.SmsRetrieverApiService.START xflg=0x4 pkg=com.google.android.gms }
01-12 15:10:56.754 16563 17476 I egha    : <<< [6f942] Reading SodaResourceManager message with updated resourceIds: [RESOURCE_HOTWORD]. Total set: [RESOURCE_QUICK_PHRASES, RESOURCE_LP, RESOURCE_CONTEXTUAL, RESOURCE_HOTWORD]
01-12 15:10:56.754 30262 30328 I ShortcutBadger: Checking if platform supports badge counters, attempt 1/3.
01-12 15:10:56.754 16563 17476 I egha    : <<< [6f942] SodaResourceManager session emitted all requested resources: [RESOURCE_LP]. Ok to terminate.
01-12 15:10:56.758 30877 30895 I crps    : Didn't find an initialized EnrollmentManager. Updating config.
01-12 15:10:56.759 30877 30895 I A       : updateConfig: Hotword present: true, LP directory: /data/user/0/com.google.android.googlequicksearchbox/files/datadownload/shared/public/datadownloadfile_1739571325941
01-12 15:10:56.766 30262 30328 I ShortcutBadger: Checking if platform supports badge counters, attempt 2/3.
01-12 15:10:56.767 30877 30917 I native  : I0000 00:00:1768227056.767559   30917 enrollment_manager_impl.cc:455] UpdateConfigRequest with timeout: 0
01-12 15:10:56.778 30262 30328 I ShortcutBadger: Checking if platform supports badge counters, attempt 3/3.
01-12 15:10:56.779 28840 28846 E gcblocker: too long GC blocking: 5
01-12 15:10:56.779 28840 28846 E gcblocker: gc block end, 37922150,101
01-12 15:10:56.784 30262 30328 W ShortcutBadger: Badge counter seems not supported in this platform: unable to resolve intent: Intent { act=android.intent.action.BADGE_COUNT_UPDATE (has extras) }
01-12 15:10:56.790 30262 30328 I BugleDataModel: ConversationDatabaseOperationsImpl: Number of conversations refreshed. conversationIds{size:1}
01-12 15:10:56.796 30262 30328 I BugleRecipientSync: Updated contact data for 1 recipients matching contacts
01-12 15:10:56.796 30262 30328 I BugleRecipientSync: Cleared contact data for 0 recipients no longer matching any contacts
01-12 15:10:56.814 30262  4587 I WM-WorkerWrapper: Worker result SUCCESS for Work [ id=7b0acaf8-4b1f-4c6c-b0b4-9f4918225090, tags={ com.google.android.apps.messaging.shared.datamodel.workqueue.WorkQueueWorkerShim,contact_recipient_change_sync- } ]
01-12 15:10:56.818 30262 30262 D WM-Processor: rye 7b0acaf8-4b1f-4c6c-b0b4-9f4918225090 executed; reschedule = false
01-12 15:10:56.821 30262  4587 D WM-GreedyScheduler: Cancelling work ID 7b0acaf8-4b1f-4c6c-b0b4-9f4918225090
01-12 15:10:56.829 30262 30328 I ForwardSyncCache: reclaimMemory: Clearing caches
01-12 15:10:56.831 30262 30328 W Bugle   : TextClassifierLibManagerImpl: Reclaiming memory at level: 40
01-12 15:10:56.848 30262  4587 D WM-GreedyScheduler: Ignoring {WorkSpec: b7a0081b-94f4-4e19-a7f7-fbd68144c68b}. Requires ContentUri triggers.
01-12 15:10:56.848 30262  4587 D WM-GreedyScheduler: Ignoring {WorkSpec: 7915f741-b98c-4e8f-b489-aa682e016410}. Requires device idle.
01-12 15:10:56.848 30262  4587 D WM-GreedyScheduler: Ignoring {WorkSpec: 8a9b9b4e-db62-454a-8d17-314ae3ec39d8}. Requires device idle.
01-12 15:10:56.848 30262  4587 D WM-GreedyScheduler: Ignoring {WorkSpec: 751f4d32-41fd-4036-9d24-8f071bf096ef}. Requires device idle.
01-12 15:10:56.849 30262  4587 D WM-GreedyScheduler: Ignoring {WorkSpec: 158fd384-ff00-49ca-bdfc-a1f5b9ef23d7}. Requires ContentUri triggers.
01-12 15:10:56.877 30877  3232 E SpeechMicro: Hotword model is single-channel neuralnet.
01-12 15:10:56.881 30877  3232 I native  : I0000 00:00:1768227056.881464    3232 enrollment_manager_impl.cc:1324] A valid TD-SID creator already exists. No need to re-create.
01-12 15:10:56.887 30877  3232 I native  : I0000 00:00:1768227056.887338    3232 enrollment_manager_impl_utils.cc:81] Using standalone TI-SID pipeline config:/data/user/0/com.google.android.googlequicksearchbox/files/datadownload/shared/public/datadownloadfile_1739571325941/configs/ONDEVICE_LARGE_VOICE_MATCH.config
01-12 15:10:56.891 30877  3232 I native  : I0000 00:00:1768227056.891361    3232 enrollment_manager_impl.cc:1344] A valid TI-SID creator already exists. No need to re-create.
01-12 15:10:56.892 30877  3232 I native  : I0000 00:00:1768227056.892747    3232 enrollment_manager_impl_utils.cc:81] Using standalone TI-SID pipeline config:/data/user/0/com.google.android.googlequicksearchbox/files/datadownload/shared/public/datadownloadfile_1739571325941/configs/ONDEVICE_LARGE_VOICE_MATCH.config
01-12 15:10:56.892 30877  3232 I native  : I0000 00:00:1768227056.892891    3232 enrollment_manager_impl.cc:1067] Attempting to insert stored TD-SID profiles into config.
01-12 15:10:56.898 30877  3232 I native  : I0000 00:00:1768227056.898691    3232 enrollment_manager_impl.cc:1091] Found 1 speakers with existing TDSID models.
01-12 15:10:56.934 30877  3232 E SpeechMicro: Hotword model is single-channel neuralnet.
01-12 15:10:56.934 30877  3232 I native  : I0000 00:00:1768227056.934375    3232 enrollment_manager_impl.cc:1107] Found valid TDSID profile for user: 0
01-12 15:10:56.941 30877  3232 I native  : I0000 00:00:1768227056.940705    3232 enrollment_manager_impl.cc:1429] Retrieved stored TDSID models. Speakers requiring re-training:0
01-12 15:10:56.941 30877  3232 I native  : I0000 00:00:1768227056.941303    3232 enrollment_manager_impl.cc:1140] Attempting to insert stored TI-SID profiles into config.
01-12 15:10:56.941 30877  3232 E native  : E0000 00:00:1768227056.941568    3232 enrollment_storage.cc:177] Failed to read model:NOT_FOUND: Speaker does not have TISID model [type.googleapis.com/speech.soda.speaker_id.ReadModelStatus='\x08\x12']
01-12 15:10:56.941 30877  3232 E native  : === Source Location Trace: ===
01-12 15:10:56.941 30877  3232 E native  : speech/soda/speaker_id/enrollment/enrollment_storage.cc:228
01-12 15:10:56.941 30877  3232 I native  : I0000 00:00:1768227056.941632    3232 enrollment_manager_impl.cc:1165] Found 0 speakers with existing TI-SID models.
01-12 15:10:56.942 30877  3232 W native  : W0000 00:00:1768227056.942209    3232 enrollment_manager_impl.cc:1197] No valid TI-SID models found.
01-12 15:10:56.942 30877  3232 I native  : I0000 00:00:1768227056.942255    3232 enrollment_manager_impl.cc:1442] Retrieved stored TISID models. Speakers requiring re-training:0
01-12 15:10:56.942 30877  3232 E native  : E0000 00:00:1768227056.942419    3232 enrollment_storage.cc:177] Failed to read model:NOT_FOUND: Speaker does not have Server TISID voiceprint [type.googleapis.com/speech.soda.speaker_id.ReadModelStatus='\x08\x14']
01-12 15:10:56.942 30877  3232 E native  : === Source Location Trace: ===
01-12 15:10:56.942 30877  3232 E native  : speech/soda/speaker_id/enrollment/enrollment_storage.cc:228
01-12 15:10:56.942 30877  3232 I native  : I0000 00:00:1768227056.942455    3232 enrollment_manager_impl.cc:1452] Retrieved Server TISID models. 
01-12 15:10:56.945 30877  3232 I native  : I0000 00:00:1768227056.945820    3232 enrollment_manager_impl.cc:468] Invoking listeners with updated speaker profiles.
01-12 15:10:56.946 30877 30916 I A       : handleResponse for  0 user(s)
01-12 15:10:56.946 30877 30916 I A       : Found SodaVmmmClassicWriter. Preparing to propagate model update for status: # fmbh@e014548d
01-12 15:10:56.947 30877 30916 I A       : Skipping model update propagation to SodaVmmmClassicWriter since speaker model did not change.
01-12 15:10:56.947 30877 30916 I A       : #handleModelUpdate
01-12 15:10:56.947 30877 30916 I A       : # of TDSID models received: 1
01-12 15:10:56.947 30877 30916 I A       : Size of TI-SID model bytestring received: 0
01-12 15:10:56.947 30877 30916 I A       : # of Server TI-SID voiceprints received: 0
01-12 15:10:56.948 30877 30916 I A       : getTextIndependentSpeakerIdModels
01-12 15:10:56.948 30877 30916 I crps    : #initialize
01-12 15:10:56.964 30877 30902 I crps    : Already has an initialized EnrollmentManager.
01-12 15:10:56.965 30877 30904 I A       : getHotwordSpeakerIdModels
01-12 15:10:56.965 30877 30904 I crps    : Returning SpeakerIdModel: 102 bytes
01-12 15:10:56.965 30877 30904 I crps    : #initialize
01-12 15:10:56.970 30877 30917 I crps    : #getTdsidModel
01-12 15:10:56.983 16563 17476 I egha    : <<< [6f942] Reading SodaResourceManager message with updated resourceIds: [RESOURCE_TISID, RESOURCE_PERSONALIZED_ASR]. Total set: [RESOURCE_QUICK_PHRASES, RESOURCE_LP, RESOURCE_CONTEXTUAL, RESOURCE_HOTWORD, RESOURCE_TISID, RESOURCE_PERSONALIZED_ASR]
01-12 15:10:56.984 16563 17476 I egha    : <<< [6f942] SodaResourceManager session emitted all requested resources: [RESOURCE_LP]. Ok to terminate.
01-12 15:10:57.015 30877 30901 I crps    : Didn't find an initialized EnrollmentManager. Updating config.
01-12 15:10:57.016 30877 30901 I A       : updateConfig: Hotword present: true, LP directory: 
01-12 15:10:57.024 30877 30917 I native  : I0000 00:00:1768227057.023975   30917 enrollment_manager_impl.cc:455] UpdateConfigRequest with timeout: 0
01-12 15:10:57.039  2780  2780 D BoundBrokerSvc: onRebind: Intent { act=com.google.android.gms.auth.aang.events.services.START dat=chimera-action:/... xflg=0x4 cmp=com.google.android.gms/.chimera.PersistentApiService }
01-12 15:10:57.056  2780  4522 I NetworkScheduler.Stats: (REDACTED) Task %s/%s started execution. cause:%s exec_start_elapsed_seconds: %s
01-12 15:10:57.061  2780  4194 I NetworkScheduler.Stats: (REDACTED) Task %s/%s finished executing. cause:%s result: %s elapsed_millis: %s uptime_millis: %s exec_start_elapsed_seconds: %s
01-12 15:10:57.064 30042 30611 I BatteryEventDispatcherImpl: [_waitingForDispatchEvent] processing BatteryEventDispatcherImpl$DispatchEvent$OnPollTimeout
01-12 15:10:57.070  1510  2195 D BackgroundInstallControlService: Package event received: 0
01-12 15:10:57.080 30877  3232 E SpeechMicro: Hotword model is single-channel neuralnet.
01-12 15:10:57.083 30877  3232 I native  : I0000 00:00:1768227057.083317    3232 enrollment_manager_impl.cc:1324] A valid TD-SID creator already exists. No need to re-create.
01-12 15:10:57.083 30877  3232 W native  : W0000 00:00:1768227057.083421    3232 language_pack_utils.cc:222] Neither language pack directory nor config file path is set.
01-12 15:10:57.083 30877  3232 W native  : W0000 00:00:1768227057.083455    3232 enrollment_manager_impl_utils.cc:85] No standalone TI-SID pipeline config found:INVALID_ARGUMENT: Could not determine LP directory.
01-12 15:10:57.083 30877  3232 W native  : === Source Location Trace: ===
01-12 15:10:57.083 30877  3232 W native  : speech/soda/utils/language_pack_utils.cc:391
01-12 15:10:57.083 30877  3232 W native  : W0000 00:00:1768227057.083503    3232 enrollment_manager_impl.cc:1341] Could not determine TI-SID version:INVALID_ARGUMENT: No provided LP directory.
01-12 15:10:57.083 30877  3232 W native  : === Source Location Trace: ===
01-12 15:10:57.083 30877  3232 W native  : speech/soda/utils/language_pack_utils.cc:310
01-12 15:10:57.083 30877  3232 W native  : speech/soda/speaker_id/enrollment/enrollment_manager_impl_utils.cc:98
01-12 15:10:57.083 30877  3232 W native  : W0000 00:00:1768227057.083539    3232 language_pack_utils.cc:222] Neither language pack directory nor config file path is set.
01-12 15:10:57.083 30877  3232 W native  : W0000 00:00:1768227057.083565    3232 enrollment_manager_impl_utils.cc:85] No standalone TI-SID pipeline config found:INVALID_ARGUMENT: Could not determine LP directory.
01-12 15:10:57.083 30877  3232 W native  : === Source Location Trace: ===
01-12 15:10:57.083 30877  3232 W native  : speech/soda/utils/language_pack_utils.cc:391
01-12 15:10:57.083 30877  3232 W native  : W0000 00:00:1768227057.083597    3232 enrollment_manager_impl.cc:1360] Unable to select ASR config path: INVALID_ARGUMENT: No provided LP directory.
01-12 15:10:57.083 30877  3232 W native  : === Source Location Trace: ===
01-12 15:10:57.083 30877  3232 W native  : speech/soda/utils/language_pack_utils.cc:310
01-12 15:10:57.083 30877  3232 I native  : I0000 00:00:1768227057.083654    3232 enrollment_manager_impl.cc:1067] Attempting to insert stored TD-SID profiles into config.
01-12 15:10:57.084 30877  3232 I native  : I0000 00:00:1768227057.084727    3232 enrollment_manager_impl.cc:1091] Found 1 speakers with existing TDSID models.
01-12 15:10:57.094  2780  3263 I NetworkScheduler.Stats: (REDACTED) Task %s/%s started execution. cause:%s exec_start_elapsed_seconds: %s
01-12 15:10:57.099   528   528 D SurfaceFlinger: setDesiredMode 4619827677550801153 {mode={fps=120.00 Hz, modePtr={id=1, vsyncRate=120.00 Hz, peakRefreshRate=120.00 Hz}}, emitEvent=false, force=false}
01-12 15:10:57.100   528   528 D SurfaceFlinger: initiateModeChange 4619827677550801153 {mode={fps=120.00 Hz, modePtr={id=1, vsyncRate=120.00 Hz, peakRefreshRate=120.00 Hz}}, emitEvent=false, force=false}
01-12 15:10:57.103  1510  1583 I DisplayDeviceRepository: Display device changed render timings: "Outer Display", renderFrameRate=120.00001, presentationDeadlineNanos=11500000, appVsyncOffsetNanos=6233332, frameRateOverrides=[]
01-12 15:10:57.108  1510  1581 D WindowManager: DeferredDisplayUpdater: partially applying DisplayInfo(1080 x 2424) immediately
01-12 15:10:57.119   531   531 D hwc-display: setActiveConfigWithConstraints:: SecondaryDisplay config(3) test(0)
01-12 15:10:57.119  1012  2017 D DeviceHalAidl: [default] setParameters: parameters: "screen_state=on"
01-12 15:10:57.119   531   531 I hwc-display: [SecondaryDisplay] OperationRateManager::updateOperationRateLocked:Target@120(desired:120) | Refresh@120(peak:120), Battery:OK, DBV:2245(NsMin:0, HsSwitchMin:0)
01-12 15:10:57.119   531   531 I hwc-display: [SecondaryDisplay] setActiveConfigWithConstraints: config(3)
01-12 15:10:57.119   941  1069 D ASvc::Module: updateScreenState: 1
01-12 15:10:57.120  1012  2017 D DeviceHalAidl: [r_submix] setParameters: parameters: "screen_state=on"
01-12 15:10:57.120   941  1069 D AHAL_Module: updateScreenState: r_submix: 1
01-12 15:10:57.120  1012  2017 D DeviceHalAidl: [bluetooth] setParameters: parameters: "screen_state=on"
01-12 15:10:57.120   941  1069 D AHAL_Module: updateScreenState: bluetooth: 1
01-12 15:10:57.133 30877  3232 E SpeechMicro: Hotword model is single-channel neuralnet.
01-12 15:10:57.134 30877  3232 I native  : I0000 00:00:1768227057.133769    3232 enrollment_manager_impl.cc:1107] Found valid TDSID profile for user: 0
01-12 15:10:57.135 30877  3232 I native  : I0000 00:00:1768227057.135374    3232 enrollment_manager_impl.cc:1429] Retrieved stored TDSID models. Speakers requiring re-training:0
01-12 15:10:57.135 30877  3232 I native  : I0000 00:00:1768227057.135453    3232 enrollment_manager_impl.cc:1140] Attempting to insert stored TI-SID profiles into config.
01-12 15:10:57.135 30877  3232 E native  : E0000 00:00:1768227057.135647    3232 enrollment_storage.cc:177] Failed to read model:NOT_FOUND: Speaker does not have TISID model [type.googleapis.com/speech.soda.speaker_id.ReadModelStatus='\x08\x12']
01-12 15:10:57.135 30877  3232 E native  : === Source Location Trace: ===
01-12 15:10:57.135 30877  3232 E native  : speech/soda/speaker_id/enrollment/enrollment_storage.cc:228
01-12 15:10:57.135 30877  3232 I native  : I0000 00:00:1768227057.135706    3232 enrollment_manager_impl.cc:1165] Found 0 speakers with existing TI-SID models.
01-12 15:10:57.136 30877  3232 W native  : W0000 00:00:1768227057.136642    3232 enrollment_manager_impl.cc:1197] No valid TI-SID models found.
01-12 15:10:57.136 30877  3232 I native  : I0000 00:00:1768227057.136703    3232 enrollment_manager_impl.cc:1442] Retrieved stored TISID models. Speakers requiring re-training:0
01-12 15:10:57.136 30877  3232 E native  : E0000 00:00:1768227057.136903    3232 enrollment_storage.cc:177] Failed to read model:NOT_FOUND: Speaker does not have Server TISID voiceprint [type.googleapis.com/speech.soda.speaker_id.ReadModelStatus='\x08\x14']
01-12 15:10:57.136 30877  3232 E native  : === Source Location Trace: ===
01-12 15:10:57.136 30877  3232 E native  : speech/soda/speaker_id/enrollment/enrollment_storage.cc:228
01-12 15:10:57.136 30877  3232 I native  : I0000 00:00:1768227057.136942    3232 enrollment_manager_impl.cc:1452] Retrieved Server TISID models. 
01-12 15:10:57.138  1234  1234 D AOC     : A3:MSG: tmd3733_device.cc, 3186: USF: TMD3733: vsync_delay_usec: 4800
01-12 15:10:57.141 30877 30917 I A       : handleResponse for  0 user(s)
01-12 15:10:57.142 30877 30917 I A       : Found SodaVmmmClassicWriter. Preparing to propagate model update for status: # fmbh@e014548d
01-12 15:10:57.142 30877 30917 I A       : Skipping model update propagation to SodaVmmmClassicWriter since speaker model did not change.
01-12 15:10:57.144 30877  3232 I native  : I0000 00:00:1768227057.144439    3232 enrollment_manager_impl.cc:468] Invoking listeners with updated speaker profiles.
01-12 15:10:57.145 30877 30917 I A       : #handleModelUpdate
01-12 15:10:57.145 30877 30917 I A       : # of TDSID models received: 1
01-12 15:10:57.145 30877 30917 I A       : Size of TI-SID model bytestring received: 0
01-12 15:10:57.145 30877 30917 I A       : # of Server TI-SID voiceprints received: 0
01-12 15:10:57.145 30877 30917 I A       : getHotwordSpeakerIdModels
01-12 15:10:57.145 30877 30917 I crps    : Returning SpeakerIdModel: 102 bytes
01-12 15:10:57.146 30877 30903 I crps    : #initialize
01-12 15:10:57.146 30877 30917 I eggk    : [6f942] SRM initial state for TD-SID: 'COMPLETE'
01-12 15:10:57.149 16563 17784 I egha    : <<< [6f942] Reading SodaResourceManager message with initial resourceIds: 'RESOURCE_TDSID: COMPLETE.'
01-12 15:10:57.149 16563 17784 I egha    : <<< [6f942] SodaResourceManager session emitted all requested resources: [RESOURCE_LP]. Ok to terminate.
01-12 15:10:57.150 16563 17476 I egha    : <<< [6f942] Reading SodaResourceManager message with initial resourceIds: 'RESOURCE_PERSONALIZED_ASR: UNSUPPORTED_RESOURCE.'
01-12 15:10:57.150 16563 17476 I egha    : <<< [6f942] SodaResourceManager session emitted all requested resources: [RESOURCE_LP]. Ok to terminate.
01-12 15:10:57.151 16563 17876 I egha    : <<< [6f942] Reading SodaResourceManager message with initial resourceIds: 'RESOURCE_LP: LEGACY_UNKNOWN.'
01-12 15:10:57.151 16563 17876 I egha    : <<< [6f942] SodaResourceManager session emitted all requested resources: [RESOURCE_LP]. Ok to terminate.
01-12 15:10:57.151 16563 17876 I egha    : <<< [6f942] Reading SodaResourceManager message with initial resourceIds: 'RESOURCE_QUICK_PHRASES: LEGACY_UNKNOWN.'
01-12 15:10:57.151 16563 17876 I egha    : <<< [6f942] SodaResourceManager session emitted all requested resources: [RESOURCE_LP]. Ok to terminate.
01-12 15:10:57.174 30877 30902 I crps    : Didn't find an initialized EnrollmentManager. Updating config.
01-12 15:10:57.175 30877 30902 I A       : updateConfig: Hotword present: true, LP directory: /data/user/0/com.google.android.googlequicksearchbox/files/datadownload/shared/public/datadownloadfile_1739571325941
01-12 15:10:57.182 31751 31762 W id.apps.tachyon: Suspending all threads took: 59.604ms
01-12 15:10:57.198 30877 30904 I native  : I0000 00:00:1768227057.198815   30904 enrollment_manager_impl.cc:455] UpdateConfigRequest with timeout: 0
01-12 15:10:57.209 30847 30851 W d.process.acore: Cleared Reference was only reachable from finalizer (only reported once)
01-12 15:10:57.215 31751 31762 W id.apps.tachyon: userfaultfd: MOVE ioctl seems unsupported: Connection timed out
01-12 15:10:57.260  1510  2672 W ActivityManager: Unable to start service Intent { act=com.google.android.gms.lockbox.service.START xflg=0x4 pkg=com.google.android.gms } U=0: not found
01-12 15:10:57.261  1510  3183 W ActivityManager: Unbind failed: could not find connection for android.os.BinderProxy@fffb1cf
01-12 15:10:57.262 30156 30409 W GmsClient: unable to connect to service: com.google.android.gms.lockbox.service.START on com.google.android.gms
01-12 15:10:57.266 30877  3232 E SpeechMicro: Hotword model is single-channel neuralnet.
01-12 15:10:57.271 30877  3232 I native  : I0000 00:00:1768227057.271864    3232 enrollment_manager_impl.cc:1324] A valid TD-SID creator already exists. No need to re-create.
01-12 15:10:57.272 30877  3232 I native  : I0000 00:00:1768227057.272380    3232 enrollment_manager_impl_utils.cc:81] Using standalone TI-SID pipeline config:/data/user/0/com.google.android.googlequicksearchbox/files/datadownload/shared/public/datadownloadfile_1739571325941/configs/ONDEVICE_LARGE_VOICE_MATCH.config
01-12 15:10:57.273 30877  3232 I native  : I0000 00:00:1768227057.273026    3232 enrollment_manager_impl.cc:1344] A valid TI-SID creator already exists. No need to re-create.
01-12 15:10:57.273 30877  3232 I native  : I0000 00:00:1768227057.273232    3232 enrollment_manager_impl_utils.cc:81] Using standalone TI-SID pipeline config:/data/user/0/com.google.android.googlequicksearchbox/files/datadownload/shared/public/datadownloadfile_1739571325941/configs/ONDEVICE_LARGE_VOICE_MATCH.config
01-12 15:10:57.273 30877  3232 I native  : I0000 00:00:1768227057.273309    3232 enrollment_manager_impl.cc:1067] Attempting to insert stored TD-SID profiles into config.
01-12 15:10:57.273 30877  3232 I native  : I0000 00:00:1768227057.273591    3232 enrollment_manager_impl.cc:1091] Found 1 speakers with existing TDSID models.
01-12 15:10:57.273  1510  2195 D BackgroundInstallControlService: Package event received: 0
01-12 15:10:57.298 30156 30156 D BoundBrokerSvc: onBind: Intent { act=com.google.android.gms.people.contactssync.service.START dat=chimera-action:/... xflg=0x4 cmp=com.google.android.gms/.chimera.GmsBoundBrokerService }
01-12 15:10:57.298 30156 30156 D BoundBrokerSvc: Loading bound service for intent: Intent { act=com.google.android.gms.people.contactssync.service.START dat=chimera-action:/... xflg=0x4 cmp=com.google.android.gms/.chimera.GmsBoundBrokerService }
01-12 15:10:57.299  1510  3183 W ActivityManager: Unable to start service Intent { act=com.google.android.gms.lockbox.service.START xflg=0x4 pkg=com.google.android.gms } U=0: not found
01-12 15:10:57.300  1510  3183 W ActivityManager: Unbind failed: could not find connection for android.os.BinderProxy@cc67878
01-12 15:10:57.300 30156 30409 W GmsClient: unable to connect to service: com.google.android.gms.lockbox.service.START on com.google.android.gms
01-12 15:10:57.304 30877  3232 E SpeechMicro: Hotword model is single-channel neuralnet.
01-12 15:10:57.304 30877  3232 I native  : I0000 00:00:1768227057.304786    3232 enrollment_manager_impl.cc:1107] Found valid TDSID profile for user: 0
01-12 15:10:57.306 30877  3232 I native  : I0000 00:00:1768227057.305979    3232 enrollment_manager_impl.cc:1429] Retrieved stored TDSID models. Speakers requiring re-training:0
01-12 15:10:57.306 30877  3232 I native  : I0000 00:00:1768227057.306053    3232 enrollment_manager_impl.cc:1140] Attempting to insert stored TI-SID profiles into config.
01-12 15:10:57.306 30877  3232 E native  : E0000 00:00:1768227057.306251    3232 enrollment_storage.cc:177] Failed to read model:NOT_FOUND: Speaker does not have TISID model [type.googleapis.com/speech.soda.speaker_id.ReadModelStatus='\x08\x12']
01-12 15:10:57.306 30877  3232 E native  : === Source Location Trace: ===
01-12 15:10:57.306 30877  3232 E native  : speech/soda/speaker_id/enrollment/enrollment_storage.cc:228
01-12 15:10:57.306 30877  3232 I native  : I0000 00:00:1768227057.306312    3232 enrollment_manager_impl.cc:1165] Found 0 speakers with existing TI-SID models.
01-12 15:10:57.307 30877  3232 W native  : W0000 00:00:1768227057.307325    3232 enrollment_manager_impl.cc:1197] No valid TI-SID models found.
01-12 15:10:57.307 30877  3232 I native  : I0000 00:00:1768227057.307393    3232 enrollment_manager_impl.cc:1442] Retrieved stored TISID models. Speakers requiring re-training:0
01-12 15:10:57.307 30877  3232 E native  : E0000 00:00:1768227057.307588    3232 enrollment_storage.cc:177] Failed to read model:NOT_FOUND: Speaker does not have Server TISID voiceprint [type.googleapis.com/speech.soda.speaker_id.ReadModelStatus='\x08\x14']
01-12 15:10:57.307 30877  3232 E native  : === Source Location Trace: ===
01-12 15:10:57.307 30877  3232 E native  : speech/soda/speaker_id/enrollment/enrollment_storage.cc:228
01-12 15:10:57.307 30877  3232 I native  : I0000 00:00:1768227057.307634    3232 enrollment_manager_impl.cc:1452] Retrieved Server TISID models. 
01-12 15:10:57.314 30877  3232 I native  : I0000 00:00:1768227057.314685    3232 enrollment_manager_impl.cc:468] Invoking listeners with updated speaker profiles.
01-12 15:10:57.315 30877 30904 I A       : handleResponse for  0 user(s)
01-12 15:10:57.315 30877 30904 I A       : Found SodaVmmmClassicWriter. Preparing to propagate model update for status: # fmbh@e014548d
01-12 15:10:57.315 30877 30904 I A       : Skipping model update propagation to SodaVmmmClassicWriter since speaker model did not change.
01-12 15:10:57.315 30877 30904 I A       : getHotwordSpeakerIdModels
01-12 15:10:57.315 30877 30904 I crps    : Returning SpeakerIdModel: 102 bytes
01-12 15:10:57.316 30877 30904 I egdv    : [6f942] Writing SpeakerId model with size 102
01-12 15:10:57.317 30877 30904 I crps    : #getTdsidModel
01-12 15:10:57.317 30877 30904 I crps    : #initialize
01-12 15:10:57.319 30877 30917 I A       : #handleModelUpdate
01-12 15:10:57.319 30877 30917 I A       : # of TDSID models received: 1
01-12 15:10:57.319 30877 30917 I A       : Size of TI-SID model bytestring received: 0
01-12 15:10:57.319 30877 30917 I A       : # of Server TI-SID voiceprints received: 0
01-12 15:10:57.321 30156 30409 I PeopleChimeraService: onService. callbacks = cpif@b890eca, request = com.google.android.gms.common.internal.GetServiceRequest@619083b
01-12 15:10:57.321 30877 30902 I crps    : Didn't find an initialized EnrollmentManager. Updating config.
01-12 15:10:57.324 30877 30902 I A       : updateConfig: Hotword present: true, LP directory: /data/user/0/com.google.android.googlequicksearchbox/files/datadownload/shared/public/datadownloadfile_1739571325941
01-12 15:10:57.335 30877 30917 I native  : I0000 00:00:1768227057.334742   30917 enrollment_manager_impl.cc:455] UpdateConfigRequest with timeout: 0
01-12 15:10:57.336 30156 31251 I DCU_RequestGen: No deleted contacts found for upload. [CONTEXT service_id=135 ]
01-12 15:10:57.353 16563 17784 I egha    : <<< [6f942] Reading SodaResourceManager message with updated resourceIds: [RESOURCE_TDSID]. Total set: [RESOURCE_QUICK_PHRASES, RESOURCE_LP, RESOURCE_CONTEXTUAL, RESOURCE_HOTWORD, RESOURCE_TISID, RESOURCE_PERSONALIZED_ASR, RESOURCE_TDSID]
01-12 15:10:57.354 16563 17784 I egha    : <<< [6f942] SodaResourceManager session emitted all requested resources: [RESOURCE_LP]. Ok to terminate.
01-12 15:10:57.409 30877  3232 E SpeechMicro: Hotword model is single-channel neuralnet.
01-12 15:10:57.421 30877  3232 I native  : I0000 00:00:1768227057.421635    3232 enrollment_manager_impl.cc:1324] A valid TD-SID creator already exists. No need to re-create.
01-12 15:10:57.422 30877  3232 I native  : I0000 00:00:1768227057.422054    3232 enrollment_manager_impl_utils.cc:81] Using standalone TI-SID pipeline config:/data/user/0/com.google.android.googlequicksearchbox/files/datadownload/shared/public/datadownloadfile_1739571325941/configs/ONDEVICE_LARGE_VOICE_MATCH.config
01-12 15:10:57.422 30877  3232 I native  : I0000 00:00:1768227057.422708    3232 enrollment_manager_impl.cc:1344] A valid TI-SID creator already exists. No need to re-create.
01-12 15:10:57.422 30877  3232 I native  : I0000 00:00:1768227057.422881    3232 enrollment_manager_impl_utils.cc:81] Using standalone TI-SID pipeline config:/data/user/0/com.google.android.googlequicksearchbox/files/datadownload/shared/public/datadownloadfile_1739571325941/configs/ONDEVICE_LARGE_VOICE_MATCH.config
01-12 15:10:57.422 30877  3232 I native  : I0000 00:00:1768227057.422972    3232 enrollment_manager_impl.cc:1067] Attempting to insert stored TD-SID profiles into config.
01-12 15:10:57.423 30877  3232 I native  : I0000 00:00:1768227057.423238    3232 enrollment_manager_impl.cc:1091] Found 1 speakers with existing TDSID models.
01-12 15:10:57.435 30877 30904 I egdv    : [6f942] All resources wrote to PDS and notified client.
01-12 15:10:57.435 30877 30904 I egdv    : [6f942] hotwordLatency: 0, tdsidLatency: 0, All resources latency: 0
01-12 15:10:57.436 30877 30895 I eghn    : [6f942] Returning ResourceResponse.
01-12 15:10:57.438 16563 17784 I egha    : [6f942] SRM session terminated after all resources accounted for: [RESOURCE_LP].
01-12 15:10:57.446 16563 17007 I efol    : #updateSodaResourcesWithoutReload
01-12 15:10:57.446 16563 17785 I efol    : #updateSodaResourcesWithoutReload inside sequencer
01-12 15:10:57.448 16563 17054 I efol    : #checkAsrCompatibility inside sequencer
01-12 15:10:57.448 16563 17054 I efol    : #checkAsrCompatibility initializing Soda. Locale: en-US. Expected LP version: 9054
01-12 15:10:57.448 16563 17054 I efol    : Soda cache directory: /data/user/0/com.google.android.googlequicksearchbox/files/accounts/3/soda/
01-12 15:10:57.448 16563 17054 I efol    : Hotmatch disabled: flag not enabled
01-12 15:10:57.448 16563 17054 I egbs    : SODA instance exists and matches params. Updating callbacks and returning preloaded instance.
01-12 15:10:57.449 16563 17054 I efol    : #checkAsrCompatibility successful!
01-12 15:10:57.449 16563 17007 I efpk    : Compatcheck success for background update.
01-12 15:10:57.449 16563 17007 I efol    : #backgroundUpdate
01-12 15:10:57.449 16563 17007 I efol    : #backgroundUpdate inside sequencer
01-12 15:10:57.450 16563 17007 I efol    : #backgroundUpdate using the existing ASR soda instance.
01-12 15:10:57.457 16563 17007 I native  : I0000 00:00:1768227057.457269   17007 context-module-impl.cc:801] Update context input. (Proto:MessageLite at 0xb400006f48c241b0)
01-12 15:10:57.462 30877  3232 E SpeechMicro: Hotword model is single-channel neuralnet.
01-12 15:10:57.462 30877  3232 I native  : I0000 00:00:1768227057.462652    3232 enrollment_manager_impl.cc:1107] Found valid TDSID profile for user: 0
01-12 15:10:57.463 30877  3232 I native  : I0000 00:00:1768227057.463847    3232 enrollment_manager_impl.cc:1429] Retrieved stored TDSID models. Speakers requiring re-training:0
01-12 15:10:57.463 30877  3232 I native  : I0000 00:00:1768227057.463922    3232 enrollment_manager_impl.cc:1140] Attempting to insert stored TI-SID profiles into config.
01-12 15:10:57.464 16563 17007 I native  : I0000 00:00:1768227057.463962   17007 context-module-impl.cc:808] Update context input for public scope. (Proto:MessageLite at 0xb400006f48c241b0)
01-12 15:10:57.464 30877  3232 E native  : E0000 00:00:1768227057.464180    3232 enrollment_storage.cc:177] Failed to read model:NOT_FOUND: Speaker does not have TISID model [type.googleapis.com/speech.soda.speaker_id.ReadModelStatus='\x08\x12']
01-12 15:10:57.464 30877  3232 E native  : === Source Location Trace: ===
01-12 15:10:57.464 30877  3232 E native  : speech/soda/speaker_id/enrollment/enrollment_storage.cc:228
01-12 15:10:57.464 30877  3232 I native  : I0000 00:00:1768227057.464238    3232 enrollment_manager_impl.cc:1165] Found 0 speakers with existing TI-SID models.
01-12 15:10:57.465 30877  3232 W native  : W0000 00:00:1768227057.464988    3232 enrollment_manager_impl.cc:1197] No valid TI-SID models found.
01-12 15:10:57.465 30877  3232 I native  : I0000 00:00:1768227057.465034    3232 enrollment_manager_impl.cc:1442] Retrieved stored TISID models. Speakers requiring re-training:0
01-12 15:10:57.465 30877  3232 E native  : E0000 00:00:1768227057.465211    3232 enrollment_storage.cc:177] Failed to read model:NOT_FOUND: Speaker does not have Server TISID voiceprint [type.googleapis.com/speech.soda.speaker_id.ReadModelStatus='\x08\x14']
01-12 15:10:57.465 30877  3232 E native  : === Source Location Trace: ===
01-12 15:10:57.465 30877  3232 E native  : speech/soda/speaker_id/enrollment/enrollment_storage.cc:228
01-12 15:10:57.465 30877  3232 I native  : I0000 00:00:1768227057.465251    3232 enrollment_manager_impl.cc:1452] Retrieved Server TISID models. 
01-12 15:10:57.465 16563 17007 I efpk    : #backgroundBiasingUpdate succeeded.
01-12 15:10:57.466 16563 17805 I dvdl    : SODA speech biasing context update for # dmog@8b56d20e is complete. SessionToken: TNG:MA-SBCP@feb7d3037609029c; RequestId: 53; SpeakerId: 0
01-12 15:10:57.467 16563 17805 I dvcw    : Successfully scheduled context update for key: asst.communication.top_contact for SessionToken: TNG:MA-SBCP@feb7d3037609029c; RequestId: 53; SpeakerId: 0.
01-12 15:10:57.467 16563 17007 I ebax    : AppFlow SODA_ASR_FRONTEND_BACKGROUND_BIASING is about to be transmitted
01-12 15:10:57.468 16563 17876 I arrk    : #getOobeStatus: OptedIn [CONTEXT ratelimit_period="10 SECONDS" skipped=1 ]
01-12 15:10:57.469  2378  4585 E BluetoothPbapUtils: Null contact in the updateList: 2587
01-12 15:10:57.469 16563 17007 I ebax    : AppFlow SBCP_BACKGROUND_CONTEXT_UPDATE is about to be transmitted
01-12 15:10:57.470 30877 30917 I A       : handleResponse for  0 user(s)
01-12 15:10:57.471 30877 30917 I A       : Found SodaVmmmClassicWriter. Preparing to propagate model update for status: # fmbh@e014548d
01-12 15:10:57.471 30877  3232 I native  : I0000 00:00:1768227057.471023    3232 enrollment_manager_impl.cc:468] Invoking listeners with updated speaker profiles.
01-12 15:10:57.471 30877 30917 I A       : Skipping model update propagation to SodaVmmmClassicWriter since speaker model did not change.
01-12 15:10:57.471 30877 30917 I A       : #handleModelUpdate
01-12 15:10:57.471 30877 30917 I A       : # of TDSID models received: 1
01-12 15:10:57.471 30877 30917 I A       : Size of TI-SID model bytestring received: 0
01-12 15:10:57.471 30877 30917 I A       : # of Server TI-SID voiceprints received: 0
01-12 15:10:57.471 30877 30917 I A       : getHotwordSpeakerIdModels
01-12 15:10:57.471 30877 30917 I crps    : Returning SpeakerIdModel: 102 bytes
01-12 15:10:57.473 30877 30918 I crps    : #getTdsidModel
01-12 15:10:57.473 30877 30918 I crps    : #initialize
01-12 15:10:57.480 30877 30895 I crps    : Didn't find an initialized EnrollmentManager. Updating config.
01-12 15:10:57.480 30877 30895 I A       : updateConfig: Hotword present: true, LP directory: /data/user/0/com.google.android.googlequicksearchbox/files/datadownload/shared/public/datadownloadfile_1739571325941
01-12 15:10:57.485 30877 30916 I native  : I0000 00:00:1768227057.485082   30916 enrollment_manager_impl.cc:455] UpdateConfigRequest with timeout: 0
01-12 15:10:57.514  1510  2195 D BackgroundInstallControlService: Package event received: 0
01-12 15:10:57.522 30877  3232 E SpeechMicro: Hotword model is single-channel neuralnet.
01-12 15:10:57.526  1510  2195 D BackgroundInstallControlService: Package event received: 0
01-12 15:10:57.528 30877  3232 I native  : I0000 00:00:1768227057.528674    3232 enrollment_manager_impl.cc:1324] A valid TD-SID creator already exists. No need to re-create.
01-12 15:10:57.529 30877  3232 I native  : I0000 00:00:1768227057.529215    3232 enrollment_manager_impl_utils.cc:81] Using standalone TI-SID pipeline config:/data/user/0/com.google.android.googlequicksearchbox/files/datadownload/shared/public/datadownloadfile_1739571325941/configs/ONDEVICE_LARGE_VOICE_MATCH.config
01-12 15:10:57.529 30877  3232 I native  : I0000 00:00:1768227057.529892    3232 enrollment_manager_impl.cc:1344] A valid TI-SID creator already exists. No need to re-create.
01-12 15:10:57.530 30877  3232 I native  : I0000 00:00:1768227057.530099    3232 enrollment_manager_impl_utils.cc:81] Using standalone TI-SID pipeline config:/data/user/0/com.google.android.googlequicksearchbox/files/datadownload/shared/public/datadownloadfile_1739571325941/configs/ONDEVICE_LARGE_VOICE_MATCH.config
01-12 15:10:57.530 30877  3232 I native  : I0000 00:00:1768227057.530186    3232 enrollment_manager_impl.cc:1067] Attempting to insert stored TD-SID profiles into config.
01-12 15:10:57.530 30877  3232 I native  : I0000 00:00:1768227057.530484    3232 enrollment_manager_impl.cc:1091] Found 1 speakers with existing TDSID models.
01-12 15:10:57.562 30877  3232 E SpeechMicro: Hotword model is single-channel neuralnet.
01-12 15:10:57.562 30877  3232 I native  : I0000 00:00:1768227057.562342    3232 enrollment_manager_impl.cc:1107] Found valid TDSID profile for user: 0
01-12 15:10:57.563 30877  3232 I native  : I0000 00:00:1768227057.563840    3232 enrollment_manager_impl.cc:1429] Retrieved stored TDSID models. Speakers requiring re-training:0
01-12 15:10:57.563 30877  3232 I native  : I0000 00:00:1768227057.563933    3232 enrollment_manager_impl.cc:1140] Attempting to insert stored TI-SID profiles into config.
01-12 15:10:57.564 30877  3232 E native  : E0000 00:00:1768227057.564255    3232 enrollment_storage.cc:177] Failed to read model:NOT_FOUND: Speaker does not have TISID model [type.googleapis.com/speech.soda.speaker_id.ReadModelStatus='\x08\x12']
01-12 15:10:57.564 30877  3232 E native  : === Source Location Trace: ===
01-12 15:10:57.564 30877  3232 E native  : speech/soda/speaker_id/enrollment/enrollment_storage.cc:228
01-12 15:10:57.564 30877  3232 I native  : I0000 00:00:1768227057.564341    3232 enrollment_manager_impl.cc:1165] Found 0 speakers with existing TI-SID models.
01-12 15:10:57.565 30877  3232 W native  : W0000 00:00:1768227057.565531    3232 enrollment_manager_impl.cc:1197] No valid TI-SID models found.
01-12 15:10:57.565 30877  3232 I native  : I0000 00:00:1768227057.565637    3232 enrollment_manager_impl.cc:1442] Retrieved stored TISID models. Speakers requiring re-training:0
01-12 15:10:57.565 30877  3232 E native  : E0000 00:00:1768227057.565851    3232 enrollment_storage.cc:177] Failed to read model:NOT_FOUND: Speaker does not have Server TISID voiceprint [type.googleapis.com/speech.soda.speaker_id.ReadModelStatus='\x08\x14']
01-12 15:10:57.565 30877  3232 E native  : === Source Location Trace: ===
01-12 15:10:57.565 30877  3232 E native  : speech/soda/speaker_id/enrollment/enrollment_storage.cc:228
01-12 15:10:57.565 30877  3232 I native  : I0000 00:00:1768227057.565897    3232 enrollment_manager_impl.cc:1452] Retrieved Server TISID models. 
01-12 15:10:57.570 30877 30916 I A       : handleResponse for  0 user(s)
01-12 15:10:57.570 30877  3232 I native  : I0000 00:00:1768227057.570266    3232 enrollment_manager_impl.cc:468] Invoking listeners with updated speaker profiles.
