01-12 15:10:48.347 32183 32385 W ContentResolver: 	at android.os.RemoteCallback$1.sendResult(RemoteCallback.java:53)
01-12 15:10:48.347 32183 32385 W ContentResolver: 	at android.os.IRemoteCallback$Stub.onTransact(IRemoteCallback.java:89)
01-12 15:10:48.347 32183 32385 W ContentResolver: 	at android.os.Binder.execTransactInternal(Binder.java:1478)
01-12 15:10:48.347 32183 32385 W ContentResolver: 	at android.os.Binder.execTransact(Binder.java:1418)
01-12 15:10:48.350 16548 19132 I MediaProvider: Filtering owner package name for com.adobe.reader, projection: [_display_name, date_modified, date_added, _data, relative_path, _id, is_pending, owner_package_name]
01-12 15:10:48.350 16548 16857 I MediaProvider: Filtering owner package name for com.adobe.reader, projection: [_id, _data, _display_name, bucket_display_name, date_added, mime_type, relative_path, owner_package_name, is_pending]
01-12 15:10:48.351 16548 19132 D MediaProvider: Constructed owner_package_name substitution: CASE WHEN owner_package_name IN () THEN owner_package_name ELSE NULL END AS owner_package_name
01-12 15:10:48.352 16548 19132 W SQLiteQueryBuilder: Allowing abusive custom column: CASE WHEN owner_package_name IN () THEN owner_package_name ELSE NULL END AS owner_package_name
01-12 15:10:48.352 16548 16857 D MediaProvider: Constructed owner_package_name substitution: CASE WHEN owner_package_name IN ('com.whatsapp') THEN owner_package_name ELSE NULL END AS owner_package_name
01-12 15:10:48.352 16548 19132 W SQLiteQueryBuilder: Allowing abusive custom column: CASE WHEN owner_package_name IN () THEN owner_package_name ELSE NULL END AS owner_package_name
01-12 15:10:48.352 16548 16857 W SQLiteQueryBuilder: Allowing abusive custom column: CASE WHEN owner_package_name IN ('com.whatsapp') THEN owner_package_name ELSE NULL END AS owner_package_name
01-12 15:10:48.353 16548 19132 W SQLiteQueryBuilder: Allowing abusive custom column: CASE WHEN owner_package_name IN () THEN owner_package_name ELSE NULL END AS owner_package_name
01-12 15:10:48.353 16548 16857 W SQLiteQueryBuilder: Allowing abusive custom column: CASE WHEN owner_package_name IN ('com.whatsapp') THEN owner_package_name ELSE NULL END AS owner_package_name
01-12 15:10:48.356 32183  4570 W ContentResolver: Failed to get type for: content://media/external_primary/file/1000156051
01-12 15:10:48.356 32183  4570 W ContentResolver: java.lang.IllegalArgumentException: No item at content://media/external_primary/file/1000156051
01-12 15:10:48.356 32183  4570 W ContentResolver: 	at java.lang.reflect.Constructor.newInstance0(Native Method)
01-12 15:10:48.356 32183  4570 W ContentResolver: 	at java.lang.reflect.Constructor.newInstance(Constructor.java:343)
01-12 15:10:48.356 32183  4570 W ContentResolver: 	at android.os.ParcelableException.readFromParcel(ParcelableException.java:56)
01-12 15:10:48.356 32183  4570 W ContentResolver: 	at android.os.ParcelableException$1.createFromParcel(ParcelableException.java:82)
01-12 15:10:48.356 32183  4570 W ContentResolver: 	at android.os.ParcelableException$1.createFromParcel(ParcelableException.java:79)
01-12 15:10:48.356 32183  4570 W ContentResolver: 	at android.os.Parcel.readParcelableInternal(Parcel.java:5251)
01-12 15:10:48.356 32183  4570 W ContentResolver: 	at android.os.Parcel.readValue(Parcel.java:5001)
01-12 15:10:48.356 32183  4570 W ContentResolver: 	at android.os.Parcel.readValue(Parcel.java:4732)
01-12 15:10:48.356 32183  4570 W ContentResolver: 	at android.os.Parcel.-$$Nest$mreadValue(Unknown Source:0)
01-12 15:10:48.356 32183  4570 W ContentResolver: 	at android.os.Parcel$LazyValue.apply(Parcel.java:4846)
01-12 15:10:48.356 32183  4570 W ContentResolver: 	at android.os.Parcel$LazyValue.apply(Parcel.java:4799)
01-12 15:10:48.356 32183  4570 W ContentResolver: 	at android.os.BaseBundle.unwrapLazyValueFromMapLocked(BaseBundle.java:447)
01-12 15:10:48.356 32183  4570 W ContentResolver: 	at android.os.BaseBundle.getValueAt(BaseBundle.java:427)
01-12 15:10:48.356 32183  4570 W ContentResolver: 	at android.os.BaseBundle.getValue(BaseBundle.java:398)
01-12 15:10:48.356 32183  4570 W ContentResolver: 	at android.os.BaseBundle.getValue(BaseBundle.java:381)
01-12 15:10:48.356 32183  4570 W ContentResolver: 	at android.os.BaseBundle.get(BaseBundle.java:773)
01-12 15:10:48.356 32183  4570 W ContentResolver: 	at android.os.Bundle.getParcelable(Bundle.java:1121)
01-12 15:10:48.356 32183  4570 W ContentResolver: 	at android.content.ContentResolver$ResultListener.onResult(ContentResolver.java:1010)
01-12 15:10:48.356 32183  4570 W ContentResolver: 	at android.os.RemoteCallback.sendResult(RemoteCallback.java:76)
01-12 15:10:48.356 32183  4570 W ContentResolver: 	at android.os.RemoteCallback$1.sendResult(RemoteCallback.java:53)
01-12 15:10:48.356 32183  4570 W ContentResolver: 	at android.os.IRemoteCallback$Stub.onTransact(IRemoteCallback.java:89)
01-12 15:10:48.356 32183  4570 W ContentResolver: 	at android.os.Binder.execTransactInternal(Binder.java:1478)
01-12 15:10:48.356 32183  4570 W ContentResolver: 	at android.os.Binder.execTransact(Binder.java:1418)
01-12 15:10:48.359 16548 16857 I MediaProvider: Filtering owner package name for com.adobe.reader, projection: [_display_name, date_modified, date_added, _data, relative_path, _id, is_pending, owner_package_name]
01-12 15:10:48.360 16548 16857 D MediaProvider: Constructed owner_package_name substitution: CASE WHEN owner_package_name IN () THEN owner_package_name ELSE NULL END AS owner_package_name
01-12 15:10:48.362 16548 16857 W SQLiteQueryBuilder: Allowing abusive custom column: CASE WHEN owner_package_name IN () THEN owner_package_name ELSE NULL END AS owner_package_name
01-12 15:10:48.362 16548 16857 W SQLiteQueryBuilder: Allowing abusive custom column: CASE WHEN owner_package_name IN () THEN owner_package_name ELSE NULL END AS owner_package_name
01-12 15:10:48.362 16548 16857 W SQLiteQueryBuilder: Allowing abusive custom column: CASE WHEN owner_package_name IN () THEN owner_package_name ELSE NULL END AS owner_package_name
01-12 15:10:48.362 31457 31457 I Finsky  : [2] Memory trim requested to level 40
01-12 15:10:48.369 31457 31457 I Finsky  : [2] Flushing in-memory image cache
01-12 15:10:48.455  1006  2919 I WifiHAL : Creating message to get link statistics; iface = 47
01-12 15:10:48.595  1006  1006 I WifiHAL : Getting cached scan results, iface handle = 0xb4000074d0e71410
01-12 15:10:48.595  1006  1006 E WifiHAL : Creating message to get cached scan results
01-12 15:10:48.598  2238  2238 I wpa_supplicant: CTRL-EVENT-MLO-LINK 1 ce:xx:xx:xx:x2:07 5250
01-12 15:10:48.602 30156 31604 I Icing   : IndexChimeraService.getServiceInterface callingPackage=com.google.android.gms componentName=null serviceId=36
01-12 15:10:48.609  1006  1006 I WifiHAL : In GetCachedScanResultsCommand::handleResponse
01-12 15:10:48.609  1006  1006 E libbinder.IPCThreadState: binder thread pool (1 threads) starved for 153 ms
01-12 15:10:48.673  1510  2139 D ConnectivityService: NetReassign [no changes] [c 3] [a 5] [i 11]
01-12 15:10:48.748  1510  2195 D BackgroundInstallControlService: Package event received: 0
01-12 15:10:48.748  2412  2653 D ImpulseConnection: timeout didn't happen: com.google.android.apps.turbo
01-12 15:10:48.757 30156 30644 I Icing   : IndexChimeraService.getServiceInterface callingPackage=com.google.android.gms componentName=null serviceId=30
01-12 15:10:48.768  2412  2656 D TemperatureStateSource: sequence=1546 actualDelay=10001
01-12 15:10:48.768  2412  2656 D TemperatureStateSource: Reading temperature: sequence=1547
01-12 15:10:48.776 23183 23183 I pixel-thermal: VIRTUAL-SKIN:30.7273 raw data: CLOSE_WEIGHT:1 OPEN_WEIGHT:0 VIRTUAL-SKIN:30727.3 VIRTUAL-SKIN-CLOSE:30727.3 VIRTUAL-SKIN-CLOSE-SUB-1:30649.9 VIRTUAL-SKIN-CLOSE-SUB-2:30727.3 VIRTUAL-SKIN-CLOSE-SUB-3:29557.5 VIRTUAL-SKIN-CLOSE-SUB-4:27396 VIRTUAL-SKIN-LEGACY:30727.3 VIRTUAL-SKIN-OPEN:31287.2 VIRTUAL-SKIN-OPEN-SUB-1:29221.9 VIRTUAL-SKIN-OPEN-SUB-2:31287.2 charger_therm:33197 display_therm:27587 gnss_tcxo_therm:30949 inner_brightness:0 inner_display_therm:29724 maxfg_base:27500 maxfg_secondary:25500 modem_therm:31616 rffe_therm:30993 soc_therm:33197 usb_conn_therm:28522 
01-12 15:10:48.777  2412  2656 D TemperatureStateSource: getDeviceTemperatures: sequence=1547 deviceTemperatureType=3 temperatureSource=0 temperatures=[30.72727]
01-12 15:10:48.777  2412  2656 D BusinessScope: Enqueuing the block
01-12 15:10:48.777  2412  2656 D TemperatureStateSource: sequence=1547 waitTime=10000
01-12 15:10:48.778  2412  2656 D BusinessScope: Start running the #3233 block
01-12 15:10:48.778  2412  2656 D BusinessScope: Enqueuing the block
01-12 15:10:48.778  2412  2656 D ImpulseStateSource: Notify clients: 1615
01-12 15:10:48.778  2412  2656 D BusinessScope: Finish running the #3233 block
01-12 15:10:48.778  2412  2656 D BusinessScope: Start running the #3234 block
01-12 15:10:48.778  2412  2656 D BusinessScope: Finish running the #3234 block
01-12 15:10:48.808 30156  3131 I Icing   : Usage reports ok 0, Failed Usage reports 0, indexed 0, rejected 0
01-12 15:10:48.834 30156  3131 I Icing   : Usage reports ok 0, Failed Usage reports 0, indexed 0, rejected 0
01-12 15:10:48.847 30156  3131 I Icing   : Indexing com.google.android.gms-contacts_contact_id from com.google.android.gms
01-12 15:10:48.896 30156 30459 I DCU_IntentOperation: Nofity BackupManager.dateChanged() [CONTEXT service_id=135 ]
01-12 15:10:48.902 30156  3131 I Icing   : Indexing done com.google.android.gms-contacts_contact_id
01-12 15:10:48.902 30156  3131 I Icing   : Indexing com.google.android.gms-phones_data_id from com.google.android.gms
01-12 15:10:48.905 30156  3131 I Icing   : Indexing done com.google.android.gms-phones_data_id
01-12 15:10:48.951  1510  3183 W ActivityManager: Unable to start service Intent { act=com.google.android.gms.lockbox.service.START xflg=0x4 pkg=com.google.android.gms } U=0: not found
01-12 15:10:48.952  1510  2044 W ActivityManager: Unbind failed: could not find connection for android.os.BinderProxy@6810c40
01-12 15:10:48.954 30156 30409 W GmsClient: unable to connect to service: com.google.android.gms.lockbox.service.START on com.google.android.gms
01-12 15:10:48.959  2780  2803 I FacsCacheGmsModule: (REDACTED) Receiving API connection to FACS API from package '%s'...
01-12 15:10:48.962  2780  2803 I FacsCacheGmsModule: API connection successful!
01-12 15:10:48.962  2780  2803 I FacsCacheGmsModule: (REDACTED) Receiving API connection to FACS API from package '%s'...
01-12 15:10:48.962  2780  2803 I FacsCacheGmsModule: API connection successful!
01-12 15:10:48.963  2780  2803 I FacsCacheGmsModule: (REDACTED) Received 'getActivityControlsSettings' request from package '%s', instance id '%s', version '%d'...
01-12 15:10:48.963  2780  2803 I FacsCacheGmsModule: Operation 'getActivityControlsSettings' dispatched!
01-12 15:10:48.963  2780  2803 I FacsCacheGmsModule: (REDACTED) Received 'getActivityControlsSettings' request from package '%s', instance id '%s', version '%d'...
01-12 15:10:48.963  2780  2803 I FacsCacheGmsModule: Operation 'getActivityControlsSettings' dispatched!
01-12 15:10:48.965  2780  4574 I FacsCacheGmsModule: (REDACTED) Executing operation '%s'...
01-12 15:10:48.970 30156 30156 D BoundBrokerSvc: onBind: Intent { act=com.google.android.gms.facs.internal.service.START dat=chimera-action:/... xflg=0x4 cmp=com.google.android.gms/.chimera.GmsInternalApiService }
01-12 15:10:48.971 30156 30156 D BoundBrokerSvc: Loading bound service for intent: Intent { act=com.google.android.gms.facs.internal.service.START dat=chimera-action:/... xflg=0x4 cmp=com.google.android.gms/.chimera.GmsInternalApiService }
01-12 15:10:48.974 30156 30478 I FacsCacheGmsModule: Receiving API connection to internal FACS API...
01-12 15:10:48.976 30156 30478 I FacsCacheGmsModule: API connection successful!
01-12 15:10:48.977 30156 30478 I FacsCacheGmsModule: Receiving API connection to internal FACS API...
01-12 15:10:48.978 30156 30478 I FacsCacheGmsModule: API connection successful!
01-12 15:10:48.982  2780  4574 I FacsCacheGmsModule: (REDACTED) Operation '%s' successful!
01-12 15:10:48.983  2780  4574 I FacsCacheGmsModule: (REDACTED) Executing operation '%s'...
01-12 15:10:48.988  2780  4574 I FacsCacheGmsModule: (REDACTED) Operation '%s' successful!
01-12 15:10:49.046 30156 31133 I DCU_IntentOperation: (REDACTED) SPE one-time sync %d %s
01-12 15:10:49.058 28840 29451 W libbinder.Binder: Binder transaction to android.accounts.IAccountAuthenticator code 3 took 1501ms. Data bytes: 492 Reply bytes: 0 Flags: 17
01-12 15:10:49.067  1510  2195 D BackgroundInstallControlService: Package event received: 0
01-12 15:10:49.067  1510  2195 D BackgroundInstallControlService: Package event received: 0
01-12 15:10:49.067  1510  2195 D BackgroundInstallControlService: Package event received: 0
01-12 15:10:49.089 32191 32704 I SQLiteConnection: Long db operation: /data/user/0/com.google.android.apps.photos/databases/gphotos0.db
01-12 15:10:49.163 28840 28846 E gcblocker: too long GC blocking: 5
01-12 15:10:49.163 28840 28846 E gcblocker: gc block end, 37914534,101
01-12 15:10:49.346 16563 24746 I efsq    : appOpsListener android:record_audio com.android.vending
01-12 15:10:49.346 16563 24746 I efsq    : Ignoring irrelevant audio permission changes for package com.android.vending
01-12 15:10:49.607  1510  2044 W JobScheduler: Job didn't exist in JobStore: f97999c #u0a210/1034 com.google.android.apps.photos/com.google.android.libraries.social.mediamonitor.MediaMonitorJobSchedulerService
01-12 15:10:50.470 31943 31954 W .apps.nbu.files: Suspending all threads took: 11.784ms
01-12 15:10:50.575 28840 15698 W libbinder.Binder: Binder transaction to android.accounts.IAccountAuthenticator code 3 took 1502ms. Data bytes: 492 Reply bytes: 0 Flags: 17
01-12 15:10:50.587  1510  2195 D BackgroundInstallControlService: Package event received: 0
01-12 15:10:50.587  1510  2195 D BackgroundInstallControlService: Package event received: 0
01-12 15:10:50.587  1510  2195 D BackgroundInstallControlService: Package event received: 0
01-12 15:10:50.681 28840 28846 E gcblocker: too long GC blocking: 5
01-12 15:10:50.681 28840 28846 E gcblocker: gc block end, 37916053,100
01-12 15:10:51.655  1006  1006 I WifiHAL : Creating message to get link statistics; iface = 47
01-12 15:10:51.709  1006  1006 I WifiHAL : Getting cached scan results, iface handle = 0xb4000074d0e71410
01-12 15:10:51.710  1006  1006 E WifiHAL : Creating message to get cached scan results
01-12 15:10:51.711  2238  2238 I wpa_supplicant: CTRL-EVENT-MLO-LINK 1 ce:xx:xx:xx:x2:07 5250
01-12 15:10:51.717  1006  1006 I WifiHAL : In GetCachedScanResultsCommand::handleResponse
01-12 15:10:51.771  1510  2139 D ConnectivityService: NetReassign [no changes] [c 4] [a 7] [i 11]
01-12 15:10:52.092 28840 15698 W libbinder.Binder: Binder transaction to android.accounts.IAccountAuthenticator code 3 took 1501ms. Data bytes: 492 Reply bytes: 0 Flags: 17
01-12 15:10:52.107  1510  2195 D BackgroundInstallControlService: Package event received: 0
01-12 15:10:52.107  1510  2195 D BackgroundInstallControlService: Package event received: 0
01-12 15:10:52.107  1510  2195 D BackgroundInstallControlService: Package event received: 0
01-12 15:10:52.208 30042 30541 I StellaBLEManager: [_blocked] processing BLEManager$MessageType$OnBlockedTimeout
01-12 15:10:52.213 30042 30617 W RealClient-ConnectionManager: Generic error while handling connection: com.facebook.wearable.companion.connectivity.lib.blemanager.exceptions.BLEPairingRequiredException: Device requires pairing.
01-12 15:10:52.215 30042 30541 I StellaBLEManager: [_blocked] exiting state
01-12 15:10:52.216 28840 28846 E gcblocker: too long GC blocking: 5
01-12 15:10:52.216 28840 28846 E gcblocker: gc block end, 37917587,101
01-12 15:10:52.221 30042 30541 I StellaBLEManager: [_connectionWanted] exiting state
01-12 15:10:52.221 30042 30541 I StellaBLEManager: Unregistering BLE and ACL state receiver BlockedData(receiver=X.1p0@465eb9c, bleEnabled=true, pairingSubscriber=X.1pA@a162ed0, hasPairing=false, hasPermissions=true, hasTimeoutError=true, permissionsListener=X.1pH@2957ec9, aclConnections=[], discoveringServices=false, negotiatingMtu=false, writingDescriptor=false)
01-12 15:10:52.222 30042 30617 I DeviceStatesStore: Device disconnected
01-12 15:10:52.223 30042 30617 I DeviceSettingsManager: Device is now disconnected.
01-12 15:10:52.223 30042 30617 I AssistantConnectivityManager: onDeviceDisconnected
01-12 15:10:52.223 30042 30617 I AssistantDeviceStateManager: onDeviceDisconnected
01-12 15:10:52.224 30042 30617 I AssistantBtcManager: Stop Btc Manager
01-12 15:10:52.224 30042 30541 I StellaBLEManager: Unregistered BLE and ACL state receiver
01-12 15:10:52.225 30042 30541 I StellaBLEManager: [_idle] entering state
01-12 15:10:52.226 30042 30617 I assistant.stella.platform.broker.ActiveAssistantDeviceBroker: onDisconnectDevice (1, )
01-12 15:10:52.226 30042 30617 W assistant.stella.platform.broker.ActiveAssistantDeviceBroker: Device (1, ) not found
01-12 15:10:52.226 30042 30617 I BtcStatusManagerImpl: BLE disconnected
01-12 15:10:52.227 30042 30617 I StellaBtcStatusStateReducer: Dispatching event: BtcStatusEvent(isPrimaryBtcConnected=false, connectionChangeStatus=IDLE, error=null)
01-12 15:10:52.227 30042 30617 W AssistantAudioTopicHandler: Closing stream null because the device disconnected.
01-12 15:10:52.227 30042 30617 I RealClient-ConnectionManager: Schedule the next connection attempt with 0 ms delay
01-12 15:10:52.227 30042 30617 I RealClient-ConnectionManager: Attempting to connect to peer... [numPrevFailures=11]
01-12 15:10:52.227 30042 30541 I StellaBLEManager: [_idle] processing BLEManager$MessageType$ActivateConnection
01-12 15:10:52.228 30042 30541 I StellaBLEManager: isPairedDeviceReadyToConnect: pairedState=null
01-12 15:10:52.228 30042 30541 I StellaBLEManager: [_idle] exiting state
01-12 15:10:52.228 30042 30541 I StellaBLEManager: [_connectionWanted] entering state
01-12 15:10:52.233 30042 30541 I StellaBLEManager: Registering BLE and ACL state receiver
01-12 15:10:52.237 30042 30536 I StellaBLEManager: Device pairing state: null
01-12 15:10:52.238 30042 30541 I StellaBLEManager: isPairedDeviceReadyToConnect: pairedState=null
01-12 15:10:52.238 30042 30541 I StellaBLEManager: [_blocked] entering state
01-12 15:10:52.238 30042 30541 I StellaBLEManager: [_blocked] processing BLEManager$MessageType$OnDeviceNeedsPairing
01-12 15:10:53.272  1510  2067 D ActivityManager: freezing 31211 com.google.android.gms.unstable
01-12 15:10:53.369  1510  2139 D InetDiagMessage: Destroyed 0 sockets, proto=IPPROTO_TCP, family=AF_INET, states=14
01-12 15:10:53.374  1510  2139 D InetDiagMessage: Destroyed 0 sockets, proto=IPPROTO_TCP, family=AF_INET6, states=14
01-12 15:10:53.374  1510  2139 D InetDiagMessage: Destroyed live tcp sockets for uids={10462} in 9ms
01-12 15:10:53.377  1510  2139 D InetDiagMessage: Destroyed 0 sockets, proto=IPPROTO_TCP, family=AF_INET, states=14
01-12 15:10:53.379  1510  2139 D InetDiagMessage: Destroyed 0 sockets, proto=IPPROTO_TCP, family=AF_INET6, states=14
01-12 15:10:53.379  1510  2139 D InetDiagMessage: Destroyed live tcp sockets for uids={20462} in 6ms
01-12 15:10:53.623 28840 15696 W libbinder.Binder: Binder transaction to android.accounts.IAccountAuthenticator code 3 took 1501ms. Data bytes: 492 Reply bytes: 0 Flags: 17
01-12 15:10:53.635  1510  2195 D BackgroundInstallControlService: Package event received: 0
01-12 15:10:53.637  1510  2195 D BackgroundInstallControlService: Package event received: 0
01-12 15:10:53.637  1510  2195 D BackgroundInstallControlService: Package event received: 0
01-12 15:10:53.709  1510  3998 W JobScheduler: Job didn't exist in JobStore: 8a90700 {androidx.work.systemjobscheduler} #u0a185/9055 #TikTokWorker#com.google.android.apps.nbu.files.mediastore.MediaStoreContentChangeListenerWorker#@androidx.work.systemjobscheduler@com.google.android.apps.nbu.files/androidx.work.impl.background.systemjob.SystemJobService
01-12 15:10:53.723 31943 31983 W JobInfo : Requested important-while-foreground flag for job9056 is ignored and takes no effect
01-12 15:10:53.731 28840 28846 E gcblocker: too long GC blocking: 5
01-12 15:10:53.732 28840 28846 E gcblocker: gc block end, 37919103,101
01-12 15:10:54.217  1234  1234 D AOC     : A3:MSG: usf_vsc_log.cc, 69: VSC: [Auto Brightness] Retune sensor-2 (tout:1 drop:0): avg 0.559 -> 0.559 [wm:0.585]
01-12 15:10:54.625  1510  2139 D InetDiagMessage: Destroyed 0 sockets, proto=IPPROTO_TCP, family=AF_INET, states=14
01-12 15:10:54.628  1510  2139 D InetDiagMessage: Destroyed 0 sockets, proto=IPPROTO_TCP, family=AF_INET6, states=14
01-12 15:10:54.629  1510  2139 D InetDiagMessage: Destroyed live tcp sockets for uids={10210} in 7ms
01-12 15:10:54.631  1510  2139 D InetDiagMessage: Destroyed 0 sockets, proto=IPPROTO_TCP, family=AF_INET, states=14
01-12 15:10:54.635  1510  2139 D InetDiagMessage: Destroyed 0 sockets, proto=IPPROTO_TCP, family=AF_INET6, states=14
01-12 15:10:54.635  1510  2139 D InetDiagMessage: Destroyed live tcp sockets for uids={20210} in 6ms
01-12 15:10:54.749  1006  1006 I WifiHAL : Creating message to get link statistics; iface = 47
01-12 15:10:54.900  1006  2919 I WifiHAL : Getting cached scan results, iface handle = 0xb4000074d0e71410
01-12 15:10:54.900  1006  2919 E WifiHAL : Creating message to get cached scan results
01-12 15:10:54.903  2238  2238 I wpa_supplicant: CTRL-EVENT-MLO-LINK 1 ce:xx:xx:xx:x2:07 5250
01-12 15:10:54.915  1006  2919 I WifiHAL : In GetCachedScanResultsCommand::handleResponse
01-12 15:10:54.917  1006  2919 E libbinder.IPCThreadState: binder thread pool (1 threads) starved for 168 ms
01-12 15:10:54.994  1510  2139 D ConnectivityService: NetReassign [no changes] [c 5] [a 6] [i 11]
01-12 15:10:55.146 28840 15696 W libbinder.Binder: Binder transaction to android.accounts.IAccountAuthenticator code 3 took 1501ms. Data bytes: 492 Reply bytes: 0 Flags: 17
01-12 15:10:55.161  1510  2195 D BackgroundInstallControlService: Package event received: 0
01-12 15:10:55.168  1510  2195 D BackgroundInstallControlService: Package event received: 0
01-12 15:10:55.168  1510  2195 D BackgroundInstallControlService: Package event received: 0
01-12 15:10:55.258 28840 28846 E gcblocker: too long GC blocking: 5
01-12 15:10:55.258 28840 28846 E gcblocker: gc block end, 37920630,100
01-12 15:10:55.364  3508  3508 I ProfileDataManager: ProfileDataManager.onContentChanged():116 onContentChanged()
01-12 15:10:55.366  3508  3508 I ContactsDataManager: ContactsDataManager.onContentChanged():153 onContentChanged()
01-12 15:10:55.370  1510  2050 D ActivityManager: sync unfroze 30262 com.google.android.apps.messaging for 6
01-12 15:10:55.386 30262 30262 D WM-DelayedWorkTracker: Scheduling work 7915f741-b98c-4e8f-b489-aa682e016410
01-12 15:10:55.390 30262 30262 D WM-GreedyScheduler: Ignoring {WorkSpec: 7915f741-b98c-4e8f-b489-aa682e016410}. Requires device idle.
01-12 15:10:55.418 30262 30262 D WM-SystemJobService: onStartJob for WorkGenerationalId(workSpecId=9a7ceb01-1e9e-45ec-8cd1-6ae645cc885c, generation=0)
01-12 15:10:55.448 30262  3076 D WM-Processor: rye: processing WorkGenerationalId(workSpecId=9a7ceb01-1e9e-45ec-8cd1-6ae645cc885c, generation=0)
01-12 15:10:55.461 30262  3076 D MddListenableWorkerFactory: createWorker for class: com.google.apps.tiktok.contrib.work.TikTokListenableWorker
01-12 15:10:55.517 30262 30262 D WM-WorkerWrapper: Starting work for com.google.apps.tiktok.contrib.work.TikTokListenableWorker
01-12 15:10:55.585  1006  2919 I WifiHAL : Creating message to get link statistics; iface = 47
01-12 15:10:55.625 30262 30658 I BugleContacts: Contacts change worker triggered (observer_triggered = false)
01-12 15:10:55.727  1006  1006 I WifiHAL : Getting cached scan results, iface handle = 0xb4000074d0e71410
01-12 15:10:55.727  1006  1006 E WifiHAL : Creating message to get cached scan results
01-12 15:10:55.729  2238  2238 I wpa_supplicant: CTRL-EVENT-MLO-LINK 1 ce:xx:xx:xx:x2:07 5250
01-12 15:10:55.741  1006  1006 I WifiHAL : In GetCachedScanResultsCommand::handleResponse
01-12 15:10:55.742  1006  1006 E libbinder.IPCThreadState: binder thread pool (1 threads) starved for 156 ms
01-12 15:10:55.756  1510  1606 D KernelCpuUidUserSysTimeReader: Removing uids 99044-99044
01-12 15:10:55.760  1510  1606 D KernelCpuUidUserSysTimeReader: Removing uids 90000-90000
01-12 15:10:55.761  1510  1606 D KernelCpuUidUserSysTimeReader: Removing uids 90001-90001
01-12 15:10:55.761  1510  1606 D KernelCpuUidUserSysTimeReader: Removing uids 90002-90002
01-12 15:10:55.761  1510  1606 D KernelCpuUidUserSysTimeReader: Removing uids 90003-90003
01-12 15:10:55.761  1510  1606 D KernelCpuUidUserSysTimeReader: Removing uids 90004-90004
01-12 15:10:55.762  1510  1606 D KernelCpuUidUserSysTimeReader: Removing uids 90005-90005
01-12 15:10:55.765  1234  1234 D AOC     : A3:MSG: usf_vsc_log.cc, 69: VSC: [Auto Brightness] Retune sensor-0 (tout:1 drop:0): avg 271.864 -> 271.864 [wm:285.300
01-12 15:10:55.765  1234  1234 D AOC     : A3:MSG: usf_vsc_log.cc, 69: VSC: [Auto Brightness] Retune sensor-3 (tout:1 drop:0): avg 270.808 -> 270.808 [wm:285.234
01-12 15:10:55.874 30262 30658 I BugleContacts: 18 changed contacts
01-12 15:10:55.926 30262 30658 I Bugle   : CountryCodeDetector: updateSmsNetworkCountry from default subscription network country. detected country: de
01-12 15:10:55.964 30847 30847 V ContactsProvider: Scheduled notifyChange started.
01-12 15:10:55.967 16582 16582 I AiAiSmartNotification: ContactChangeObserver onChange
01-12 15:10:55.970  1510  2195 D BackgroundInstallControlService: Package event received: 0
01-12 15:10:55.970  1510  2195 D BackgroundInstallControlService: Package event received: 0
01-12 15:10:55.970  1510  2195 D BackgroundInstallControlService: Package event received: 0
01-12 15:10:55.970  1510  2195 D BackgroundInstallControlService: Package event received: 0
01-12 15:10:55.974  2780  2780 I NearbySharing: The contact book (uri: content://com.android.contacts) has been modified. Debouncing sync.
01-12 15:10:55.978 16563 17804 I ahic    : Invalidating 1 caches for CONTACT_CONTEXT_CHANGE
01-12 15:10:55.984 16563 17804 I dmlx    : Invalidation request: asst.communication.top_contact [CONTEXT session="TNG:MA-SBCP@feb7d3037609029c" ]
01-12 15:10:55.987 16563 17476 I dvcw    : Invalidated ContextKey: asst.communication.top_contact for SessionToken: TNG:MA-SBCP@feb7d3037609029c; RequestId: 53; SpeakerId: 0.
01-12 15:10:55.990 16563 17476 I dvdf    : Fetching context keys [asst.communication.top_contact]. SessionToken: TNG:MA-SBCP@feb7d3037609029c; RequestId: 53; SpeakerId: 0
01-12 15:10:55.991 16563 17784 I dvdf    : Fetching ContextResult for ContextKey: LOCALE (456993644). SessionToken: TNG:MA-SBCP@feb7d3037609029c; RequestId: 53; SpeakerId: 0
01-12 15:10:55.991 16563 17476 I dvdf    : Fetching ContextResult for ContextKey: asst.communication.top_contact. SessionToken: TNG:MA-SBCP@feb7d3037609029c; RequestId: 53; SpeakerId: 0
01-12 15:10:56.000 16563 17805 I dmna    : GetContext(LOCALE (456993644), SYNCHRONIZED_CACHE): Sharing from synchronized cache (status: DONE) [CONTEXT request=129 accessSessionKey="SBCP@c6242f08513ddac4" accessSession="ac416b654ec41ffb" session="TNG:MA-SBCP@feb7d3037609029c" ]
01-12 15:10:56.000 16563 17804 I dmkj    : GetContext(asst.communication.top_contact, SYNCHRONIZED_CACHE): Fetching from provider [CONTEXT request=130 accessSessionKey="SBCP@c6242f08513ddac4" accessSession="ac416b654ec41ffb" session="TNG:MA-SBCP@feb7d3037609029c" ]
01-12 15:10:56.002 16563 17785 I dvdf    : ContextResult succeeded for ContextKey: LOCALE (456993644). SessionToken: TNG:MA-SBCP@feb7d3037609029c; RequestId: 53; SpeakerId: 0
01-12 15:10:56.005 16563 17785 I dvcz    : Primary Locale: en-US and preferred locales: [en-US], returned from Context API. SessionToken: TNG:MA-SBCP@feb7d3037609029c; RequestId: 53; SpeakerId: 0
01-12 15:10:56.093 16563 17804 I dmkj    : GetContext(asst.communication.top_contact, SYNCHRONIZED_CACHE): Fetch from the NGA surface finished with status: SUCCESS [CONTEXT request=130 accessSessionKey="SBCP@c6242f08513ddac4" accessSession="ac416b654ec41ffb" session="TNG:MA-SBCP@feb7d3037609029c" ]
01-12 15:10:56.096 16563 17805 I dvdf    : ContextResult succeeded for ContextKey: asst.communication.top_contact. SessionToken: TNG:MA-SBCP@feb7d3037609029c; RequestId: 53; SpeakerId: 0
01-12 15:10:56.105 16563 17805 I dvdr    : Updating context input 'device-contacts' with dynamic class '$CONTACTS' containing 200 entities. SessionToken: TNG:MA-SBCP@feb7d3037609029c; RequestId: 53; SpeakerId: 0
01-12 15:10:56.106 16563 17805 I dvdl    : Sending speech biasing context update to SODA with locale [en-US]. SessionToken: TNG:MA-SBCP@feb7d3037609029c; RequestId: 53; SpeakerId: 0
01-12 15:10:56.108 16563 17804 I efpk    : #getSodaAsrUpdateRequest inserting app domain: DEFAULT_ONESHOT
01-12 15:10:56.108 16563 17007 I egha    : #updateAndGetSnapshot
01-12 15:10:56.109 16563 17784 I egha    : Listening for responses for locale en_US
01-12 15:10:56.114 30877 30903 I egju    : SRM: AccountScoped session starting on service-side.
01-12 15:10:56.115 16563 17784 I egha    : >>> [6f942] Emitting request locale: en_US, secondaryLocales: [], resources: [RESOURCE_LP], requestClient: UNKNOWN
01-12 15:10:56.116 30877 30917 I eghn    : <<< [6f942] Received request for primary locale en_US. Secondary locales: '[]'
01-12 15:10:56.117 30877 30917 I eghn    : <<< [6f942] Requested resources IDs: [RESOURCE_LP]. Note that this is a noop because we currently return all resource for each request.
01-12 15:10:56.117 30877 30917 I eggk    : [6f942] #getImmediateResourceStates with locale en_US. Secondary locales: []
01-12 15:10:56.117 30877 30917 I eggk    : [6f942] SRM initial state enabled (for hotword).
01-12 15:10:56.117 30877 30917 I eggk    : [6f942] #getAndUpdateSodaResourceCollection
01-12 15:10:56.118 30877 30916 I DefaultLPManager: #getRequestedPackages
01-12 15:10:56.118 30877 30918 I DefaultLPManager: #getAvailablePackages
01-12 15:10:56.119 30877 30904 I eggk    : [6f942] #getInstalledLanguagePacks
01-12 15:10:56.119 30877 30918 I eiod    : #getDownloadableLanguagePacks
01-12 15:10:56.119 30877 30904 I eggk    : Skipping stopword download due to disablement by flag.
01-12 15:10:56.119 30877 30904 I eijw    : MDD.getFileGroup(speech-contextual-models)
01-12 15:10:56.120 30877 30902 I crno    : Getting hotwordModelConfig
01-12 15:10:56.120 30877 30911 I crno    : Getting hotwordModelConfig
01-12 15:10:56.120 30877 30915 I DefaultLPManager: #getAvailablePackages
01-12 15:10:56.120 30877 30915 I eiod    : #getDownloadableLanguagePacks
01-12 15:10:56.122 30877 30916 I ZipLPPopulator: #addNewFileGroups
01-12 15:10:56.122 30877 30916 I eiod    : #getDownloadableLanguagePacks
01-12 15:10:56.123 30877 30903 I egdv    : [6f942] #updateResource begin
01-12 15:10:56.123 30877 30903 I egdv    : [6f942] #updateResource end
01-12 15:10:56.126 30877 30916 I eiow    : Loaded languagepack (LP) flag value from latest config autogen_Batch9054global: [cmn-Hant-TW9046, de-AT9046, de-BE9046, de-CH9046, de-DE9046, en-AU9046, en-CA9046, en-GB9046, en-IE9046, en-IN9046, en-SG9046, en-US9046, es-ES9046, es-US9046, fr-BE9046, fr-CA9046, fr-CH9046, fr-FR9046, hi-IN9046, it-CH9046, it-IT9046, ja-JP9046, cmn-Hant-TW9053, de-AT9053, de-BE9053, de-CH9053, de-DE9053, en-AU9053, en-CA9053, en-GB9053, en-IE9053, en-IN9053, en-SG9053, en-US9053, es-ES9053, es-US9053, fr-BE9053, fr-CA9053, fr-CH9053, fr-FR9053, hi-IN9053, it-CH9053, it-IT9053, ja-JP9053, zh-Hant-TW9053, zh-TW9053, pt-BR3054, en-US9054, en-CA9054, en-AU9054, en-GB9054, en-IE9054, en-SG9054, cmn-Hant-TW9054, de-AT9054, de-BE9054, de-CH9054, de-DE9054, en-IN9054, es-ES9054, es-US9054, fr-BE9054, fr-CA9054, fr-CH9054, fr-FR9054, hi-IN9054, it-CH9054, it-IT9054, ja-JP9054, zh-Hant-TW9054, zh-TW9054]
01-12 15:10:56.127 30877 30916 W SystemLPSourceImpl: #getRequestedPackages: There is not reason to call this method, as the result is always empty.
01-12 15:10:56.127 30877 30916 W LegacyLPSourceImpl: #getRequestedPackages: There is no reason to call this method, as the result is always empty.
01-12 15:10:56.127 30877 30901 I crno    : MDD.refreshFileGroups(hotwordFileGroupPopulator)
01-12 15:10:56.127 30877 30901 I crna    : MDD.addFileGroup(hotword_en-US)
01-12 15:10:56.130 30877 30916 E eimo    : Unrecognized recognizer for [en-CA, 9046]: 41. Ignoring it and its associated features.
01-12 15:10:56.134 16563 17476 I egha    : <<< [6f942] Reading SodaResourceManager message with updated resourceIds: [RESOURCE_QUICK_PHRASES]. Total set: [RESOURCE_QUICK_PHRASES]
01-12 15:10:56.135 16563 17785 I egha    : <<< [6f942] Reading SodaResourceManager message with initial resourceIds: 'RESOURCE_CONTEXTUAL: LEGACY_UNKNOWN.'
01-12 15:10:56.136 30877 30918 I eiow    : Loaded languagepack (LP) flag value from latest config autogen_Batch9054global: [cmn-Hant-TW9046, de-AT9046, de-BE9046, de-CH9046, de-DE9046, en-AU9046, en-CA9046, en-GB9046, en-IE9046, en-IN9046, en-SG9046, en-US9046, es-ES9046, es-US9046, fr-BE9046, fr-CA9046, fr-CH9046, fr-FR9046, hi-IN9046, it-CH9046, it-IT9046, ja-JP9046, cmn-Hant-TW9053, de-AT9053, de-BE9053, de-CH9053, de-DE9053, en-AU9053, en-CA9053, en-GB9053, en-IE9053, en-IN9053, en-SG9053, en-US9053, es-ES9053, es-US9053, fr-BE9053, fr-CA9053, fr-CH9053, fr-FR9053, hi-IN9053, it-CH9053, it-IT9053, ja-JP9053, zh-Hant-TW9053, zh-TW9053, pt-BR3054, en-US9054, en-CA9054, en-AU9054, en-GB9054, en-IE9054, en-SG9054, cmn-Hant-TW9054, de-AT9054, de-BE9054, de-CH9054, de-DE9054, en-IN9054, es-ES9054, es-US9054, fr-BE9054, fr-CA9054, fr-CH9054, fr-FR9054, hi-IN9054, it-CH9054, it-IT9054, ja-JP9054, zh-Hant-TW9054, zh-TW9054]
01-12 15:10:56.136 30877 30918 W SystemLPSourceImpl: #getAvailablePackages: Note there is not reason to call this method, as getInstalledPackages() returns the same LanguagePacks for this impl.
01-12 15:10:56.137 30877 30918 W LegacyLPSourceImpl: #getAvailablePackages: Note there is no reason to call this method, as getInstalledPackages() returns the same LanguagePacks for this impl.
01-12 15:10:56.137 30877 30918 I DefaultLPManager: #getInstalledPackages
01-12 15:10:56.138 30877 30902 I SystemLPSourceImpl: Parsed system partition LanguagePack metadata file: /product/usr/srec/en-US/metadata
01-12 15:10:56.139 30877 30916 E eimo    : Unrecognized recognizer for [en-AU, 9054]: 41. Ignoring it and its associated features.
01-12 15:10:56.140 30877 30915 I eiow    : Loaded languagepack (LP) flag value from latest config autogen_Batch9054global: [cmn-Hant-TW9046, de-AT9046, de-BE9046, de-CH9046, de-DE9046, en-AU9046, en-CA9046, en-GB9046, en-IE9046, en-IN9046, en-SG9046, en-US9046, es-ES9046, es-US9046, fr-BE9046, fr-CA9046, fr-CH9046, fr-FR9046, hi-IN9046, it-CH9046, it-IT9046, ja-JP9046, cmn-Hant-TW9053, de-AT9053, de-BE9053, de-CH9053, de-DE9053, en-AU9053, en-CA9053, en-GB9053, en-IE9053, en-IN9053, en-SG9053, en-US9053, es-ES9053, es-US9053, fr-BE9053, fr-CA9053, fr-CH9053, fr-FR9053, hi-IN9053, it-CH9053, it-IT9053, ja-JP9053, zh-Hant-TW9053, zh-TW9053, pt-BR3054, en-US9054, en-CA9054, en-AU9054, en-GB9054, en-IE9054, en-SG9054, cmn-Hant-TW9054, de-AT9054, de-BE9054, de-CH9054, de-DE9054, en-IN9054, es-ES9054, es-US9054, fr-BE9054, fr-CA9054, fr-CH9054, fr-FR9054, hi-IN9054, it-CH9054, it-IT9054, ja-JP9054, zh-Hant-TW9054, zh-TW9054]
01-12 15:10:56.140 30877 30916 E eimo    : Unrecognized recognizer for [en-GB, 9054]: 41. Ignoring it and its associated features.
01-12 15:10:56.140 30877 30915 W SystemLPSourceImpl: #getAvailablePackages: Note there is not reason to call this method, as getInstalledPackages() returns the same LanguagePacks for this impl.
01-12 15:10:56.140 30877 30915 W LegacyLPSourceImpl: #getAvailablePackages: Note there is no reason to call this method, as getInstalledPackages() returns the same LanguagePacks for this impl.
01-12 15:10:56.140 30877 30916 E eimo    : Unrecognized recognizer for [en-IE, 9054]: 41. Ignoring it and its associated features.
01-12 15:10:56.140 30877 30918 I eiod    : #getInstalledPackages from MDD
01-12 15:10:56.140 30877 30918 I eiod    : #GetLanguagePackList
01-12 15:10:56.140 30877 30918 I eiod    : MDD.getFileGroupsByFilter(langpack-domain_xx-XX_ver_zipfile)
01-12 15:10:56.140 30877 30916 E eimo    : Unrecognized recognizer for [en-SG, 9054]: 41. Ignoring it and its associated features.
01-12 15:10:56.141 30877 30903 E eimo    : Unrecognized recognizer for [en-CA, 9046]: 41. Ignoring it and its associated features.
01-12 15:10:56.142 30877 30917 E eimo    : Unrecognized recognizer for [en-CA, 9046]: 41. Ignoring it and its associated features.
01-12 15:10:56.147 30877 30902 I SystemLPSourceImpl: Parsed system partition LanguagePack metadata file: /product/usr/srec/en-US/metadata
01-12 15:10:56.148 30877 30916 I LPRequestState: [ZipfileRequests] #resolveDesiredLanguagePacks
01-12 15:10:56.148 30877 30916 I LPRequestState: Assigning language pack Optional.of(LanguagePackDescriptor{locale=en_US, version=9054, installType=ZIPFILE_DOWNLOAD, applicationDomains=[1, 2, 3, 4, 5, 6, 7, 9, 10, 11], featuresForDomains={1=[2, 3, 4, 5, 6, 9, 10, 11, 12, 13, 14, 15], 2=[2, 3, 4, 5, 6, 7, 9, 10, 11, 12, 13, 14, 15], 3=[2, 3, 4, 5, 6, 9, 10, 11, 12, 13, 14, 15], 4=[2, 3, 4, 5, 6, 7, 9, 10, 11, 12, 13, 14, 15], 5=[2, 3, 4, 5, 6, 9, 10, 11, 12, 13, 14, 15], 6=[2, 3, 4, 5, 6, 7, 9, 10, 11, 12, 13, 14, 15], 7=[2, 3, 4, 5, 6, 7, 9, 10, 11, 12, 13, 14, 15], 9=[2, 3, 4, 5, 6, 9, 10, 11, 12, 13, 14, 15], 10=[2, 3, 4, 5, 6, 7, 9, 10, 11, 12, 13, 14, 15], 11=[2, 3, 4, 5, 6, 7, 9, 10, 11, 12, 13, 14, 15]}, sizeBytes=146375000, zipfileParams=Optional.of(ZipfileParams{downloadUrl=https://dl.google.com/android/voice/soda/en-US/v9054/soda-en-US-v9054.zip, hashValueSha1=C33E458399C8EAA5D61A509487A0E8A4BEB385CB}), readOnlyParams=Optional.absent()}) for request # einc@326c00c
01-12 15:10:56.149 30877 30916 I ZipLPPopulator: MDD.addFileGroup: LanguagePackDescriptor{locale=en_US, version=9054, installType=ZIPFILE_DOWNLOAD, applicationDomains=[1, 2, 3, 4, 5, 6, 7, 9, 10, 11], featuresForDomains={1=[2, 3, 4, 5, 6, 9, 10, 11, 12, 13, 14, 15], 2=[2, 3, 4, 5, 6, 7, 9, 10, 11, 12, 13, 14, 15], 3=[2, 3, 4, 5, 6, 9, 10, 11, 12, 13, 14, 15], 4=[2, 3, 4, 5, 6, 7, 9, 10, 11, 12, 13, 14, 15], 5=[2, 3, 4, 5, 6, 9, 10, 11, 12, 13, 14, 15], 6=[2, 3, 4, 5, 6, 7, 9, 10, 11, 12, 13, 14, 15], 7=[2, 3, 4, 5, 6, 7, 9, 10, 11, 12, 13, 14, 15], 9=[2, 3, 4, 5, 6, 9, 10, 11, 12, 13, 14, 15], 10=[2, 3, 4, 5, 6, 7, 9, 10, 11, 12, 13, 14, 15], 11=[2, 3, 4, 5, 6, 7, 9, 10, 11, 12, 13, 14, 15]}, sizeBytes=146375000, zipfileParams=Optional.of(ZipfileParams{downloadUrl=https://dl.google.com/android/voice/soda/en-US/v9054/soda-en-US-v9054.zip, hashValueSha1=C33E458399C8EAA5D61A509487A0E8A4BEB385CB}), readOnlyParams=Optional.absent()}
01-12 15:10:56.149 30877 30911 I LegacyLPSourceImpl: Parsing legacy read-only LanguagePack metadata file: /data/user/0/com.google.android.googlequicksearchbox/app_g3_models/en-US/metadata
01-12 15:10:56.150 30877 30895 I crno    : MDD.refreshFileGroups(hotwordFileGroupPopulator)
01-12 15:10:56.153 30877 30903 E eimo    : Unrecognized recognizer for [en-AU, 9054]: 41. Ignoring it and its associated features.
01-12 15:10:56.154 30877 30903 E eimo    : Unrecognized recognizer for [en-GB, 9054]: 41. Ignoring it and its associated features.
01-12 15:10:56.154 30877 30903 E eimo    : Unrecognized recognizer for [en-IE, 9054]: 41. Ignoring it and its associated features.
01-12 15:10:56.155 30877 30903 E eimo    : Unrecognized recognizer for [en-SG, 9054]: 41. Ignoring it and its associated features.
01-12 15:10:56.157 30877 30917 E eimo    : Unrecognized recognizer for [en-AU, 9054]: 41. Ignoring it and its associated features.
01-12 15:10:56.158 30877 30917 E eimo    : Unrecognized recognizer for [en-GB, 9054]: 41. Ignoring it and its associated features.
01-12 15:10:56.158 30877 30917 E eimo    : Unrecognized recognizer for [en-IE, 9054]: 41. Ignoring it and its associated features.
01-12 15:10:56.158 30877 30917 E eimo    : Unrecognized recognizer for [en-SG, 9054]: 41. Ignoring it and its associated features.
01-12 15:10:56.159 30877 30895 I crna    : MDD.addFileGroup(hotword_en-US)
01-12 15:10:56.165 30877 30911 I LegacyLPSourceImpl: Parsing legacy read-only LanguagePack metadata file: /data/user/0/com.google.android.googlequicksearchbox/app_g3_models/en-US/metadata
01-12 15:10:56.170 30877 30902 I SystemLPSourceImpl: Parsed system partition LanguagePack metadata file: /product/usr/srec/en-US/metadata
01-12 15:10:56.171 30877 30895 I LegacyLPSourceImpl: Parsing legacy read-only LanguagePack metadata file: /data/user/0/com.google.android.googlequicksearchbox/app_g3_models/en-US/metadata
01-12 15:10:56.207 30877  4553 I crna    : MDD.addFileGroup(hotword_en-US) returned true
01-12 15:10:56.207 30877  4553 I crno    : MDD refresh completed.
01-12 15:10:56.207 30877 30904 I crno    : Trying to get last downloaded model for current locale.
01-12 15:10:56.207 30877 30904 I crno    : MDD.getFileGroup(hotword_en-US)
01-12 15:10:56.213 30877 30918 I ZipLPPopulator: Updated file group for group 'langpack-domain_en-US_9054_zipfile' from location: https://dl.google.com/android/voice/soda/en-US/v9054/soda-en-US-v9054.zip
01-12 15:10:56.213 30877 30918 I ZipLPPopulator: #addNewFileGroups complete
01-12 15:10:56.213 30877 30918 I eiod    : #getPendingPackages from MDD
01-12 15:10:56.213 30877 30918 I eiod    : #GetLanguagePackList
01-12 15:10:56.213 30877 30918 I eiod    : MDD.getFileGroupsByFilter(langpack-domain_xx-XX_ver_zipfile)
01-12 15:10:56.269 30262 30658 I BugleContacts: ContactsChangeSyncImpl::runContactsSyncInternal: Enqueued contacts
01-12 15:10:56.273  1510  1562 W ProcessStats: Tracking association SourceState{6f03e1a system/1000 ImpBg #127804} whose proc state 6 is better than process ProcessState{994f770 com.google.android.apps.messaging/10188 pkg=com.google.android.apps.messaging} proc state 14 (5 skipped)
01-12 15:10:56.277 30262 30345 W WM-WorkSpec: Backoff delay duration less than minimum value
01-12 15:10:56.284  1510  3998 I ActivityManager: Background started FGS: Allowed [callingPackage: com.google.android.apps.messaging; callingUid: 10188; uidState: BFGS; uidBFSL: [BFSL]; intent: Intent { xflg=0x4 cmp=com.google.android.apps.messaging/com.google.apps.tiktok.concurrent.InternalForegroundService (has extras) }; code:PROC_STATE_BFGS; tempAllowListReason:<null>; allowWiu:-1; targetSdkVersion:36; callerTargetSdkVersion:36; startForegroundCount:0; bindFromPackage:null: isBindService:false]
01-12 15:10:56.286 30262 30658 I BugleRecipientSync: Syncing 18 changed contacts with recipients
01-12 15:10:56.295 30262  4586 I ContactKeysLoaderHandle: processRegistrationParameters: processing 15 IdentityKeyInfos
01-12 15:10:56.297 30262  4583 D WM-GreedyScheduler: Ignoring {WorkSpec: b7a0081b-94f4-4e19-a7f7-fbd68144c68b}. Requires ContentUri triggers.
01-12 15:10:56.297 30262  4583 D WM-GreedyScheduler: Ignoring {WorkSpec: 7915f741-b98c-4e8f-b489-aa682e016410}. Requires device idle.
01-12 15:10:56.297 30262  4583 D WM-GreedyScheduler: Ignoring {WorkSpec: 8a9b9b4e-db62-454a-8d17-314ae3ec39d8}. Requires device idle.
01-12 15:10:56.297 30262  4583 D WM-GreedyScheduler: Ignoring {WorkSpec: 751f4d32-41fd-4036-9d24-8f071bf096ef}. Requires device idle.
01-12 15:10:56.297 30262  4583 D WM-GreedyScheduler: Starting work for 7b0acaf8-4b1f-4c6c-b0b4-9f4918225090
01-12 15:10:56.302 30262  4587 D WM-Processor: rye: processing WorkGenerationalId(workSpecId=7b0acaf8-4b1f-4c6c-b0b4-9f4918225090, generation=0)
01-12 15:10:56.305  1510  3998 W ActivityManager: Foreground service started from background can not have location/camera/microphone access: service com.google.android.apps.messaging/com.google.apps.tiktok.concurrent.InternalForegroundService
01-12 15:10:56.307  1510  3998 W ForegroundServiceTypeLoggerModule: Foreground service start for UID: 10188 does not have any types
01-12 15:10:56.308  1510  2195 D BackgroundInstallControlService: Package event received: 0
01-12 15:10:56.308 30262 30656 I BugleContacts: Number of deleted contacts: 0
01-12 15:10:56.318 30262  3076 D WM-GreedyScheduler: Ignoring {WorkSpec: b7a0081b-94f4-4e19-a7f7-fbd68144c68b}. Requires ContentUri triggers.
01-12 15:10:56.318 30262  3076 D WM-GreedyScheduler: Ignoring {WorkSpec: 7915f741-b98c-4e8f-b489-aa682e016410}. Requires device idle.
01-12 15:10:56.318 30262  3076 D WM-GreedyScheduler: Ignoring {WorkSpec: 8a9b9b4e-db62-454a-8d17-314ae3ec39d8}. Requires device idle.
01-12 15:10:56.318 30262  3076 D WM-GreedyScheduler: Ignoring {WorkSpec: 751f4d32-41fd-4036-9d24-8f071bf096ef}. Requires device idle.
01-12 15:10:56.318 30262  3076 D WM-GreedyScheduler: Starting work for 9f451a39-b9a3-4926-8824-0026de0b7e11
01-12 15:10:56.320 30262  4587 D MddListenableWorkerFactory: createWorker for class: com.google.android.apps.messaging.shared.datamodel.workqueue.WorkQueueWorkerShim
01-12 15:10:56.328  1510  3998 W ForegroundServiceTypeLoggerModule: FGS stop call for: 10188 has no types!
01-12 15:10:56.329  1510  2195 D BackgroundInstallControlService: Package event received: 0
01-12 15:10:56.346 30262 30262 D WM-WorkerWrapper: Starting work for com.google.android.apps.messaging.shared.datamodel.workqueue.WorkQueueWorkerShim
01-12 15:10:56.348 30262  4583 D WM-Processor: rye: processing WorkGenerationalId(workSpecId=9f451a39-b9a3-4926-8824-0026de0b7e11, generation=0)
01-12 15:10:56.365 30262  4583 W JobInfo : Requested important-while-foreground flag for job1246 is ignored and takes no effect
01-12 15:10:56.366 30262  4583 D WM-SystemJobScheduler: Scheduling work ID 158fd384-ff00-49ca-bdfc-a1f5b9ef23d7Job ID 1246
01-12 15:10:56.370 30262  4583 D WM-GreedyScheduler: Ignoring {WorkSpec: b7a0081b-94f4-4e19-a7f7-fbd68144c68b}. Requires ContentUri triggers.
01-12 15:10:56.370 30262  4583 D WM-GreedyScheduler: Ignoring {WorkSpec: 7915f741-b98c-4e8f-b489-aa682e016410}. Requires device idle.
01-12 15:10:56.370 30262  4583 D WM-GreedyScheduler: Ignoring {WorkSpec: 8a9b9b4e-db62-454a-8d17-314ae3ec39d8}. Requires device idle.
01-12 15:10:56.370 30262  4583 D WM-GreedyScheduler: Ignoring {WorkSpec: 751f4d32-41fd-4036-9d24-8f071bf096ef}. Requires device idle.
01-12 15:10:56.370 30262  4583 D WM-GreedyScheduler: Ignoring {WorkSpec: 158fd384-ff00-49ca-bdfc-a1f5b9ef23d7}. Requires ContentUri triggers.
01-12 15:10:56.373 30262  4587 D MddListenableWorkerFactory: createWorker for class: com.google.android.apps.messaging.shared.datamodel.workqueue.WorkQueueWorkerShim
01-12 15:10:56.376 30262 30262 D WM-WorkerWrapper: Starting work for com.google.android.apps.messaging.shared.datamodel.workqueue.WorkQueueWorkerShim
01-12 15:10:56.377 30262  4583 I WM-WorkerWrapper: Worker result SUCCESS for Work [ id=9a7ceb01-1e9e-45ec-8cd1-6ae645cc885c, tags={ com.google.apps.tiktok.contrib.work.TikTokListenableWorker,CONTACTS_CHANGE_OBSERVER,TikTokWorker#com.google.android.apps.messaging.shared.contacts.sync.incremental.ContactsChangeWorker } ]
01-12 15:10:56.379 30877  4553 I crna    : MDD.addFileGroup(hotword_en-US) returned true
01-12 15:10:56.379 30877  4553 I crno    : MDD refresh completed.
01-12 15:10:56.382 30877 30903 I crno    : Trying to get last downloaded model for current locale.
01-12 15:10:56.382 30877 30903 I crno    : MDD.getFileGroup(hotword_en-US)
01-12 15:10:56.385 30262 30262 D WM-Processor: rye 9a7ceb01-1e9e-45ec-8cd1-6ae645cc885c executed; reschedule = false
01-12 15:10:56.385 30262 30262 D WM-SystemJobService: 9a7ceb01-1e9e-45ec-8cd1-6ae645cc885c executed on JobScheduler
01-12 15:10:56.386 30877 30903 I DefaultLPManager: #getPackage
01-12 15:10:56.387 30877 30903 I ZipfileLPSourceImpl: #getPackage
01-12 15:10:56.387 30877 30903 I ZipLPPopulator: #addNewFileGroups
01-12 15:10:56.387 30877 30903 I eiod    : #getDownloadableLanguagePacks
01-12 15:10:56.388 30877 30901 I crno    : MDD get/download hotword_en-US returned successful.
01-12 15:10:56.388 30877 30901 I crno    : MDD returned hotwordModelSpec Optional.of(# efkc@59423582
01-12 15:10:56.388 30877 30901 I crno    : 2: 2)
01-12 15:10:56.392 30877 30903 I eiow    : Loaded languagepack (LP) flag value from latest config autogen_Batch9054global: [cmn-Hant-TW9046, de-AT9046, de-BE9046, de-CH9046, de-DE9046, en-AU9046, en-CA9046, en-GB9046, en-IE9046, en-IN9046, en-SG9046, en-US9046, es-ES9046, es-US9046, fr-BE9046, fr-CA9046, fr-CH9046, fr-FR9046, hi-IN9046, it-CH9046, it-IT9046, ja-JP9046, cmn-Hant-TW9053, de-AT9053, de-BE9053, de-CH9053, de-DE9053, en-AU9053, en-CA9053, en-GB9053, en-IE9053, en-IN9053, en-SG9053, en-US9053, es-ES9053, es-US9053, fr-BE9053, fr-CA9053, fr-CH9053, fr-FR9053, hi-IN9053, it-CH9053, it-IT9053, ja-JP9053, zh-Hant-TW9053, zh-TW9053, pt-BR3054, en-US9054, en-CA9054, en-AU9054, en-GB9054, en-IE9054, en-SG9054, cmn-Hant-TW9054, de-AT9054, de-BE9054, de-CH9054, de-DE9054, en-IN9054, es-ES9054, es-US9054, fr-BE9054, fr-CA9054, fr-CH9054, fr-FR9054, hi-IN9054, it-CH9054, it-IT9054, ja-JP9054, zh-Hant-TW9054, zh-TW9054]
01-12 15:10:56.396 30877 30903 E eimo    : Unrecognized recognizer for [en-CA, 9046]: 41. Ignoring it and its associated features.
01-12 15:10:56.396 30262  4587 I WM-WorkerWrapper: Worker result SUCCESS for Work [ id=9f451a39-b9a3-4926-8824-0026de0b7e11, tags={ com.google.android.apps.messaging.shared.datamodel.workqueue.WorkQueueWorkerShim,contact_keys_loader_handler- } ]
01-12 15:10:56.398 30262 30262 D WM-Processor: rye 9f451a39-b9a3-4926-8824-0026de0b7e11 executed; reschedule = false
01-12 15:10:56.403 30262  4583 D WM-GreedyScheduler: Cancelling work ID 9a7ceb01-1e9e-45ec-8cd1-6ae645cc885c
01-12 15:10:56.408 30262  4583 D WM-GreedyScheduler: Ignoring {WorkSpec: b7a0081b-94f4-4e19-a7f7-fbd68144c68b}. Requires ContentUri triggers.
01-12 15:10:56.408 30262  4583 D WM-GreedyScheduler: Ignoring {WorkSpec: 7915f741-b98c-4e8f-b489-aa682e016410}. Requires device idle.
